2026-04-08T20:37:53.661837Z  INFO tailwindcss_oxide::scanner: Provided sources:
2026-04-08T20:37:53.661914Z  INFO tailwindcss_oxide::scanner: Source: PublicSourceEntry { base: "C:\\Users\\admin\\Documents\\Payment Project\\v0-payment-gateway-dashboard", pattern: "**/*", negated: false }
2026-04-08T20:37:53.662048Z  INFO tailwindcss_oxide::scanner: Optimized sources:
2026-04-08T20:37:53.662061Z  INFO tailwindcss_oxide::scanner: Source: Auto { base: "C:\\Users\\admin\\Documents\\Payment Project\\v0-payment-gateway-dashboard" }
2026-04-08T20:37:53.663441Z  INFO discover_sources: tailwindcss_oxide::scanner: enter
2026-04-08T20:37:53.663595Z  INFO discover_sources:walk_synchronous: tailwindcss_oxide::scanner: enter
2026-04-08T20:37:53.682751Z  INFO discover_sources:walk_synchronous: tailwindcss_oxide::scanner: exit
2026-04-08T20:37:53.683549Z  INFO tailwindcss_oxide::scanner: Reading "C:\\Users\\admin\\Documents\\Payment Project\\v0-payment-gateway-dashboard\\app\\api\\merchant\\stores\\regenerate-key\\route.ts"
2026-04-08T20:37:53.683549Z  INFO tailwindcss_oxide::scanner: Reading "C:\\Users\\admin\\Documents\\Payment Project\\v0-payment-gateway-dashboard\\hooks\\use-toast.ts"
2026-04-08T20:37:53.683555Z  INFO tailwindcss_oxide::scanner: Reading "C:\\Users\\admin\\Documents\\Payment Project\\v0-payment-gateway-dashboard\\components\\ui\\sheet.tsx"
2026-04-08T20:37:53.683550Z  INFO tailwindcss_oxide::scanner: Reading "C:\\Users\\admin\\Documents\\Payment Project\\v0-payment-gateway-dashboard\\app\\api\\admin\\logs\\route.ts"
2026-04-08T20:37:53.683560Z  INFO tailwindcss_oxide::scanner: Reading "C:\\Users\\admin\\Documents\\Payment Project\\v0-payment-gateway-dashboard\\.env"
2026-04-08T20:37:53.683550Z  INFO tailwindcss_oxide::scanner: Reading "C:\\Users\\admin\\Documents\\Payment Project\\v0-payment-gateway-dashboard\\app\\domains\\page.tsx"
2026-04-08T20:37:53.683623Z  INFO tailwindcss_oxide::scanner: Reading "C:\\Users\\admin\\Documents\\Payment Project\\v0-payment-gateway-dashboard\\app\\api\\merchant\\dashboard-stats\\route.ts"
2026-04-08T20:37:53.683573Z  INFO tailwindcss_oxide::scanner: Reading "C:\\Users\\admin\\Documents\\Payment Project\\v0-payment-gateway-dashboard\\scripts\\004-system-logs.sql"
2026-04-08T20:37:53.683666Z  INFO tailwindcss_oxide::scanner: Reading "C:\\Users\\admin\\Documents\\Payment Project\\v0-payment-gateway-dashboard\\lib\\auth-config.ts"
2026-04-08T20:37:53.683701Z  INFO tailwindcss_oxide::scanner: Reading "C:\\Users\\admin\\Documents\\Payment Project\\v0-payment-gateway-dashboard\\components\\ui\\sidebar.tsx"
2026-04-08T20:37:53.683730Z  INFO tailwindcss_oxide::scanner: Reading "C:\\Users\\admin\\Documents\\Payment Project\\v0-payment-gateway-dashboard\\app\\api\\merchant\\logs\\route.ts"
2026-04-08T20:37:53.683731Z  INFO tailwindcss_oxide::scanner: Reading "C:\\Users\\admin\\Documents\\Payment Project\\v0-payment-gateway-dashboard\\app\\layout.tsx"
2026-04-08T20:37:53.683597Z  INFO tailwindcss_oxide::scanner: Reading "C:\\Users\\admin\\Documents\\Payment Project\\v0-payment-gateway-dashboard\\components\\ui\\dialog.tsx"
2026-04-08T20:37:53.683746Z  INFO tailwindcss_oxide::scanner: Reading "C:\\Users\\admin\\Documents\\Payment Project\\v0-payment-gateway-dashboard\\scripts\\005-add-proxy-url.sql"
2026-04-08T20:37:53.683764Z  INFO tailwindcss_oxide::scanner: Reading "C:\\Users\\admin\\Documents\\Payment Project\\v0-payment-gateway-dashboard\\app\\api\\admin\\sessions\\route.ts"
2026-04-08T20:37:53.683667Z  INFO tailwindcss_oxide::scanner: Reading "C:\\Users\\admin\\Documents\\Payment Project\\v0-payment-gateway-dashboard\\app\\api\\merchant\\stores\\route.ts"
2026-04-08T20:37:53.683554Z  INFO tailwindcss_oxide::scanner: Reading "C:\\Users\\admin\\Documents\\Payment Project\\v0-payment-gateway-dashboard\\app\\api\\gateway\\checkout\\route.ts"
2026-04-08T20:37:53.683702Z  INFO tailwindcss_oxide::scanner: Reading "C:\\Users\\admin\\Documents\\Payment Project\\v0-payment-gateway-dashboard\\app\\api\\admin\\tenants\\route.ts"
2026-04-08T20:37:53.683835Z  INFO tailwindcss_oxide::scanner: Reading "C:\\Users\\admin\\Documents\\Payment Project\\v0-payment-gateway-dashboard\\app\\login\\page.tsx"
2026-04-08T20:37:53.683747Z  INFO tailwindcss_oxide::scanner: Reading "C:\\Users\\admin\\Documents\\Payment Project\\v0-payment-gateway-dashboard\\components\\ui\\kbd.tsx"
2026-04-08T20:37:53.683742Z  INFO tailwindcss_oxide::scanner: Reading "C:\\Users\\admin\\Documents\\Payment Project\\v0-payment-gateway-dashboard\\app\\accounts\\page.tsx"
2026-04-08T20:37:53.683809Z  INFO tailwindcss_oxide::scanner: Reading "C:\\Users\\admin\\Documents\\Payment Project\\v0-payment-gateway-dashboard\\app\\api\\merchant\\rotation-settings\\route.ts"
2026-04-08T20:37:53.683955Z  INFO tailwindcss_oxide::scanner: Reading "C:\\Users\\admin\\Documents\\Payment Project\\v0-payment-gateway-dashboard\\components\\ui\\dropdown-menu.tsx"
2026-04-08T20:37:53.683752Z  INFO tailwindcss_oxide::scanner: Reading "C:\\Users\\admin\\Documents\\Payment Project\\v0-payment-gateway-dashboard\\lib\\behavioral-randomization.ts"
2026-04-08T20:37:53.683992Z  INFO tailwindcss_oxide::scanner: Reading "C:\\Users\\admin\\Documents\\Payment Project\\v0-payment-gateway-dashboard\\app\\logs\\page.tsx"
2026-04-08T20:37:53.684005Z  INFO tailwindcss_oxide::scanner: Reading "C:\\Users\\admin\\Documents\\Payment Project\\v0-payment-gateway-dashboard\\components\\ui\\label.tsx"
2026-04-08T20:37:53.683850Z  INFO tailwindcss_oxide::scanner: Reading "C:\\Users\\admin\\Documents\\Payment Project\\v0-payment-gateway-dashboard\\components\\ui\\skeleton.tsx"
2026-04-08T20:37:53.684034Z  INFO tailwindcss_oxide::scanner: Reading "C:\\Users\\admin\\Documents\\Payment Project\\v0-payment-gateway-dashboard\\app\\api\\admin\\settings\\test-telegram\\route.ts"
2026-04-08T20:37:53.684049Z  INFO tailwindcss_oxide::scanner: Reading "C:\\Users\\admin\\Documents\\Payment Project\\v0-payment-gateway-dashboard\\lib\\checkout-flow.ts"
2026-04-08T20:37:53.684039Z  INFO tailwindcss_oxide::scanner: Reading "C:\\Users\\admin\\Documents\\Payment Project\\v0-payment-gateway-dashboard\\components\\ui\\empty.tsx"
2026-04-08T20:37:53.683921Z  INFO tailwindcss_oxide::scanner: Reading "C:\\Users\\admin\\Documents\\Payment Project\\v0-payment-gateway-dashboard\\app\\api\\auth\\change-email\\route.ts"
2026-04-08T20:37:53.684006Z  INFO tailwindcss_oxide::scanner: Reading "C:\\Users\\admin\\Documents\\Payment Project\\v0-payment-gateway-dashboard\\components\\dashboard\\rotation-logic.tsx"
2026-04-08T20:37:53.684022Z  INFO tailwindcss_oxide::scanner: Reading "C:\\Users\\admin\\Documents\\Payment Project\\v0-payment-gateway-dashboard\\app\\admin\\domains\\page.tsx"
2026-04-08T20:37:53.684045Z  INFO tailwindcss_oxide::scanner: Reading "C:\\Users\\admin\\Documents\\Payment Project\\v0-payment-gateway-dashboard\\app\\api\\merchant\\shield-domains\\route.ts"
2026-04-08T20:37:53.684111Z  INFO tailwindcss_oxide::scanner: Reading "C:\\Users\\admin\\Documents\\Payment Project\\v0-payment-gateway-dashboard\\components\\ui\\menubar.tsx"
2026-04-08T20:37:53.684109Z  INFO tailwindcss_oxide::scanner: Reading "C:\\Users\\admin\\Documents\\Payment Project\\v0-payment-gateway-dashboard\\components\\ui\\slider.tsx"
2026-04-08T20:37:53.683926Z  INFO tailwindcss_oxide::scanner: Reading "C:\\Users\\admin\\Documents\\Payment Project\\v0-payment-gateway-dashboard\\app\\api\\merchant\\accounts\\route.ts"
2026-04-08T20:37:53.684122Z  INFO tailwindcss_oxide::scanner: Reading "C:\\Users\\admin\\Documents\\Payment Project\\v0-payment-gateway-dashboard\\app\\stores\\page.tsx"
2026-04-08T20:37:53.683851Z  INFO tailwindcss_oxide::scanner: Reading "C:\\Users\\admin\\Documents\\Payment Project\\v0-payment-gateway-dashboard\\scripts\\006-warmup-ramp.sql"
2026-04-08T20:37:53.684142Z  INFO tailwindcss_oxide::scanner: Reading "C:\\Users\\admin\\Documents\\Payment Project\\v0-payment-gateway-dashboard\\app\\api\\merchant\\stores\\capture-mode\\route.ts"
2026-04-08T20:37:53.683864Z  INFO tailwindcss_oxide::scanner: Reading "C:\\Users\\admin\\Documents\\Payment Project\\v0-payment-gateway-dashboard\\components\\ui\\form.tsx"
2026-04-08T20:37:53.683843Z  INFO tailwindcss_oxide::scanner: Reading "C:\\Users\\admin\\Documents\\Payment Project\\v0-payment-gateway-dashboard\\components\\ui\\drawer.tsx"
2026-04-08T20:37:53.684120Z  INFO tailwindcss_oxide::scanner: Reading "C:\\Users\\admin\\Documents\\Payment Project\\v0-payment-gateway-dashboard\\app\\api\\admin\\shield-domains\\route.ts"
2026-04-08T20:37:53.684069Z  INFO tailwindcss_oxide::scanner: Reading "C:\\Users\\admin\\Documents\\Payment Project\\v0-payment-gateway-dashboard\\app\\order\\cancel\\page.tsx"
2026-04-08T20:37:53.684231Z  INFO tailwindcss_oxide::scanner: Reading "C:\\Users\\admin\\Documents\\Payment Project\\v0-payment-gateway-dashboard\\components\\ui\\badge.tsx"
2026-04-08T20:37:53.684124Z  INFO tailwindcss_oxide::scanner: Reading "C:\\Users\\admin\\Documents\\Payment Project\\v0-payment-gateway-dashboard\\lib\\email.ts"
2026-04-08T20:37:53.683892Z  INFO tailwindcss_oxide::scanner: Reading "C:\\Users\\admin\\Documents\\Payment Project\\v0-payment-gateway-dashboard\\app\\api\\merchant\\stores\\[id]\\route.ts"
2026-04-08T20:37:53.684169Z  INFO tailwindcss_oxide::scanner: Reading "C:\\Users\\admin\\Documents\\Payment Project\\v0-payment-gateway-dashboard\\components\\dashboard\\shield-domains.tsx"
2026-04-08T20:37:53.684180Z  INFO tailwindcss_oxide::scanner: Reading "C:\\Users\\admin\\Documents\\Payment Project\\v0-payment-gateway-dashboard\\app\\analytics\\page.tsx"
2026-04-08T20:37:53.684284Z  INFO tailwindcss_oxide::scanner: Reading "C:\\Users\\admin\\Documents\\Payment Project\\v0-payment-gateway-dashboard\\components\\ui\\alert.tsx"
2026-04-08T20:37:53.684183Z  INFO tailwindcss_oxide::scanner: Reading "C:\\Users\\admin\\Documents\\Payment Project\\v0-payment-gateway-dashboard\\app\\api\\merchant\\stores\\checkout-flow\\route.ts"
2026-04-08T20:37:53.684138Z  INFO tailwindcss_oxide::scanner: Reading "C:\\Users\\admin\\Documents\\Payment Project\\v0-payment-gateway-dashboard\\components\\ui\\field.tsx"
2026-04-08T20:37:53.684197Z  INFO tailwindcss_oxide::scanner: Reading "C:\\Users\\admin\\Documents\\Payment Project\\v0-payment-gateway-dashboard\\components\\ui\\navigation-menu.tsx"
2026-04-08T20:37:53.684330Z  INFO tailwindcss_oxide::scanner: Reading "C:\\Users\\admin\\Documents\\Payment Project\\v0-payment-gateway-dashboard\\lib\\encryption.ts"
2026-04-08T20:37:53.684337Z  INFO tailwindcss_oxide::scanner: Reading "C:\\Users\\admin\\Documents\\Payment Project\\v0-payment-gateway-dashboard\\app\\api\\merchant\\telegram\\route.ts"
2026-04-08T20:37:53.684215Z  INFO tailwindcss_oxide::scanner: Reading "C:\\Users\\admin\\Documents\\Payment Project\\v0-payment-gateway-dashboard\\app\\super-admin\\domains\\page.tsx"
2026-04-08T20:37:53.684353Z  INFO tailwindcss_oxide::scanner: Reading "C:\\Users\\admin\\Documents\\Payment Project\\v0-payment-gateway-dashboard\\app\\api\\admin\\audit\\route.ts"
2026-04-08T20:37:53.684218Z  INFO tailwindcss_oxide::scanner: Reading "C:\\Users\\admin\\Documents\\Payment Project\\v0-payment-gateway-dashboard\\scripts\\007-manual-capture.sql"
2026-04-08T20:37:53.684218Z  INFO tailwindcss_oxide::scanner: Reading "C:\\Users\\admin\\Documents\\Payment Project\\v0-payment-gateway-dashboard\\app\\api\\merchant\\accounts\\sync\\route.ts"
2026-04-08T20:37:53.684378Z  INFO tailwindcss_oxide::scanner: Reading "C:\\Users\\admin\\Documents\\Payment Project\\v0-payment-gateway-dashboard\\app\\api\\merchant\\accounts\\[id]\\route.ts"
2026-04-08T20:37:53.684142Z  INFO tailwindcss_oxide::scanner: Reading "C:\\Users\\admin\\Documents\\Payment Project\\v0-payment-gateway-dashboard\\app\\api\\auth\\change-password\\route.ts"
2026-04-08T20:37:53.684245Z  INFO tailwindcss_oxide::scanner: Reading "C:\\Users\\admin\\Documents\\Payment Project\\v0-payment-gateway-dashboard\\components\\ui\\hover-card.tsx"
2026-04-08T20:37:53.684413Z  INFO tailwindcss_oxide::scanner: Reading "C:\\Users\\admin\\Documents\\Payment Project\\v0-payment-gateway-dashboard\\app\\api\\merchant\\telegram\\test\\route.ts"
2026-04-08T20:37:53.684415Z  INFO tailwindcss_oxide::scanner: Reading "C:\\Users\\admin\\Documents\\Payment Project\\v0-payment-gateway-dashboard\\lib\\masking.ts"
2026-04-08T20:37:53.684427Z  INFO tailwindcss_oxide::scanner: Reading "C:\\Users\\admin\\Documents\\Payment Project\\v0-payment-gateway-dashboard\\app\\api\\admin\\control\\clear-fraud\\route.ts"
2026-04-08T20:37:53.684283Z  INFO tailwindcss_oxide::scanner: Reading "C:\\Users\\admin\\Documents\\Payment Project\\v0-payment-gateway-dashboard\\components\\theme-provider.tsx"
2026-04-08T20:37:53.684290Z  INFO tailwindcss_oxide::scanner: Reading "C:\\Users\\admin\\Documents\\Payment Project\\v0-payment-gateway-dashboard\\app\\api\\admin\\stats\\route.ts"
2026-04-08T20:37:53.684464Z  INFO tailwindcss_oxide::scanner: Reading "C:\\Users\\admin\\Documents\\Payment Project\\v0-payment-gateway-dashboard\\app\\api\\auth\\[...nextauth]\\route.ts"
2026-04-08T20:37:53.684310Z  INFO tailwindcss_oxide::scanner: Reading "C:\\Users\\admin\\Documents\\Payment Project\\v0-payment-gateway-dashboard\\components\\ui\\breadcrumb.tsx"
2026-04-08T20:37:53.684310Z  INFO tailwindcss_oxide::scanner: Reading "C:\\Users\\admin\\Documents\\Payment Project\\v0-payment-gateway-dashboard\\components\\ui\\progress.tsx"
2026-04-08T20:37:53.683864Z  INFO tailwindcss_oxide::scanner: Reading "C:\\Users\\admin\\Documents\\Payment Project\\v0-payment-gateway-dashboard\\app\\api\\admin\\settings\\route.ts"
2026-04-08T20:37:53.684505Z  INFO tailwindcss_oxide::scanner: Reading "C:\\Users\\admin\\Documents\\Payment Project\\v0-payment-gateway-dashboard\\lib\\merchant-rotation.ts"
2026-04-08T20:37:53.684331Z  INFO tailwindcss_oxide::scanner: Reading "C:\\Users\\admin\\Documents\\Payment Project\\v0-payment-gateway-dashboard\\app\\order\\result-client.tsx"
2026-04-08T20:37:53.684454Z  INFO tailwindcss_oxide::scanner: Reading "C:\\Users\\admin\\Documents\\Payment Project\\v0-payment-gateway-dashboard\\app\\api\\merchant\\analytics\\route.ts"
2026-04-08T20:37:53.684365Z  INFO tailwindcss_oxide::scanner: Reading "C:\\Users\\admin\\Documents\\Payment Project\\v0-payment-gateway-dashboard\\components\\ui\\aspect-ratio.tsx"
2026-04-08T20:37:53.684545Z  INFO tailwindcss_oxide::scanner: Reading "C:\\Users\\admin\\Documents\\Payment Project\\v0-payment-gateway-dashboard\\app\\api\\cron\\reset-volume\\route.ts"
2026-04-08T20:37:53.684484Z  INFO tailwindcss_oxide::scanner: Reading "C:\\Users\\admin\\Documents\\Payment Project\\v0-payment-gateway-dashboard\\components\\ui\\input-group.tsx"
2026-04-08T20:37:53.684560Z  INFO tailwindcss_oxide::scanner: Reading "C:\\Users\\admin\\Documents\\Payment Project\\v0-payment-gateway-dashboard\\components\\ui\\radio-group.tsx"
2026-04-08T20:37:53.684521Z  INFO tailwindcss_oxide::scanner: Reading "C:\\Users\\admin\\Documents\\Payment Project\\v0-payment-gateway-dashboard\\components\\ui\\accordion.tsx"
2026-04-08T20:37:53.684462Z  INFO tailwindcss_oxide::scanner: Reading "C:\\Users\\admin\\Documents\\Payment Project\\v0-payment-gateway-dashboard\\app\\api\\admin\\control\\rotate-domains\\route.ts"
2026-04-08T20:37:53.684457Z  INFO tailwindcss_oxide::scanner: Reading "C:\\Users\\admin\\Documents\\Payment Project\\v0-payment-gateway-dashboard\\app\\super-admin\\page.tsx"
2026-04-08T20:37:53.684598Z  INFO tailwindcss_oxide::scanner: Reading "C:\\Users\\admin\\Documents\\Payment Project\\v0-payment-gateway-dashboard\\app\\order\\success\\page.tsx"
2026-04-08T20:37:53.684404Z  INFO tailwindcss_oxide::scanner: Reading "C:\\Users\\admin\\Documents\\Payment Project\\v0-payment-gateway-dashboard\\components\\ui\\pagination.tsx"
2026-04-08T20:37:53.684624Z  INFO tailwindcss_oxide::scanner: Reading "C:\\Users\\admin\\Documents\\Payment Project\\v0-payment-gateway-dashboard\\app\\api\\gateway\\capture\\route.ts"
2026-04-08T20:37:53.684605Z  INFO tailwindcss_oxide::scanner: Reading "C:\\Users\\admin\\Documents\\Payment Project\\v0-payment-gateway-dashboard\\app\\api\\merchant\\transactions\\capture\\route.ts"
2026-04-08T20:37:53.684445Z  INFO tailwindcss_oxide::scanner: Reading "C:\\Users\\admin\\Documents\\Payment Project\\v0-payment-gateway-dashboard\\scripts\\008-admin-overhaul.sql"
2026-04-08T20:37:53.684403Z  INFO tailwindcss_oxide::scanner: Reading "C:\\Users\\admin\\Documents\\Payment Project\\v0-payment-gateway-dashboard\\components\\ui\\scroll-area.tsx"
2026-04-08T20:37:53.684341Z  INFO tailwindcss_oxide::scanner: Reading "C:\\Users\\admin\\Documents\\Payment Project\\v0-payment-gateway-dashboard\\components\\dashboard\\transaction-feed.tsx"
2026-04-08T20:37:53.684699Z  INFO tailwindcss_oxide::scanner: Reading "C:\\Users\\admin\\Documents\\Payment Project\\v0-payment-gateway-dashboard\\app\\super-admin\\tenants\\page.tsx"
2026-04-08T20:37:53.684189Z  INFO tailwindcss_oxide::scanner: Reading "C:\\Users\\admin\\Documents\\Payment Project\\v0-payment-gateway-dashboard\\components\\ui\\sonner.tsx"
2026-04-08T20:37:53.684636Z  INFO tailwindcss_oxide::scanner: Reading "C:\\Users\\admin\\Documents\\Payment Project\\v0-payment-gateway-dashboard\\components\\ui\\resizable.tsx"
2026-04-08T20:37:53.684720Z  INFO tailwindcss_oxide::scanner: Reading "C:\\Users\\admin\\Documents\\Payment Project\\v0-payment-gateway-dashboard\\app\\terms\\page.tsx"
2026-04-08T20:37:53.684531Z  INFO tailwindcss_oxide::scanner: Reading "C:\\Users\\admin\\Documents\\Payment Project\\v0-payment-gateway-dashboard\\components\\ui\\select.tsx"
2026-04-08T20:37:53.684484Z  INFO tailwindcss_oxide::scanner: Reading "C:\\Users\\admin\\Documents\\Payment Project\\v0-payment-gateway-dashboard\\app\\api\\merchant\\test-connection\\route.ts"
2026-04-08T20:37:53.684548Z  INFO tailwindcss_oxide::scanner: Reading "C:\\Users\\admin\\Documents\\Payment Project\\v0-payment-gateway-dashboard\\components\\ui\\button-group.tsx"
2026-04-08T20:37:53.684609Z  INFO tailwindcss_oxide::scanner: Reading "C:\\Users\\admin\\Documents\\Payment Project\\v0-payment-gateway-dashboard\\components\\ui\\avatar.tsx"
2026-04-08T20:37:53.684500Z  INFO tailwindcss_oxide::scanner: Reading "C:\\Users\\admin\\Documents\\Payment Project\\v0-payment-gateway-dashboard\\app\\api\\admin\\control\\flush-ipn\\route.ts"
2026-04-08T20:37:53.684578Z  INFO tailwindcss_oxide::scanner: Reading "C:\\Users\\admin\\Documents\\Payment Project\\v0-payment-gateway-dashboard\\components\\auth\\session-provider.tsx"
2026-04-08T20:37:53.684788Z  INFO tailwindcss_oxide::scanner: Reading "C:\\Users\\admin\\Documents\\Payment Project\\v0-payment-gateway-dashboard\\app\\transactions\\page.tsx"
2026-04-08T20:37:53.684589Z  INFO tailwindcss_oxide::scanner: Reading "C:\\Users\\admin\\Documents\\Payment Project\\v0-payment-gateway-dashboard\\lib\\neon.ts"
2026-04-08T20:37:53.684656Z  INFO tailwindcss_oxide::scanner: Reading "C:\\Users\\admin\\Documents\\Payment Project\\v0-payment-gateway-dashboard\\app\\api\\admin\\gateway-controls\\route.ts"
2026-04-08T20:37:53.684663Z  INFO tailwindcss_oxide::scanner: Reading "C:\\Users\\admin\\Documents\\Payment Project\\v0-payment-gateway-dashboard\\components\\ui\\input-otp.tsx"
2026-04-08T20:37:53.684695Z  INFO tailwindcss_oxide::scanner: Reading "C:\\Users\\admin\\Documents\\Payment Project\\v0-payment-gateway-dashboard\\components\\ui\\popover.tsx"
2026-04-08T20:37:53.684853Z  INFO tailwindcss_oxide::scanner: Reading "C:\\Users\\admin\\Documents\\Payment Project\\v0-payment-gateway-dashboard\\app\\api\\admin\\control\\reset-counters\\route.ts"
2026-04-08T20:37:53.684702Z  INFO tailwindcss_oxide::scanner: Reading "C:\\Users\\admin\\Documents\\Payment Project\\v0-payment-gateway-dashboard\\app\\page.tsx"
2026-04-08T20:37:53.684723Z  INFO tailwindcss_oxide::scanner: Reading "C:\\Users\\admin\\Documents\\Payment Project\\v0-payment-gateway-dashboard\\scripts\\009-system-settings.sql"
2026-04-08T20:37:53.684729Z  INFO tailwindcss_oxide::scanner: Reading "C:\\Users\\admin\\Documents\\Payment Project\\v0-payment-gateway-dashboard\\app\\api\\webhook\\paypal\\route.ts"
2026-04-08T20:37:53.684786Z  INFO tailwindcss_oxide::scanner: Reading "C:\\Users\\admin\\Documents\\Payment Project\\v0-payment-gateway-dashboard\\components\\ui\\spinner.tsx"
2026-04-08T20:37:53.684649Z  INFO tailwindcss_oxide::scanner: Reading "C:\\Users\\admin\\Documents\\Payment Project\\v0-payment-gateway-dashboard\\components\\ui\\alert-dialog.tsx"
2026-04-08T20:37:53.684797Z  INFO tailwindcss_oxide::scanner: Reading "C:\\Users\\admin\\Documents\\Payment Project\\v0-payment-gateway-dashboard\\app\\api\\admin\\gateway-key\\route.ts"
2026-04-08T20:37:53.684954Z  INFO tailwindcss_oxide::scanner: Reading "C:\\Users\\admin\\Documents\\Payment Project\\v0-payment-gateway-dashboard\\components\\ui\\input.tsx"
2026-04-08T20:37:53.684957Z  INFO tailwindcss_oxide::scanner: Reading "C:\\Users\\admin\\Documents\\Payment Project\\v0-payment-gateway-dashboard\\components\\dashboard\\live-feed.tsx"
2026-04-08T20:37:53.684967Z  INFO tailwindcss_oxide::scanner: Reading "C:\\Users\\admin\\Documents\\Payment Project\\v0-payment-gateway-dashboard\\components\\dashboard\\merchant-accounts.tsx"
2026-04-08T20:37:53.684976Z  INFO tailwindcss_oxide::scanner: Reading "C:\\Users\\admin\\Documents\\Payment Project\\v0-payment-gateway-dashboard\\components\\dashboard\\global-metrics.tsx"
2026-04-08T20:37:53.684825Z  INFO tailwindcss_oxide::scanner: Reading "C:\\Users\\admin\\Documents\\Payment Project\\v0-payment-gateway-dashboard\\components\\ui\\button.tsx"
2026-04-08T20:37:53.684823Z  INFO tailwindcss_oxide::scanner: Reading "C:\\Users\\admin\\Documents\\Payment Project\\v0-payment-gateway-dashboard\\app\\privacy\\page.tsx"
2026-04-08T20:37:53.685027Z  INFO tailwindcss_oxide::scanner: Reading "C:\\Users\\admin\\Documents\\Payment Project\\v0-payment-gateway-dashboard\\components\\ui\\collapsible.tsx"
2026-04-08T20:37:53.685030Z  INFO tailwindcss_oxide::scanner: Reading "C:\\Users\\admin\\Documents\\Payment Project\\v0-payment-gateway-dashboard\\components\\ui\\carousel.tsx"
2026-04-08T20:37:53.684848Z  INFO tailwindcss_oxide::scanner: Reading "C:\\Users\\admin\\Documents\\Payment Project\\v0-payment-gateway-dashboard\\components\\nav\\notification-bell.tsx"
2026-04-08T20:37:53.685056Z  INFO tailwindcss_oxide::scanner: Reading "C:\\Users\\admin\\Documents\\Payment Project\\v0-payment-gateway-dashboard\\components\\ui\\chart.tsx"
2026-04-08T20:37:53.685074Z  INFO tailwindcss_oxide::scanner: Reading "C:\\Users\\admin\\Documents\\Payment Project\\v0-payment-gateway-dashboard\\components\\ui\\card.tsx"
2026-04-08T20:37:53.685069Z  INFO tailwindcss_oxide::scanner: Reading "C:\\Users\\admin\\Documents\\Payment Project\\v0-payment-gateway-dashboard\\components\\ui\\calendar.tsx"
2026-04-08T20:37:53.684892Z  INFO tailwindcss_oxide::scanner: Reading "C:\\Users\\admin\\Documents\\Payment Project\\v0-payment-gateway-dashboard\\lib\\paypal.ts"
2026-04-08T20:37:53.684869Z  INFO tailwindcss_oxide::scanner: Reading "C:\\Users\\admin\\Documents\\Payment Project\\v0-payment-gateway-dashboard\\components\\dashboard\\connected-stores.tsx"
2026-04-08T20:37:53.685109Z  INFO tailwindcss_oxide::scanner: Reading "C:\\Users\\admin\\Documents\\Payment Project\\v0-payment-gateway-dashboard\\components\\ui\\command.tsx"
2026-04-08T20:37:53.685116Z  INFO tailwindcss_oxide::scanner: Reading "C:\\Users\\admin\\Documents\\Payment Project\\v0-payment-gateway-dashboard\\reflog.txt"
2026-04-08T20:37:53.685121Z  INFO tailwindcss_oxide::scanner: Reading "C:\\Users\\admin\\Documents\\Payment Project\\v0-payment-gateway-dashboard\\components\\nav\\top-bar.tsx"
2026-04-08T20:37:53.685130Z  INFO tailwindcss_oxide::scanner: Reading "C:\\Users\\admin\\Documents\\Payment Project\\v0-payment-gateway-dashboard\\components\\ui\\checkbox.tsx"
2026-04-08T20:37:53.684903Z  INFO tailwindcss_oxide::scanner: Reading "C:\\Users\\admin\\Documents\\Payment Project\\v0-payment-gateway-dashboard\\scripts\\016-rotation-strategy.sql"
2026-04-08T20:37:53.684808Z  INFO tailwindcss_oxide::scanner: Reading "C:\\Users\\admin\\Documents\\Payment Project\\v0-payment-gateway-dashboard\\components\\domains\\shield-domains-manager.tsx"
2026-04-08T20:37:53.685166Z  INFO tailwindcss_oxide::scanner: Reading "C:\\Users\\admin\\Documents\\Payment Project\\v0-payment-gateway-dashboard\\proxy.ts"
2026-04-08T20:37:53.684971Z  INFO tailwindcss_oxide::scanner: Reading "C:\\Users\\admin\\Documents\\Payment Project\\v0-payment-gateway-dashboard\\scripts\\010-system-logs-columns.sql"
2026-04-08T20:37:53.685205Z  INFO tailwindcss_oxide::scanner: Reading "C:\\Users\\admin\\Documents\\Payment Project\\v0-payment-gateway-dashboard\\README.md"
2026-04-08T20:37:53.684804Z  INFO tailwindcss_oxide::scanner: Reading "C:\\Users\\admin\\Documents\\Payment Project\\v0-payment-gateway-dashboard\\components\\dashboard\\header.tsx"
2026-04-08T20:37:53.685236Z  INFO tailwindcss_oxide::scanner: Reading "C:\\Users\\admin\\Documents\\Payment Project\\v0-payment-gateway-dashboard\\scripts\\003-add-webhook-id.sql"
2026-04-08T20:37:53.685207Z  INFO tailwindcss_oxide::scanner: Reading "C:\\Users\\admin\\Documents\\Payment Project\\v0-payment-gateway-dashboard\\scripts\\013-merchant-masking.sql"
2026-04-08T20:37:53.685246Z  INFO tailwindcss_oxide::scanner: Reading "C:\\Users\\admin\\Documents\\Payment Project\\v0-payment-gateway-dashboard\\components.json"
2026-04-08T20:37:53.684915Z  INFO tailwindcss_oxide::scanner: Reading "C:\\Users\\admin\\Documents\\Payment Project\\v0-payment-gateway-dashboard\\app\\settings\\page.tsx"
2026-04-08T20:37:53.685181Z  INFO tailwindcss_oxide::scanner: Reading "C:\\Users\\admin\\Documents\\Payment Project\\v0-payment-gateway-dashboard\\lib\\shield-domain-service.ts"
2026-04-08T20:37:53.685193Z  INFO tailwindcss_oxide::scanner: Reading "C:\\Users\\admin\\Documents\\Payment Project\\v0-payment-gateway-dashboard\\components\\ui\\context-menu.tsx"
2026-04-08T20:37:53.685282Z  INFO tailwindcss_oxide::scanner: Reading "C:\\Users\\admin\\Documents\\Payment Project\\v0-payment-gateway-dashboard\\scripts\\011-token-blacklist.sql"
2026-04-08T20:37:53.685225Z  INFO tailwindcss_oxide::scanner: Reading "C:\\Users\\admin\\Documents\\Payment Project\\v0-payment-gateway-dashboard\\scripts\\017-capture-mode.sql"
2026-04-08T20:37:53.685189Z  INFO tailwindcss_oxide::scanner: Reading "C:\\Users\\admin\\Documents\\Payment Project\\v0-payment-gateway-dashboard\\scripts\\002-schema-init.sql"
2026-04-08T20:37:53.684982Z  INFO tailwindcss_oxide::scanner: Reading "C:\\Users\\admin\\Documents\\Payment Project\\v0-payment-gateway-dashboard\\components\\ui\\switch.tsx"
2026-04-08T20:37:53.684823Z  INFO tailwindcss_oxide::scanner: Reading "C:\\Users\\admin\\Documents\\Payment Project\\v0-payment-gateway-dashboard\\components\\ui\\separator.tsx"
2026-04-08T20:37:53.685330Z  INFO tailwindcss_oxide::scanner: Reading "C:\\Users\\admin\\Documents\\Payment Project\\v0-payment-gateway-dashboard\\docs\\USER_MANUAL_BILINGUAL.md"
2026-04-08T20:37:53.685078Z  INFO tailwindcss_oxide::scanner: Reading "C:\\Users\\admin\\Documents\\Payment Project\\v0-payment-gateway-dashboard\\lib\\telegram.ts"
2026-04-08T20:37:53.685348Z  INFO tailwindcss_oxide::scanner: Reading "C:\\Users\\admin\\Documents\\Payment Project\\v0-payment-gateway-dashboard\\eslint.config.mjs"
2026-04-08T20:37:53.684822Z  INFO tailwindcss_oxide::scanner: Reading "C:\\Users\\admin\\Documents\\Payment Project\\v0-payment-gateway-dashboard\\app\\request-access\\page.tsx"
2026-04-08T20:37:53.685358Z  INFO tailwindcss_oxide::scanner: Reading "C:\\Users\\admin\\Documents\\Payment Project\\v0-payment-gateway-dashboard\\scripts\\015-email-change-codes.sql"
2026-04-08T20:37:53.685032Z  INFO tailwindcss_oxide::scanner: Reading "C:\\Users\\admin\\Documents\\Payment Project\\v0-payment-gateway-dashboard\\components\\ui\\item.tsx"
2026-04-08T20:37:53.685098Z  INFO tailwindcss_oxide::scanner: Reading "C:\\Users\\admin\\Documents\\Payment Project\\v0-payment-gateway-dashboard\\prisma\\schema.prisma"
2026-04-08T20:37:53.685202Z  INFO tailwindcss_oxide::scanner: Reading "C:\\Users\\admin\\Documents\\Payment Project\\v0-payment-gateway-dashboard\\components\\ui\\toaster.tsx"
2026-04-08T20:37:53.685179Z  INFO tailwindcss_oxide::scanner: Reading "C:\\Users\\admin\\Documents\\Payment Project\\v0-payment-gateway-dashboard\\scripts\\restore.py"
2026-04-08T20:37:53.685308Z  INFO tailwindcss_oxide::scanner: Reading "C:\\Users\\admin\\Documents\\Payment Project\\v0-payment-gateway-dashboard\\components\\ui\\tabs.tsx"
2026-04-08T20:37:53.685424Z  INFO tailwindcss_oxide::scanner: Reading "C:\\Users\\admin\\Documents\\Payment Project\\v0-payment-gateway-dashboard\\scripts\\encrypt-secrets.mjs"
2026-04-08T20:37:53.685464Z  INFO tailwindcss_oxide::scanner: Reading "C:\\Users\\admin\\Documents\\Payment Project\\v0-payment-gateway-dashboard\\app\\dashboard\\page.tsx"
2026-04-08T20:37:53.685316Z  INFO tailwindcss_oxide::scanner: Reading "C:\\Users\\admin\\Documents\\Payment Project\\v0-payment-gateway-dashboard\\next.config.mjs"
2026-04-08T20:37:53.685342Z  INFO tailwindcss_oxide::scanner: Reading "C:\\Users\\admin\\Documents\\Payment Project\\v0-payment-gateway-dashboard\\components\\ui\\table.tsx"
2026-04-08T20:37:53.685491Z  INFO tailwindcss_oxide::scanner: Reading "C:\\Users\\admin\\Documents\\Payment Project\\v0-payment-gateway-dashboard\\scripts\\seed-users.mjs"
2026-04-08T20:37:53.685350Z  INFO tailwindcss_oxide::scanner: Reading "C:\\Users\\admin\\Documents\\Payment Project\\v0-payment-gateway-dashboard\\scripts\\012-fraud-blocklist.sql"
2026-04-08T20:37:53.685504Z  INFO tailwindcss_oxide::scanner: Reading "C:\\Users\\admin\\Documents\\Payment Project\\v0-payment-gateway-dashboard\\components\\ui\\use-mobile.tsx"
2026-04-08T20:37:53.685362Z  INFO tailwindcss_oxide::scanner: Reading "C:\\Users\\admin\\Documents\\Payment Project\\v0-payment-gateway-dashboard\\emails\\WelcomeMerchant.tsx"
2026-04-08T20:37:53.684973Z  INFO tailwindcss_oxide::scanner: Reading "C:\\Users\\admin\\Documents\\Payment Project\\v0-payment-gateway-dashboard\\app\\checkout\\popup\\page.tsx"
2026-04-08T20:37:53.685376Z  INFO tailwindcss_oxide::scanner: Reading "C:\\Users\\admin\\Documents\\Payment Project\\v0-payment-gateway-dashboard\\scripts\\018-checkout-flow.sql"
2026-04-08T20:37:53.685385Z  INFO tailwindcss_oxide::scanner: Reading "C:\\Users\\admin\\Documents\\Payment Project\\v0-payment-gateway-dashboard\\lib\\utils.ts"
2026-04-08T20:37:53.685539Z  INFO tailwindcss_oxide::scanner: Reading "C:\\Users\\admin\\Documents\\Payment Project\\v0-payment-gateway-dashboard\\app\\docs\\api\\page.tsx"
2026-04-08T20:37:53.685496Z  INFO tailwindcss_oxide::scanner: Reading "C:\\Users\\admin\\Documents\\Payment Project\\v0-payment-gateway-dashboard\\components\\ui\\toggle.tsx"
2026-04-08T20:37:53.685557Z  INFO tailwindcss_oxide::scanner: Reading "C:\\Users\\admin\\Documents\\Payment Project\\v0-payment-gateway-dashboard\\package.json"
2026-04-08T20:37:53.685445Z  INFO tailwindcss_oxide::scanner: Reading "C:\\Users\\admin\\Documents\\Payment Project\\v0-payment-gateway-dashboard\\components\\ui\\toggle-group.tsx"
2026-04-08T20:37:53.685584Z  INFO tailwindcss_oxide::scanner: Reading "C:\\Users\\admin\\Documents\\Payment Project\\v0-payment-gateway-dashboard\\components\\ui\\use-toast.ts"
2026-04-08T20:37:53.685444Z  INFO tailwindcss_oxide::scanner: Reading "C:\\Users\\admin\\Documents\\Payment Project\\v0-payment-gateway-dashboard\\app\\checkout\\popup\\popup-client.tsx"
2026-04-08T20:37:53.685601Z  INFO tailwindcss_oxide::scanner: Reading "C:\\Users\\admin\\Documents\\Payment Project\\v0-payment-gateway-dashboard\\tsconfig.json"
2026-04-08T20:37:53.685442Z  INFO tailwindcss_oxide::scanner: Reading "C:\\Users\\admin\\Documents\\Payment Project\\v0-payment-gateway-dashboard\\scripts\\migrate.sql"
2026-04-08T20:37:53.685559Z  INFO tailwindcss_oxide::scanner: Reading "C:\\Users\\admin\\Documents\\Payment Project\\v0-payment-gateway-dashboard\\scripts\\seed-users.sql"
2026-04-08T20:37:53.685549Z  INFO tailwindcss_oxide::scanner: Reading "C:\\Users\\admin\\Documents\\Payment Project\\v0-payment-gateway-dashboard\\lib\\vercel-domains.ts"
2026-04-08T20:37:53.685316Z  INFO tailwindcss_oxide::scanner: Reading "C:\\Users\\admin\\Documents\\Payment Project\\v0-payment-gateway-dashboard\\scripts\\014-telegram-config.sql"
2026-04-08T20:37:53.685434Z  INFO tailwindcss_oxide::scanner: Reading "C:\\Users\\admin\\Documents\\Payment Project\\v0-payment-gateway-dashboard\\hooks\\use-mobile.ts"
2026-04-08T20:37:53.685411Z  INFO tailwindcss_oxide::scanner: Reading "C:\\Users\\admin\\Documents\\Payment Project\\v0-payment-gateway-dashboard\\scripts\\create-user.js"
2026-04-08T20:37:53.685565Z  INFO tailwindcss_oxide::scanner: Reading "C:\\Users\\admin\\Documents\\Payment Project\\v0-payment-gateway-dashboard\\hooks\\use-notifications.ts"
2026-04-08T20:37:53.685393Z  INFO tailwindcss_oxide::scanner: Reading "C:\\Users\\admin\\Documents\\Payment Project\\v0-payment-gateway-dashboard\\components\\ui\\tooltip.tsx"
2026-04-08T20:37:53.685458Z  INFO tailwindcss_oxide::scanner: Reading "C:\\Users\\admin\\Documents\\Payment Project\\v0-payment-gateway-dashboard\\components\\ui\\textarea.tsx"
2026-04-08T20:37:53.685577Z  INFO tailwindcss_oxide::scanner: Reading "C:\\Users\\admin\\Documents\\Payment Project\\v0-payment-gateway-dashboard\\postcss.config.mjs"
2026-04-08T20:37:53.685595Z  INFO tailwindcss_oxide::scanner: Reading "C:\\Users\\admin\\Documents\\Payment Project\\v0-payment-gateway-dashboard\\components\\ui\\toast.tsx"
2026-04-08T20:37:53.685611Z  INFO tailwindcss_oxide::scanner: Reading "C:\\Users\\admin\\Documents\\Payment Project\\v0-payment-gateway-dashboard\\types\\next-auth.d.ts"
2026-04-08T20:37:53.685616Z  INFO tailwindcss_oxide::scanner: Reading "C:\\Users\\admin\\Documents\\Payment Project\\v0-payment-gateway-dashboard\\vercel.json"
2026-04-08T20:37:53.685808Z  INFO discover_sources: tailwindcss_oxide::scanner: exit
2026-04-08T20:37:53.685824Z  INFO extract_candidates: tailwindcss_oxide::scanner: enter
2026-04-08T20:37:53.685829Z  INFO extract_candidates:parse_all_blobs: tailwindcss_oxide::scanner: enter
2026-04-08T20:37:53.685834Z  INFO extract_candidates:parse_all_blobs:extract: tailwindcss_oxide::scanner: enter
2026-04-08T20:37:53.689246Z  INFO extract_candidates:parse_all_blobs:extract: tailwindcss_oxide::scanner: exit
2026-04-08T20:37:53.689461Z  INFO extract_candidates:parse_all_blobs: tailwindcss_oxide::scanner: exit
2026-04-08T20:37:53.689469Z  INFO extract_candidates:read_all_files: tailwindcss_oxide::scanner: enter
2026-04-08T20:37:53.689473Z  INFO extract_candidates:read_all_files: tailwindcss_oxide::scanner: Reading 2 file(s)
2026-04-08T20:37:53.689592Z  INFO tailwindcss_oxide::scanner: Reading "C:\\Users\\admin\\Documents\\Payment Project\\v0-payment-gateway-dashboard\\styles\\globals.css"
2026-04-08T20:37:53.689592Z  INFO tailwindcss_oxide::scanner: Reading "C:\\Users\\admin\\Documents\\Payment Project\\v0-payment-gateway-dashboard\\app\\globals.css"
2026-04-08T20:37:53.689615Z  INFO extract_candidates:read_all_files: tailwindcss_oxide::scanner: exit
2026-04-08T20:37:53.689630Z  INFO extract_candidates:extract_css_variables: tailwindcss_oxide::scanner: enter
2026-04-08T20:37:53.689636Z  INFO extract_candidates:extract_css_variables:extract: tailwindcss_oxide::scanner: enter
2026-04-08T20:37:53.689829Z  INFO extract_candidates:extract_css_variables:extract: tailwindcss_oxide::scanner: exit
2026-04-08T20:37:53.689842Z  INFO extract_candidates:extract_css_variables: tailwindcss_oxide::scanner: exit
2026-04-08T20:37:53.690757Z  INFO extract_candidates: tailwindcss_oxide::scanner: exit
2026-04-08T20:37:53.692482Z  INFO get_files: tailwindcss_oxide::scanner: enter
2026-04-08T20:37:53.692519Z  INFO get_files:discover_sources: tailwindcss_oxide::scanner: enter
2026-04-08T20:37:53.692524Z  INFO get_files:discover_sources: tailwindcss_oxide::scanner: exit
2026-04-08T20:37:53.692661Z  INFO get_files: tailwindcss_oxide::scanner: exit
2026-04-08T20:37:53.694469Z  INFO get_globs: tailwindcss_oxide::scanner: enter
2026-04-08T20:37:53.694482Z  INFO get_globs:discover_sources: tailwindcss_oxide::scanner: enter
2026-04-08T20:37:53.694487Z  INFO get_globs:discover_sources: tailwindcss_oxide::scanner: exit
2026-04-08T20:37:53.710324Z  INFO get_globs: tailwindcss_oxide::scanner: exit
2026-04-08T20:41:08.967324Z  INFO discover_sources: tailwindcss_oxide::scanner: enter
2026-04-08T20:41:08.967350Z  INFO discover_sources:walk_parallel: tailwindcss_oxide::scanner: enter
2026-04-08T20:41:08.974235Z  INFO discover_sources:walk_parallel: tailwindcss_oxide::scanner: exit
2026-04-08T20:41:08.978820Z  INFO tailwindcss_oxide::scanner: Reading "C:\\Users\\admin\\Documents\\Payment Project\\v0-payment-gateway-dashboard\\components\\dashboard\\header.tsx"
2026-04-08T20:41:08.978844Z  INFO tailwindcss_oxide::scanner: Reading "C:\\Users\\admin\\Documents\\Payment Project\\v0-payment-gateway-dashboard\\scripts\\seed-users.sql"
2026-04-08T20:41:08.978858Z  INFO tailwindcss_oxide::scanner: Reading "C:\\Users\\admin\\Documents\\Payment Project\\v0-payment-gateway-dashboard\\components\\ui\\tooltip.tsx"
2026-04-08T20:41:08.978821Z  INFO tailwindcss_oxide::scanner: Reading "C:\\Users\\admin\\Documents\\Payment Project\\v0-payment-gateway-dashboard\\README.md"
2026-04-08T20:41:08.978876Z  INFO tailwindcss_oxide::scanner: Reading "C:\\Users\\admin\\Documents\\Payment Project\\v0-payment-gateway-dashboard\\app\\accounts\\page.tsx"
2026-04-08T20:41:08.978820Z  INFO tailwindcss_oxide::scanner: Reading "C:\\Users\\admin\\Documents\\Payment Project\\v0-payment-gateway-dashboard\\components\\ui\\kbd.tsx"
2026-04-08T20:41:08.978897Z  INFO tailwindcss_oxide::scanner: Reading "C:\\Users\\admin\\Documents\\Payment Project\\v0-payment-gateway-dashboard\\components\\ui\\alert-dialog.tsx"
2026-04-08T20:41:08.978830Z  INFO tailwindcss_oxide::scanner: Reading "C:\\Users\\admin\\Documents\\Payment Project\\v0-payment-gateway-dashboard\\components\\ui\\use-mobile.tsx"
2026-04-08T20:41:08.978830Z  INFO tailwindcss_oxide::scanner: Reading "C:\\Users\\admin\\Documents\\Payment Project\\v0-payment-gateway-dashboard\\components\\ui\\toggle-group.tsx"
2026-04-08T20:41:08.978929Z  INFO tailwindcss_oxide::scanner: Reading "C:\\Users\\admin\\Documents\\Payment Project\\v0-payment-gateway-dashboard\\components\\dashboard\\global-metrics.tsx"
2026-04-08T20:41:08.978834Z  INFO tailwindcss_oxide::scanner: Reading "C:\\Users\\admin\\Documents\\Payment Project\\v0-payment-gateway-dashboard\\app\\api\\admin\\gateway-controls\\route.ts"
2026-04-08T20:41:08.978947Z  INFO tailwindcss_oxide::scanner: Reading "C:\\Users\\admin\\Documents\\Payment Project\\v0-payment-gateway-dashboard\\components\\ui\\toggle.tsx"
2026-04-08T20:41:08.978821Z  INFO tailwindcss_oxide::scanner: Reading "C:\\Users\\admin\\Documents\\Payment Project\\v0-payment-gateway-dashboard\\scripts\\006-warmup-ramp.sql"
2026-04-08T20:41:08.978962Z  INFO tailwindcss_oxide::scanner: Reading "C:\\Users\\admin\\Documents\\Payment Project\\v0-payment-gateway-dashboard\\proxy.ts"
2026-04-08T20:41:08.978974Z  INFO tailwindcss_oxide::scanner: Reading "C:\\Users\\admin\\Documents\\Payment Project\\v0-payment-gateway-dashboard\\app\\super-admin\\tenants\\page.tsx"
2026-04-08T20:41:08.978976Z  INFO tailwindcss_oxide::scanner: Reading "C:\\Users\\admin\\Documents\\Payment Project\\v0-payment-gateway-dashboard\\components\\ui\\item.tsx"
2026-04-08T20:41:08.978854Z  INFO tailwindcss_oxide::scanner: Reading "C:\\Users\\admin\\Documents\\Payment Project\\v0-payment-gateway-dashboard\\app\\super-admin\\page.tsx"
2026-04-08T20:41:08.979002Z  INFO tailwindcss_oxide::scanner: Reading "C:\\Users\\admin\\Documents\\Payment Project\\v0-payment-gateway-dashboard\\components\\ui\\pagination.tsx"
2026-04-08T20:41:08.978828Z  INFO tailwindcss_oxide::scanner: Reading "C:\\Users\\admin\\Documents\\Payment Project\\v0-payment-gateway-dashboard\\components\\ui\\button-group.tsx"
2026-04-08T20:41:08.978894Z  INFO tailwindcss_oxide::scanner: Reading "C:\\Users\\admin\\Documents\\Payment Project\\v0-payment-gateway-dashboard\\app\\api\\merchant\\telegram\\test\\route.ts"
2026-04-08T20:41:08.978897Z  INFO tailwindcss_oxide::scanner: Reading "C:\\Users\\admin\\Documents\\Payment Project\\v0-payment-gateway-dashboard\\components.json"
2026-04-08T20:41:08.979036Z  INFO tailwindcss_oxide::scanner: Reading "C:\\Users\\admin\\Documents\\Payment Project\\v0-payment-gateway-dashboard\\app\\api\\auth\\change-email\\route.ts"
2026-04-08T20:41:08.979036Z  INFO tailwindcss_oxide::scanner: Reading "C:\\Users\\admin\\Documents\\Payment Project\\v0-payment-gateway-dashboard\\scripts\\005-add-proxy-url.sql"
2026-04-08T20:41:08.978820Z  INFO tailwindcss_oxide::scanner: Reading "C:\\Users\\admin\\Documents\\Payment Project\\v0-payment-gateway-dashboard\\lib\\neon.ts"
2026-04-08T20:41:08.978982Z  INFO tailwindcss_oxide::scanner: Reading "C:\\Users\\admin\\Documents\\Payment Project\\v0-payment-gateway-dashboard\\components\\ui\\accordion.tsx"
2026-04-08T20:41:08.979040Z  INFO tailwindcss_oxide::scanner: Reading "C:\\Users\\admin\\Documents\\Payment Project\\v0-payment-gateway-dashboard\\components\\ui\\input.tsx"
2026-04-08T20:41:08.979093Z  INFO tailwindcss_oxide::scanner: Reading "C:\\Users\\admin\\Documents\\Payment Project\\v0-payment-gateway-dashboard\\components\\ui\\calendar.tsx"
2026-04-08T20:41:08.979011Z  INFO tailwindcss_oxide::scanner: Reading "C:\\Users\\admin\\Documents\\Payment Project\\v0-payment-gateway-dashboard\\components\\dashboard\\rotation-logic.tsx"
2026-04-08T20:41:08.979107Z  INFO tailwindcss_oxide::scanner: Reading "C:\\Users\\admin\\Documents\\Payment Project\\v0-payment-gateway-dashboard\\components\\ui\\toast.tsx"
2026-04-08T20:41:08.978939Z  INFO tailwindcss_oxide::scanner: Reading "C:\\Users\\admin\\Documents\\Payment Project\\v0-payment-gateway-dashboard\\components\\ui\\skeleton.tsx"
2026-04-08T20:41:08.979011Z  INFO tailwindcss_oxide::scanner: Reading "C:\\Users\\admin\\Documents\\Payment Project\\v0-payment-gateway-dashboard\\components\\auth\\session-provider.tsx"
2026-04-08T20:41:08.979118Z  INFO tailwindcss_oxide::scanner: Reading "C:\\Users\\admin\\Documents\\Payment Project\\v0-payment-gateway-dashboard\\hooks\\use-notifications.ts"
2026-04-08T20:41:08.979121Z  INFO tailwindcss_oxide::scanner: Reading "C:\\Users\\admin\\Documents\\Payment Project\\v0-payment-gateway-dashboard\\app\\api\\merchant\\test-connection\\route.ts"
2026-04-08T20:41:08.979157Z  INFO tailwindcss_oxide::scanner: Reading "C:\\Users\\admin\\Documents\\Payment Project\\v0-payment-gateway-dashboard\\components\\theme-provider.tsx"
2026-04-08T20:41:08.979087Z  INFO tailwindcss_oxide::scanner: Reading "C:\\Users\\admin\\Documents\\Payment Project\\v0-payment-gateway-dashboard\\app\\api\\merchant\\rotation-settings\\route.ts"
2026-04-08T20:41:08.979094Z  INFO tailwindcss_oxide::scanner: Reading "C:\\Users\\admin\\Documents\\Payment Project\\v0-payment-gateway-dashboard\\scripts\\012-fraud-blocklist.sql"
2026-04-08T20:41:08.979182Z  INFO tailwindcss_oxide::scanner: Reading "C:\\Users\\admin\\Documents\\Payment Project\\v0-payment-gateway-dashboard\\app\\api\\cron\\reset-volume\\route.ts"
2026-04-08T20:41:08.979186Z  INFO tailwindcss_oxide::scanner: Reading "C:\\Users\\admin\\Documents\\Payment Project\\v0-payment-gateway-dashboard\\components\\dashboard\\merchant-accounts.tsx"
2026-04-08T20:41:08.979199Z  INFO tailwindcss_oxide::scanner: Reading "C:\\Users\\admin\\Documents\\Payment Project\\v0-payment-gateway-dashboard\\hooks\\use-toast.ts"
2026-04-08T20:41:08.979209Z  INFO tailwindcss_oxide::scanner: Reading "C:\\Users\\admin\\Documents\\Payment Project\\v0-payment-gateway-dashboard\\components\\ui\\select.tsx"
2026-04-08T20:41:08.979220Z  INFO tailwindcss_oxide::scanner: Reading "C:\\Users\\admin\\Documents\\Payment Project\\v0-payment-gateway-dashboard\\hooks\\use-mobile.ts"
2026-04-08T20:41:08.978899Z  INFO tailwindcss_oxide::scanner: Reading "C:\\Users\\admin\\Documents\\Payment Project\\v0-payment-gateway-dashboard\\app\\transactions\\page.tsx"
2026-04-08T20:41:08.979238Z  INFO tailwindcss_oxide::scanner: Reading "C:\\Users\\admin\\Documents\\Payment Project\\v0-payment-gateway-dashboard\\components\\nav\\top-bar.tsx"
2026-04-08T20:41:08.979026Z  INFO tailwindcss_oxide::scanner: Reading "C:\\Users\\admin\\Documents\\Payment Project\\v0-payment-gateway-dashboard\\components\\ui\\aspect-ratio.tsx"
2026-04-08T20:41:08.979250Z  INFO tailwindcss_oxide::scanner: Reading "C:\\Users\\admin\\Documents\\Payment Project\\v0-payment-gateway-dashboard\\app\\api\\merchant\\logs\\route.ts"
2026-04-08T20:41:08.978849Z  INFO tailwindcss_oxide::scanner: Reading "C:\\Users\\admin\\Documents\\Payment Project\\v0-payment-gateway-dashboard\\app\\super-admin\\domains\\page.tsx"
2026-04-08T20:41:08.979054Z  INFO tailwindcss_oxide::scanner: Reading "C:\\Users\\admin\\Documents\\Payment Project\\v0-payment-gateway-dashboard\\prisma\\schema.prisma"
2026-04-08T20:41:08.979161Z  INFO tailwindcss_oxide::scanner: Reading "C:\\Users\\admin\\Documents\\Payment Project\\v0-payment-gateway-dashboard\\lib\\merchant-rotation.ts"
2026-04-08T20:41:08.979291Z  INFO tailwindcss_oxide::scanner: Reading "C:\\Users\\admin\\Documents\\Payment Project\\v0-payment-gateway-dashboard\\reflog.txt"
2026-04-08T20:41:08.979293Z  INFO tailwindcss_oxide::scanner: Reading "C:\\Users\\admin\\Documents\\Payment Project\\v0-payment-gateway-dashboard\\app\\api\\merchant\\stores\\[id]\\route.ts"
2026-04-08T20:41:08.978847Z  INFO tailwindcss_oxide::scanner: Reading "C:\\Users\\admin\\Documents\\Payment Project\\v0-payment-gateway-dashboard\\components\\ui\\avatar.tsx"
2026-04-08T20:41:08.979200Z  INFO tailwindcss_oxide::scanner: Reading "C:\\Users\\admin\\Documents\\Payment Project\\v0-payment-gateway-dashboard\\app\\api\\merchant\\accounts\\[id]\\route.ts"
2026-04-08T20:41:08.979323Z  INFO tailwindcss_oxide::scanner: Reading "C:\\Users\\admin\\Documents\\Payment Project\\v0-payment-gateway-dashboard\\app\\terms\\page.tsx"
2026-04-08T20:41:08.979065Z  INFO tailwindcss_oxide::scanner: Reading "C:\\Users\\admin\\Documents\\Payment Project\\v0-payment-gateway-dashboard\\components\\ui\\navigation-menu.tsx"
2026-04-08T20:41:08.979337Z  INFO tailwindcss_oxide::scanner: Reading "C:\\Users\\admin\\Documents\\Payment Project\\v0-payment-gateway-dashboard\\scripts\\009-system-settings.sql"
2026-04-08T20:41:08.978901Z  INFO tailwindcss_oxide::scanner: Reading "C:\\Users\\admin\\Documents\\Payment Project\\v0-payment-gateway-dashboard\\components\\ui\\use-toast.ts"
2026-04-08T20:41:08.979326Z  INFO tailwindcss_oxide::scanner: Reading "C:\\Users\\admin\\Documents\\Payment Project\\v0-payment-gateway-dashboard\\components\\dashboard\\live-feed.tsx"
2026-04-08T20:41:08.979326Z  INFO tailwindcss_oxide::scanner: Reading "C:\\Users\\admin\\Documents\\Payment Project\\v0-payment-gateway-dashboard\\components\\ui\\alert.tsx"
2026-04-08T20:41:08.979376Z  INFO tailwindcss_oxide::scanner: Reading "C:\\Users\\admin\\Documents\\Payment Project\\v0-payment-gateway-dashboard\\lib\\masking.ts"
2026-04-08T20:41:08.979267Z  INFO tailwindcss_oxide::scanner: Reading "C:\\Users\\admin\\Documents\\Payment Project\\v0-payment-gateway-dashboard\\components\\dashboard\\shield-domains.tsx"
2026-04-08T20:41:08.979393Z  INFO tailwindcss_oxide::scanner: Reading "C:\\Users\\admin\\Documents\\Payment Project\\v0-payment-gateway-dashboard\\app\\checkout\\popup\\popup-client.tsx"
2026-04-08T20:41:08.979366Z  INFO tailwindcss_oxide::scanner: Reading "C:\\Users\\admin\\Documents\\Payment Project\\v0-payment-gateway-dashboard\\scripts\\010-system-logs-columns.sql"
2026-04-08T20:41:08.979275Z  INFO tailwindcss_oxide::scanner: Reading "C:\\Users\\admin\\Documents\\Payment Project\\v0-payment-gateway-dashboard\\components\\ui\\sheet.tsx"
2026-04-08T20:41:08.979324Z  INFO tailwindcss_oxide::scanner: Reading "C:\\Users\\admin\\Documents\\Payment Project\\v0-payment-gateway-dashboard\\components\\nav\\notification-bell.tsx"
2026-04-08T20:41:08.979427Z  INFO tailwindcss_oxide::scanner: Reading "C:\\Users\\admin\\Documents\\Payment Project\\v0-payment-gateway-dashboard\\components\\ui\\dialog.tsx"
2026-04-08T20:41:08.979393Z  INFO tailwindcss_oxide::scanner: Reading "C:\\Users\\admin\\Documents\\Payment Project\\v0-payment-gateway-dashboard\\app\\dashboard\\page.tsx"
2026-04-08T20:41:08.979445Z  INFO tailwindcss_oxide::scanner: Reading "C:\\Users\\admin\\Documents\\Payment Project\\v0-payment-gateway-dashboard\\app\\domains\\page.tsx"
2026-04-08T20:41:08.979454Z  INFO tailwindcss_oxide::scanner: Reading "C:\\Users\\admin\\Documents\\Payment Project\\v0-payment-gateway-dashboard\\lib\\encryption.ts"
2026-04-08T20:41:08.979262Z  INFO tailwindcss_oxide::scanner: Reading "C:\\Users\\admin\\Documents\\Payment Project\\v0-payment-gateway-dashboard\\scripts\\011-token-blacklist.sql"
2026-04-08T20:41:08.979468Z  INFO tailwindcss_oxide::scanner: Reading "C:\\Users\\admin\\Documents\\Payment Project\\v0-payment-gateway-dashboard\\components\\ui\\checkbox.tsx"
2026-04-08T20:41:08.979415Z  INFO tailwindcss_oxide::scanner: Reading "C:\\Users\\admin\\Documents\\Payment Project\\v0-payment-gateway-dashboard\\scripts\\008-admin-overhaul.sql"
2026-04-08T20:41:08.979486Z  INFO tailwindcss_oxide::scanner: Reading "C:\\Users\\admin\\Documents\\Payment Project\\v0-payment-gateway-dashboard\\components\\ui\\separator.tsx"
2026-04-08T20:41:08.979416Z  INFO tailwindcss_oxide::scanner: Reading "C:\\Users\\admin\\Documents\\Payment Project\\v0-payment-gateway-dashboard\\components\\ui\\menubar.tsx"
2026-04-08T20:41:08.979505Z  INFO tailwindcss_oxide::scanner: Reading "C:\\Users\\admin\\Documents\\Payment Project\\v0-payment-gateway-dashboard\\components\\ui\\drawer.tsx"
2026-04-08T20:41:08.979512Z  INFO tailwindcss_oxide::scanner: Reading "C:\\Users\\admin\\Documents\\Payment Project\\v0-payment-gateway-dashboard\\app\\order\\success\\page.tsx"
2026-04-08T20:41:08.979128Z  INFO tailwindcss_oxide::scanner: Reading "C:\\Users\\admin\\Documents\\Payment Project\\v0-payment-gateway-dashboard\\scripts\\018-checkout-flow.sql"
2026-04-08T20:41:08.979529Z  INFO tailwindcss_oxide::scanner: Reading "C:\\Users\\admin\\Documents\\Payment Project\\v0-payment-gateway-dashboard\\lib\\email.ts"
2026-04-08T20:41:08.979429Z  INFO tailwindcss_oxide::scanner: Reading "C:\\Users\\admin\\Documents\\Payment Project\\v0-payment-gateway-dashboard\\app\\analytics\\page.tsx"
2026-04-08T20:41:08.979552Z  INFO tailwindcss_oxide::scanner: Reading "C:\\Users\\admin\\Documents\\Payment Project\\v0-payment-gateway-dashboard\\components\\ui\\chart.tsx"
2026-04-08T20:41:08.979261Z  INFO tailwindcss_oxide::scanner: Reading "C:\\Users\\admin\\Documents\\Payment Project\\v0-payment-gateway-dashboard\\app\\api\\merchant\\transactions\\capture\\route.ts"
2026-04-08T20:41:08.979434Z  INFO tailwindcss_oxide::scanner: Reading "C:\\Users\\admin\\Documents\\Payment Project\\v0-payment-gateway-dashboard\\app\\admin\\domains\\page.tsx"
2026-04-08T20:41:08.979588Z  INFO tailwindcss_oxide::scanner: Reading "C:\\Users\\admin\\Documents\\Payment Project\\v0-payment-gateway-dashboard\\app\\api\\admin\\control\\rotate-domains\\route.ts"
2026-04-08T20:41:08.979594Z  INFO tailwindcss_oxide::scanner: Reading "C:\\Users\\admin\\Documents\\Payment Project\\v0-payment-gateway-dashboard\\scripts\\017-capture-mode.sql"
2026-04-08T20:41:08.979601Z  INFO tailwindcss_oxide::scanner: Reading "C:\\Users\\admin\\Documents\\Payment Project\\v0-payment-gateway-dashboard\\app\\api\\gateway\\checkout\\route.ts"
2026-04-08T20:41:08.979612Z  INFO tailwindcss_oxide::scanner: Reading "C:\\Users\\admin\\Documents\\Payment Project\\v0-payment-gateway-dashboard\\app\\api\\admin\\logs\\route.ts"
2026-04-08T20:41:08.979162Z  INFO tailwindcss_oxide::scanner: Reading "C:\\Users\\admin\\Documents\\Payment Project\\v0-payment-gateway-dashboard\\components\\ui\\card.tsx"
2026-04-08T20:41:08.979630Z  INFO tailwindcss_oxide::scanner: Reading "C:\\Users\\admin\\Documents\\Payment Project\\v0-payment-gateway-dashboard\\components\\ui\\carousel.tsx"
2026-04-08T20:41:08.979469Z  INFO tailwindcss_oxide::scanner: Reading "C:\\Users\\admin\\Documents\\Payment Project\\v0-payment-gateway-dashboard\\app\\checkout\\popup\\page.tsx"
2026-04-08T20:41:08.979369Z  INFO tailwindcss_oxide::scanner: Reading "C:\\Users\\admin\\Documents\\Payment Project\\v0-payment-gateway-dashboard\\app\\api\\merchant\\telegram\\route.ts"
2026-04-08T20:41:08.979640Z  INFO tailwindcss_oxide::scanner: Reading "C:\\Users\\admin\\Documents\\Payment Project\\v0-payment-gateway-dashboard\\app\\settings\\page.tsx"
2026-04-08T20:41:08.979495Z  INFO tailwindcss_oxide::scanner: Reading "C:\\Users\\admin\\Documents\\Payment Project\\v0-payment-gateway-dashboard\\app\\api\\admin\\shield-domains\\route.ts"
2026-04-08T20:41:08.979664Z  INFO tailwindcss_oxide::scanner: Reading "C:\\Users\\admin\\Documents\\Payment Project\\v0-payment-gateway-dashboard\\app\\api\\admin\\control\\reset-counters\\route.ts"
2026-04-08T20:41:08.979671Z  INFO tailwindcss_oxide::scanner: Reading "C:\\Users\\admin\\Documents\\Payment Project\\v0-payment-gateway-dashboard\\scripts\\016-rotation-strategy.sql"
2026-04-08T20:41:08.979685Z  INFO tailwindcss_oxide::scanner: Reading "C:\\Users\\admin\\Documents\\Payment Project\\v0-payment-gateway-dashboard\\app\\api\\gateway\\capture\\route.ts"
2026-04-08T20:41:08.979496Z  INFO tailwindcss_oxide::scanner: Reading "C:\\Users\\admin\\Documents\\Payment Project\\v0-payment-gateway-dashboard\\scripts\\007-manual-capture.sql"
2026-04-08T20:41:08.979589Z  INFO tailwindcss_oxide::scanner: Reading "C:\\Users\\admin\\Documents\\Payment Project\\v0-payment-gateway-dashboard\\app\\order\\result-client.tsx"
2026-04-08T20:41:08.979710Z  INFO tailwindcss_oxide::scanner: Reading "C:\\Users\\admin\\Documents\\Payment Project\\v0-payment-gateway-dashboard\\components\\ui\\command.tsx"
2026-04-08T20:41:08.979594Z  INFO tailwindcss_oxide::scanner: Reading "C:\\Users\\admin\\Documents\\Payment Project\\v0-payment-gateway-dashboard\\app\\api\\admin\\control\\clear-fraud\\route.ts"
2026-04-08T20:41:08.979723Z  INFO tailwindcss_oxide::scanner: Reading "C:\\Users\\admin\\Documents\\Payment Project\\v0-payment-gateway-dashboard\\scripts\\004-system-logs.sql"
2026-04-08T20:41:08.979521Z  INFO tailwindcss_oxide::scanner: Reading "C:\\Users\\admin\\Documents\\Payment Project\\v0-payment-gateway-dashboard\\app\\docs\\api\\page.tsx"
2026-04-08T20:41:08.979737Z  INFO tailwindcss_oxide::scanner: Reading "C:\\Users\\admin\\Documents\\Payment Project\\v0-payment-gateway-dashboard\\app\\request-access\\page.tsx"
2026-04-08T20:41:08.979624Z  INFO tailwindcss_oxide::scanner: Reading "C:\\Users\\admin\\Documents\\Payment Project\\v0-payment-gateway-dashboard\\components\\ui\\sidebar.tsx"
2026-04-08T20:41:08.979751Z  INFO tailwindcss_oxide::scanner: Reading "C:\\Users\\admin\\Documents\\Payment Project\\v0-payment-gateway-dashboard\\scripts\\015-email-change-codes.sql"
2026-04-08T20:41:08.979406Z  INFO tailwindcss_oxide::scanner: Reading "C:\\Users\\admin\\Documents\\Payment Project\\v0-payment-gateway-dashboard\\app\\api\\auth\\change-password\\route.ts"
2026-04-08T20:41:08.979245Z  INFO tailwindcss_oxide::scanner: Reading "C:\\Users\\admin\\Documents\\Payment Project\\v0-payment-gateway-dashboard\\app\\api\\merchant\\stores\\checkout-flow\\route.ts"
2026-04-08T20:41:08.979552Z  INFO tailwindcss_oxide::scanner: Reading "C:\\Users\\admin\\Documents\\Payment Project\\v0-payment-gateway-dashboard\\app\\api\\admin\\tenants\\route.ts"
2026-04-08T20:41:08.979785Z  INFO tailwindcss_oxide::scanner: Reading "C:\\Users\\admin\\Documents\\Payment Project\\v0-payment-gateway-dashboard\\components\\ui\\collapsible.tsx"
2026-04-08T20:41:08.979794Z  INFO tailwindcss_oxide::scanner: Reading "C:\\Users\\admin\\Documents\\Payment Project\\v0-payment-gateway-dashboard\\app\\api\\admin\\gateway-key\\route.ts"
2026-04-08T20:41:08.979796Z  INFO tailwindcss_oxide::scanner: Reading "C:\\Users\\admin\\Documents\\Payment Project\\v0-payment-gateway-dashboard\\next.config.mjs"
2026-04-08T20:41:08.979702Z  INFO tailwindcss_oxide::scanner: Reading "C:\\Users\\admin\\Documents\\Payment Project\\v0-payment-gateway-dashboard\\scripts\\013-merchant-masking.sql"
2026-04-08T20:41:08.979803Z  INFO tailwindcss_oxide::scanner: Reading "C:\\Users\\admin\\Documents\\Payment Project\\v0-payment-gateway-dashboard\\scripts\\003-add-webhook-id.sql"
2026-04-08T20:41:08.979776Z  INFO tailwindcss_oxide::scanner: Reading "C:\\Users\\admin\\Documents\\Payment Project\\v0-payment-gateway-dashboard\\app\\order\\cancel\\page.tsx"
2026-04-08T20:41:08.979665Z  INFO tailwindcss_oxide::scanner: Reading "C:\\Users\\admin\\Documents\\Payment Project\\v0-payment-gateway-dashboard\\vercel.json"
2026-04-08T20:41:08.979815Z  INFO tailwindcss_oxide::scanner: Reading "C:\\Users\\admin\\Documents\\Payment Project\\v0-payment-gateway-dashboard\\app\\login\\page.tsx"
2026-04-08T20:41:08.979768Z  INFO tailwindcss_oxide::scanner: Reading "C:\\Users\\admin\\Documents\\Payment Project\\v0-payment-gateway-dashboard\\components\\ui\\input-otp.tsx"
2026-04-08T20:41:08.979637Z  INFO tailwindcss_oxide::scanner: Reading "C:\\Users\\admin\\Documents\\Payment Project\\v0-payment-gateway-dashboard\\app\\api\\admin\\settings\\test-telegram\\route.ts"
2026-04-08T20:41:08.979686Z  INFO tailwindcss_oxide::scanner: Reading "C:\\Users\\admin\\Documents\\Payment Project\\v0-payment-gateway-dashboard\\app\\api\\admin\\settings\\route.ts"
2026-04-08T20:41:08.979884Z  INFO tailwindcss_oxide::scanner: Reading "C:\\Users\\admin\\Documents\\Payment Project\\v0-payment-gateway-dashboard\\app\\api\\merchant\\analytics\\route.ts"
2026-04-08T20:41:08.979827Z  INFO tailwindcss_oxide::scanner: Reading "C:\\Users\\admin\\Documents\\Payment Project\\v0-payment-gateway-dashboard\\app\\privacy\\page.tsx"
2026-04-08T20:41:08.979904Z  INFO tailwindcss_oxide::scanner: Reading "C:\\Users\\admin\\Documents\\Payment Project\\v0-payment-gateway-dashboard\\scripts\\002-schema-init.sql"
2026-04-08T20:41:08.979909Z  INFO tailwindcss_oxide::scanner: Reading "C:\\Users\\admin\\Documents\\Payment Project\\v0-payment-gateway-dashboard\\app\\logs\\page.tsx"
2026-04-08T20:41:08.979835Z  INFO tailwindcss_oxide::scanner: Reading "C:\\Users\\admin\\Documents\\Payment Project\\v0-payment-gateway-dashboard\\app\\api\\merchant\\shield-domains\\route.ts"
2026-04-08T20:41:08.979850Z  INFO tailwindcss_oxide::scanner: Reading "C:\\Users\\admin\\Documents\\Payment Project\\v0-payment-gateway-dashboard\\app\\api\\merchant\\stores\\capture-mode\\route.ts"
2026-04-08T20:41:08.979932Z  INFO tailwindcss_oxide::scanner: Reading "C:\\Users\\admin\\Documents\\Payment Project\\v0-payment-gateway-dashboard\\app\\layout.tsx"
2026-04-08T20:41:08.979937Z  INFO tailwindcss_oxide::scanner: Reading "C:\\Users\\admin\\Documents\\Payment Project\\v0-payment-gateway-dashboard\\.env"
2026-04-08T20:41:08.979744Z  INFO tailwindcss_oxide::scanner: Reading "C:\\Users\\admin\\Documents\\Payment Project\\v0-payment-gateway-dashboard\\app\\api\\admin\\control\\flush-ipn\\route.ts"
2026-04-08T20:41:08.979954Z  INFO tailwindcss_oxide::scanner: Reading "C:\\Users\\admin\\Documents\\Payment Project\\v0-payment-gateway-dashboard\\components\\ui\\popover.tsx"
2026-04-08T20:41:08.979959Z  INFO tailwindcss_oxide::scanner: Reading "C:\\Users\\admin\\Documents\\Payment Project\\v0-payment-gateway-dashboard\\app\\api\\auth\\[...nextauth]\\route.ts"
2026-04-08T20:41:08.979856Z  INFO tailwindcss_oxide::scanner: Reading "C:\\Users\\admin\\Documents\\Payment Project\\v0-payment-gateway-dashboard\\app\\api\\admin\\stats\\route.ts"
2026-04-08T20:41:08.979981Z  INFO tailwindcss_oxide::scanner: Reading "C:\\Users\\admin\\Documents\\Payment Project\\v0-payment-gateway-dashboard\\app\\api\\admin\\audit\\route.ts"
2026-04-08T20:41:08.979990Z  INFO tailwindcss_oxide::scanner: Reading "C:\\Users\\admin\\Documents\\Payment Project\\v0-payment-gateway-dashboard\\app\\page.tsx"
2026-04-08T20:41:08.980001Z  INFO tailwindcss_oxide::scanner: Reading "C:\\Users\\admin\\Documents\\Payment Project\\v0-payment-gateway-dashboard\\app\\api\\merchant\\stores\\route.ts"
2026-04-08T20:41:08.980008Z  INFO tailwindcss_oxide::scanner: Reading "C:\\Users\\admin\\Documents\\Payment Project\\v0-payment-gateway-dashboard\\postcss.config.mjs"
2026-04-08T20:41:08.979897Z  INFO tailwindcss_oxide::scanner: Reading "C:\\Users\\admin\\Documents\\Payment Project\\v0-payment-gateway-dashboard\\lib\\vercel-domains.ts"
2026-04-08T20:41:08.980029Z  INFO tailwindcss_oxide::scanner: Reading "C:\\Users\\admin\\Documents\\Payment Project\\v0-payment-gateway-dashboard\\components\\ui\\scroll-area.tsx"
2026-04-08T20:41:08.979737Z  INFO tailwindcss_oxide::scanner: Reading "C:\\Users\\admin\\Documents\\Payment Project\\v0-payment-gateway-dashboard\\components\\ui\\radio-group.tsx"
2026-04-08T20:41:08.979911Z  INFO tailwindcss_oxide::scanner: Reading "C:\\Users\\admin\\Documents\\Payment Project\\v0-payment-gateway-dashboard\\docs\\USER_MANUAL_BILINGUAL.md"
2026-04-08T20:41:08.980056Z  INFO tailwindcss_oxide::scanner: Reading "C:\\Users\\admin\\Documents\\Payment Project\\v0-payment-gateway-dashboard\\package.json"
2026-04-08T20:41:08.979825Z  INFO tailwindcss_oxide::scanner: Reading "C:\\Users\\admin\\Documents\\Payment Project\\v0-payment-gateway-dashboard\\scripts\\014-telegram-config.sql"
2026-04-08T20:41:08.980076Z  INFO tailwindcss_oxide::scanner: Reading "C:\\Users\\admin\\Documents\\Payment Project\\v0-payment-gateway-dashboard\\app\\stores\\page.tsx"
2026-04-08T20:41:08.980084Z  INFO tailwindcss_oxide::scanner: Reading "C:\\Users\\admin\\Documents\\Payment Project\\v0-payment-gateway-dashboard\\eslint.config.mjs"
2026-04-08T20:41:08.979974Z  INFO tailwindcss_oxide::scanner: Reading "C:\\Users\\admin\\Documents\\Payment Project\\v0-payment-gateway-dashboard\\app\\api\\admin\\sessions\\route.ts"
2026-04-08T20:41:08.979861Z  INFO tailwindcss_oxide::scanner: Reading "C:\\Users\\admin\\Documents\\Payment Project\\v0-payment-gateway-dashboard\\components\\ui\\context-menu.tsx"
2026-04-08T20:41:08.979825Z  INFO tailwindcss_oxide::scanner: Reading "C:\\Users\\admin\\Documents\\Payment Project\\v0-payment-gateway-dashboard\\components\\ui\\hover-card.tsx"
2026-04-08T20:41:08.980011Z  INFO tailwindcss_oxide::scanner: Reading "C:\\Users\\admin\\Documents\\Payment Project\\v0-payment-gateway-dashboard\\components\\ui\\empty.tsx"
2026-04-08T20:41:08.980142Z  INFO tailwindcss_oxide::scanner: Reading "C:\\Users\\admin\\Documents\\Payment Project\\v0-payment-gateway-dashboard\\components\\ui\\form.tsx"
2026-04-08T20:41:08.980017Z  INFO tailwindcss_oxide::scanner: Reading "C:\\Users\\admin\\Documents\\Payment Project\\v0-payment-gateway-dashboard\\components\\ui\\toaster.tsx"
2026-04-08T20:41:08.980030Z  INFO tailwindcss_oxide::scanner: Reading "C:\\Users\\admin\\Documents\\Payment Project\\v0-payment-gateway-dashboard\\components\\ui\\progress.tsx"
2026-04-08T20:41:08.980165Z  INFO tailwindcss_oxide::scanner: Reading "C:\\Users\\admin\\Documents\\Payment Project\\v0-payment-gateway-dashboard\\components\\ui\\slider.tsx"
2026-04-08T20:41:08.979907Z  INFO tailwindcss_oxide::scanner: Reading "C:\\Users\\admin\\Documents\\Payment Project\\v0-payment-gateway-dashboard\\types\\next-auth.d.ts"
2026-04-08T20:41:08.980183Z  INFO tailwindcss_oxide::scanner: Reading "C:\\Users\\admin\\Documents\\Payment Project\\v0-payment-gateway-dashboard\\scripts\\create-user.js"
2026-04-08T20:41:08.980053Z  INFO tailwindcss_oxide::scanner: Reading "C:\\Users\\admin\\Documents\\Payment Project\\v0-payment-gateway-dashboard\\components\\ui\\resizable.tsx"
2026-04-08T20:41:08.979935Z  INFO tailwindcss_oxide::scanner: Reading "C:\\Users\\admin\\Documents\\Payment Project\\v0-payment-gateway-dashboard\\components\\ui\\input-group.tsx"
2026-04-08T20:41:08.980208Z  INFO tailwindcss_oxide::scanner: Reading "C:\\Users\\admin\\Documents\\Payment Project\\v0-payment-gateway-dashboard\\lib\\auth-config.ts"
2026-04-08T20:41:08.980086Z  INFO tailwindcss_oxide::scanner: Reading "C:\\Users\\admin\\Documents\\Payment Project\\v0-payment-gateway-dashboard\\lib\\utils.ts"
2026-04-08T20:41:08.980232Z  INFO tailwindcss_oxide::scanner: Reading "C:\\Users\\admin\\Documents\\Payment Project\\v0-payment-gateway-dashboard\\components\\ui\\spinner.tsx"
2026-04-08T20:41:08.980107Z  INFO tailwindcss_oxide::scanner: Reading "C:\\Users\\admin\\Documents\\Payment Project\\v0-payment-gateway-dashboard\\components\\dashboard\\connected-stores.tsx"
2026-04-08T20:41:08.980143Z  INFO tailwindcss_oxide::scanner: Reading "C:\\Users\\admin\\Documents\\Payment Project\\v0-payment-gateway-dashboard\\scripts\\restore.py"
2026-04-08T20:41:08.980267Z  INFO tailwindcss_oxide::scanner: Reading "C:\\Users\\admin\\Documents\\Payment Project\\v0-payment-gateway-dashboard\\lib\\telegram.ts"
2026-04-08T20:41:08.980274Z  INFO tailwindcss_oxide::scanner: Reading "C:\\Users\\admin\\Documents\\Payment Project\\v0-payment-gateway-dashboard\\components\\ui\\sonner.tsx"
2026-04-08T20:41:08.980281Z  INFO tailwindcss_oxide::scanner: Reading "C:\\Users\\admin\\Documents\\Payment Project\\v0-payment-gateway-dashboard\\scripts\\seed-users.mjs"
2026-04-08T20:41:08.980284Z  INFO tailwindcss_oxide::scanner: Reading "C:\\Users\\admin\\Documents\\Payment Project\\v0-payment-gateway-dashboard\\components\\domains\\shield-domains-manager.tsx"
2026-04-08T20:41:08.980146Z  INFO tailwindcss_oxide::scanner: Reading "C:\\Users\\admin\\Documents\\Payment Project\\v0-payment-gateway-dashboard\\scripts\\encrypt-secrets.mjs"
2026-04-08T20:41:08.980307Z  INFO tailwindcss_oxide::scanner: Reading "C:\\Users\\admin\\Documents\\Payment Project\\v0-payment-gateway-dashboard\\components\\ui\\textarea.tsx"
2026-04-08T20:41:08.980146Z  INFO tailwindcss_oxide::scanner: Reading "C:\\Users\\admin\\Documents\\Payment Project\\v0-payment-gateway-dashboard\\lib\\checkout-flow.ts"
2026-04-08T20:41:08.980333Z  INFO tailwindcss_oxide::scanner: Reading "C:\\Users\\admin\\Documents\\Payment Project\\v0-payment-gateway-dashboard\\components\\ui\\table.tsx"
2026-04-08T20:41:08.980159Z  INFO tailwindcss_oxide::scanner: Reading "C:\\Users\\admin\\Documents\\Payment Project\\v0-payment-gateway-dashboard\\lib\\behavioral-randomization.ts"
2026-04-08T20:41:08.980160Z  INFO tailwindcss_oxide::scanner: Reading "C:\\Users\\admin\\Documents\\Payment Project\\v0-payment-gateway-dashboard\\emails\\WelcomeMerchant.tsx"
2026-04-08T20:41:08.980033Z  INFO tailwindcss_oxide::scanner: Reading "C:\\Users\\admin\\Documents\\Payment Project\\v0-payment-gateway-dashboard\\components\\ui\\breadcrumb.tsx"
2026-04-08T20:41:08.980371Z  INFO tailwindcss_oxide::scanner: Reading "C:\\Users\\admin\\Documents\\Payment Project\\v0-payment-gateway-dashboard\\lib\\paypal.ts"
2026-04-08T20:41:08.980373Z  INFO tailwindcss_oxide::scanner: Reading "C:\\Users\\admin\\Documents\\Payment Project\\v0-payment-gateway-dashboard\\app\\api\\merchant\\accounts\\route.ts"
2026-04-08T20:41:08.980208Z  INFO tailwindcss_oxide::scanner: Reading "C:\\Users\\admin\\Documents\\Payment Project\\v0-payment-gateway-dashboard\\components\\ui\\dropdown-menu.tsx"
2026-04-08T20:41:08.980398Z  INFO tailwindcss_oxide::scanner: Reading "C:\\Users\\admin\\Documents\\Payment Project\\v0-payment-gateway-dashboard\\app\\api\\webhook\\paypal\\route.ts"
2026-04-08T20:41:08.980406Z  INFO tailwindcss_oxide::scanner: Reading "C:\\Users\\admin\\Documents\\Payment Project\\v0-payment-gateway-dashboard\\components\\ui\\label.tsx"
2026-04-08T20:41:08.980234Z  INFO tailwindcss_oxide::scanner: Reading "C:\\Users\\admin\\Documents\\Payment Project\\v0-payment-gateway-dashboard\\components\\ui\\tabs.tsx"
2026-04-08T20:41:08.980243Z  INFO tailwindcss_oxide::scanner: Reading "C:\\Users\\admin\\Documents\\Payment Project\\v0-payment-gateway-dashboard\\scripts\\migrate.sql"
2026-04-08T20:41:08.980256Z  INFO tailwindcss_oxide::scanner: Reading "C:\\Users\\admin\\Documents\\Payment Project\\v0-payment-gateway-dashboard\\tsconfig.json"
2026-04-08T20:41:08.980303Z  INFO tailwindcss_oxide::scanner: Reading "C:\\Users\\admin\\Documents\\Payment Project\\v0-payment-gateway-dashboard\\components\\ui\\button.tsx"
2026-04-08T20:41:08.980316Z  INFO tailwindcss_oxide::scanner: Reading "C:\\Users\\admin\\Documents\\Payment Project\\v0-payment-gateway-dashboard\\components\\ui\\badge.tsx"
2026-04-08T20:41:08.980345Z  INFO tailwindcss_oxide::scanner: Reading "C:\\Users\\admin\\Documents\\Payment Project\\v0-payment-gateway-dashboard\\lib\\shield-domain-service.ts"
2026-04-08T20:41:08.980353Z  INFO tailwindcss_oxide::scanner: Reading "C:\\Users\\admin\\Documents\\Payment Project\\v0-payment-gateway-dashboard\\components\\dashboard\\transaction-feed.tsx"
2026-04-08T20:41:08.980084Z  INFO tailwindcss_oxide::scanner: Reading "C:\\Users\\admin\\Documents\\Payment Project\\v0-payment-gateway-dashboard\\app\\api\\merchant\\stores\\regenerate-key\\route.ts"
2026-04-08T20:41:08.980389Z  INFO tailwindcss_oxide::scanner: Reading "C:\\Users\\admin\\Documents\\Payment Project\\v0-payment-gateway-dashboard\\app\\api\\merchant\\accounts\\sync\\route.ts"
2026-04-08T20:41:08.980400Z  INFO tailwindcss_oxide::scanner: Reading "C:\\Users\\admin\\Documents\\Payment Project\\v0-payment-gateway-dashboard\\app\\api\\merchant\\dashboard-stats\\route.ts"
2026-04-08T20:41:08.980220Z  INFO tailwindcss_oxide::scanner: Reading "C:\\Users\\admin\\Documents\\Payment Project\\v0-payment-gateway-dashboard\\components\\ui\\field.tsx"
2026-04-08T20:41:08.979720Z  INFO tailwindcss_oxide::scanner: Reading "C:\\Users\\admin\\Documents\\Payment Project\\v0-payment-gateway-dashboard\\components\\ui\\switch.tsx"
2026-04-08T20:41:08.980600Z  INFO discover_sources: tailwindcss_oxide::scanner: exit
2026-04-08T20:41:08.980614Z  INFO extract_candidates: tailwindcss_oxide::scanner: enter
2026-04-08T20:41:08.980620Z  INFO extract_candidates:parse_all_blobs: tailwindcss_oxide::scanner: enter
2026-04-08T20:41:08.980625Z  INFO extract_candidates:parse_all_blobs:extract: tailwindcss_oxide::scanner: enter
2026-04-08T20:41:08.984265Z  INFO extract_candidates:parse_all_blobs:extract: tailwindcss_oxide::scanner: exit
2026-04-08T20:41:08.984629Z  INFO extract_candidates:parse_all_blobs: tailwindcss_oxide::scanner: exit
2026-04-08T20:41:08.984646Z  INFO extract_candidates:read_all_files: tailwindcss_oxide::scanner: enter
2026-04-08T20:41:08.984653Z  INFO extract_candidates:read_all_files: tailwindcss_oxide::scanner: Reading 2 file(s)
2026-04-08T20:41:08.984800Z  INFO tailwindcss_oxide::scanner: Reading "C:\\Users\\admin\\Documents\\Payment Project\\v0-payment-gateway-dashboard\\styles\\globals.css"
2026-04-08T20:41:08.984800Z  INFO tailwindcss_oxide::scanner: Reading "C:\\Users\\admin\\Documents\\Payment Project\\v0-payment-gateway-dashboard\\app\\globals.css"
2026-04-08T20:41:08.984847Z  INFO extract_candidates:read_all_files: tailwindcss_oxide::scanner: exit
2026-04-08T20:41:08.984862Z  INFO extract_candidates:extract_css_variables: tailwindcss_oxide::scanner: enter
2026-04-08T20:41:08.984869Z  INFO extract_candidates:extract_css_variables:extract: tailwindcss_oxide::scanner: enter
2026-04-08T20:41:08.984983Z  INFO extract_candidates:extract_css_variables:extract: tailwindcss_oxide::scanner: exit
2026-04-08T20:41:08.984996Z  INFO extract_candidates:extract_css_variables: tailwindcss_oxide::scanner: exit
2026-04-08T20:41:08.985506Z  INFO extract_candidates: tailwindcss_oxide::scanner: exit
2026-04-08T20:41:08.987149Z  INFO get_files: tailwindcss_oxide::scanner: enter
2026-04-08T20:41:08.987165Z  INFO get_files:discover_sources: tailwindcss_oxide::scanner: enter
2026-04-08T20:41:08.987170Z  INFO get_files:discover_sources: tailwindcss_oxide::scanner: exit
2026-04-08T20:41:08.987279Z  INFO get_files: tailwindcss_oxide::scanner: exit
2026-04-08T20:41:08.987806Z  INFO get_globs: tailwindcss_oxide::scanner: enter
2026-04-08T20:41:08.987818Z  INFO get_globs: tailwindcss_oxide::scanner: exit
2026-04-08T20:47:19.920370Z  INFO discover_sources: tailwindcss_oxide::scanner: enter
2026-04-08T20:47:19.920432Z  INFO discover_sources:walk_parallel: tailwindcss_oxide::scanner: enter
2026-04-08T20:47:19.931293Z  INFO discover_sources:walk_parallel: tailwindcss_oxide::scanner: exit
2026-04-08T20:47:19.938620Z  INFO tailwindcss_oxide::scanner: Reading "C:\\Users\\admin\\Documents\\Payment Project\\v0-payment-gateway-dashboard\\app\\api\\gateway\\transactions\\[transactionId]\\replay\\route.ts"
2026-04-08T20:47:19.938640Z  INFO tailwindcss_oxide::scanner: Reading "C:\\Users\\admin\\Documents\\Payment Project\\v0-payment-gateway-dashboard\\app\\api\\merchant\\stores\\regenerate-webhook-secret\\route.ts"
2026-04-08T20:47:19.938653Z  INFO tailwindcss_oxide::scanner: Reading "C:\\Users\\admin\\Documents\\Payment Project\\v0-payment-gateway-dashboard\\scripts\\019-store-webhook-secret.sql"
2026-04-08T20:47:19.938660Z  INFO tailwindcss_oxide::scanner: Reading "C:\\Users\\admin\\Documents\\Payment Project\\v0-payment-gateway-dashboard\\components\\dashboard\\header.tsx"
2026-04-08T20:47:19.938670Z  INFO tailwindcss_oxide::scanner: Reading "C:\\Users\\admin\\Documents\\Payment Project\\v0-payment-gateway-dashboard\\app\\api\\merchant\\logs\\route.ts"
2026-04-08T20:47:19.938696Z  INFO tailwindcss_oxide::scanner: Reading "C:\\Users\\admin\\Documents\\Payment Project\\v0-payment-gateway-dashboard\\app\\order\\cancel\\page.tsx"
2026-04-08T20:47:19.938706Z  INFO tailwindcss_oxide::scanner: Reading "C:\\Users\\admin\\Documents\\Payment Project\\v0-payment-gateway-dashboard\\git_log_all.txt"
2026-04-08T20:47:19.938630Z  INFO tailwindcss_oxide::scanner: Reading "C:\\Users\\admin\\Documents\\Payment Project\\v0-payment-gateway-dashboard\\app\\stores\\page.tsx"
2026-04-08T20:47:19.938627Z  INFO tailwindcss_oxide::scanner: Reading "C:\\Users\\admin\\Documents\\Payment Project\\v0-payment-gateway-dashboard\\prisma\\schema.prisma"
2026-04-08T20:47:19.938741Z  INFO tailwindcss_oxide::scanner: Reading "C:\\Users\\admin\\Documents\\Payment Project\\v0-payment-gateway-dashboard\\app\\api\\cron\\recovery\\route.ts"
2026-04-08T20:47:19.938645Z  INFO tailwindcss_oxide::scanner: Reading "C:\\Users\\admin\\Documents\\Payment Project\\v0-payment-gateway-dashboard\\lib\\masking.ts"
2026-04-08T20:47:19.938642Z  INFO tailwindcss_oxide::scanner: Reading "C:\\Users\\admin\\Documents\\Payment Project\\v0-payment-gateway-dashboard\\lib\\gateway-auth.ts"
2026-04-08T20:47:19.938659Z  INFO tailwindcss_oxide::scanner: Reading "C:\\Users\\admin\\Documents\\Payment Project\\v0-payment-gateway-dashboard\\app\\accounts\\page.tsx"
2026-04-08T20:47:19.938713Z  INFO tailwindcss_oxide::scanner: Reading "C:\\Users\\admin\\Documents\\Payment Project\\v0-payment-gateway-dashboard\\scripts\\020-webhook-hardening.sql"
2026-04-08T20:47:19.938805Z  INFO tailwindcss_oxide::scanner: Reading "C:\\Users\\admin\\Documents\\Payment Project\\v0-payment-gateway-dashboard\\app\\api\\webhook\\paypal\\route.ts"
2026-04-08T20:47:19.938811Z  INFO tailwindcss_oxide::scanner: Reading "C:\\Users\\admin\\Documents\\Payment Project\\v0-payment-gateway-dashboard\\vercel.json"
2026-04-08T20:47:19.938819Z  INFO tailwindcss_oxide::scanner: Reading "C:\\Users\\admin\\Documents\\Payment Project\\v0-payment-gateway-dashboard\\app\\api\\gateway\\browser-result\\route.ts"
2026-04-08T20:47:19.938826Z  INFO tailwindcss_oxide::scanner: Reading "C:\\Users\\admin\\Documents\\Payment Project\\v0-payment-gateway-dashboard\\reflog-dump.txt"
2026-04-08T20:47:19.938779Z  INFO tailwindcss_oxide::scanner: Reading "C:\\Users\\admin\\Documents\\Payment Project\\v0-payment-gateway-dashboard\\lib\\transaction-status.ts"
2026-04-08T20:47:19.938737Z  INFO tailwindcss_oxide::scanner: Reading "C:\\Users\\admin\\Documents\\Payment Project\\v0-payment-gateway-dashboard\\app\\api\\gateway\\checkout\\route.ts"
2026-04-08T20:47:19.938728Z  INFO tailwindcss_oxide::scanner: Reading "C:\\Users\\admin\\Documents\\Payment Project\\v0-payment-gateway-dashboard\\docs\\STORE_WEBHOOK_CONTRACT.md"
2026-04-08T20:47:19.938625Z  INFO tailwindcss_oxide::scanner: Reading "C:\\Users\\admin\\Documents\\Payment Project\\v0-payment-gateway-dashboard\\app\\api\\gateway\\capture\\route.ts"
2026-04-08T20:47:19.938742Z  INFO tailwindcss_oxide::scanner: Reading "C:\\Users\\admin\\Documents\\Payment Project\\v0-payment-gateway-dashboard\\app\\docs\\api\\page.tsx"
2026-04-08T20:47:19.938769Z  INFO tailwindcss_oxide::scanner: Reading "C:\\Users\\admin\\Documents\\Payment Project\\v0-payment-gateway-dashboard\\app\\api\\merchant\\stores\\route.ts"
2026-04-08T20:47:19.938884Z  INFO tailwindcss_oxide::scanner: Reading "C:\\Users\\admin\\Documents\\Payment Project\\v0-payment-gateway-dashboard\\lib\\webhook-delivery.ts"
2026-04-08T20:47:19.938889Z  INFO tailwindcss_oxide::scanner: Reading "C:\\Users\\admin\\Documents\\Payment Project\\v0-payment-gateway-dashboard\\app\\transactions\\page.tsx"
2026-04-08T20:47:19.938767Z  INFO tailwindcss_oxide::scanner: Reading "C:\\Users\\admin\\Documents\\Payment Project\\v0-payment-gateway-dashboard\\package.json"
2026-04-08T20:47:19.938810Z  INFO tailwindcss_oxide::scanner: Reading "C:\\Users\\admin\\Documents\\Payment Project\\v0-payment-gateway-dashboard\\docs\\Next.js Merchant Integration Guide.md"
2026-04-08T20:47:19.938848Z  INFO tailwindcss_oxide::scanner: Reading "C:\\Users\\admin\\Documents\\Payment Project\\v0-payment-gateway-dashboard\\proxy.ts"
2026-04-08T20:47:19.938737Z  INFO tailwindcss_oxide::scanner: Reading "C:\\Users\\admin\\Documents\\Payment Project\\v0-payment-gateway-dashboard\\lib\\store-webhooks.ts"
2026-04-08T20:47:19.938877Z  INFO tailwindcss_oxide::scanner: Reading "C:\\Users\\admin\\Documents\\Payment Project\\v0-payment-gateway-dashboard\\app\\order\\success\\page.tsx"
2026-04-08T20:47:19.938767Z  INFO tailwindcss_oxide::scanner: Reading "C:\\Users\\admin\\Documents\\Payment Project\\v0-payment-gateway-dashboard\\app\\api\\merchant\\transactions\\capture\\route.ts"
2026-04-08T20:47:19.938621Z  INFO tailwindcss_oxide::scanner: Reading "C:\\Users\\admin\\Documents\\Payment Project\\v0-payment-gateway-dashboard\\app\\api\\gateway\\browser-status\\[transactionId]\\route.ts"
2026-04-08T20:47:19.938890Z  INFO tailwindcss_oxide::scanner: Reading "C:\\Users\\admin\\Documents\\Payment Project\\v0-payment-gateway-dashboard\\app\\api\\gateway\\transactions\\[transactionId]\\route.ts"
2026-04-08T20:47:19.938624Z  INFO tailwindcss_oxide::scanner: Reading "C:\\Users\\admin\\Documents\\Payment Project\\v0-payment-gateway-dashboard\\lib\\gateway-recovery.ts"
2026-04-08T20:47:19.938842Z  INFO tailwindcss_oxide::scanner: Reading "C:\\Users\\admin\\Documents\\Payment Project\\v0-payment-gateway-dashboard\\app\\order\\result-client.tsx"
2026-04-08T20:47:19.938904Z  INFO tailwindcss_oxide::scanner: Reading "C:\\Users\\admin\\Documents\\Payment Project\\v0-payment-gateway-dashboard\\app\\api\\merchant\\transactions\\[id]\\replay\\route.ts"
2026-04-08T20:47:19.938906Z  INFO tailwindcss_oxide::scanner: Reading "C:\\Users\\admin\\Documents\\Payment Project\\v0-payment-gateway-dashboard\\app\\api\\merchant\\transactions\\[id]\\route.ts"
2026-04-08T20:47:19.938923Z  INFO tailwindcss_oxide::scanner: Reading "C:\\Users\\admin\\Documents\\Payment Project\\v0-payment-gateway-dashboard\\app\\api\\merchant\\stores\\[id]\\route.ts"
2026-04-08T20:47:19.939080Z  INFO discover_sources: tailwindcss_oxide::scanner: exit
2026-04-08T20:47:19.939094Z  INFO extract_candidates: tailwindcss_oxide::scanner: enter
2026-04-08T20:47:19.939100Z  INFO extract_candidates:parse_all_blobs: tailwindcss_oxide::scanner: enter
2026-04-08T20:47:19.939105Z  INFO extract_candidates:parse_all_blobs:extract: tailwindcss_oxide::scanner: enter
2026-04-08T20:47:19.940975Z  INFO extract_candidates:parse_all_blobs:extract: tailwindcss_oxide::scanner: exit
2026-04-08T20:47:19.941204Z  INFO extract_candidates:parse_all_blobs: tailwindcss_oxide::scanner: exit
2026-04-08T20:47:19.941767Z  INFO extract_candidates: tailwindcss_oxide::scanner: exit
2026-04-08T20:47:19.944264Z  INFO get_files: tailwindcss_oxide::scanner: enter
2026-04-08T20:47:19.944298Z  INFO get_files:discover_sources: tailwindcss_oxide::scanner: enter
2026-04-08T20:47:19.944305Z  INFO get_files:discover_sources: tailwindcss_oxide::scanner: exit
2026-04-08T20:47:19.944465Z  INFO get_files: tailwindcss_oxide::scanner: exit
2026-04-08T20:47:19.945270Z  INFO get_globs: tailwindcss_oxide::scanner: enter
2026-04-08T20:47:19.945288Z  INFO get_globs: tailwindcss_oxide::scanner: exit
