2026-04-08T20:35:58.095076Z  INFO tailwindcss_oxide::scanner: Provided sources:
2026-04-08T20:35:58.095466Z  INFO tailwindcss_oxide::scanner: Source: PublicSourceEntry { base: "C:\\Users\\admin\\Documents\\Payment Project\\v0-payment-gateway-dashboard", pattern: "**/*", negated: false }
2026-04-08T20:35:58.095882Z  INFO tailwindcss_oxide::scanner: Optimized sources:
2026-04-08T20:35:58.095896Z  INFO tailwindcss_oxide::scanner: Source: Auto { base: "C:\\Users\\admin\\Documents\\Payment Project\\v0-payment-gateway-dashboard" }
2026-04-08T20:35:58.097375Z  INFO discover_sources: tailwindcss_oxide::scanner: enter
2026-04-08T20:35:58.097493Z  INFO discover_sources:walk_synchronous: tailwindcss_oxide::scanner: enter
2026-04-08T20:35:58.114466Z  INFO discover_sources:walk_synchronous: tailwindcss_oxide::scanner: exit
2026-04-08T20:35:58.115174Z  INFO tailwindcss_oxide::scanner: Reading "C:\\Users\\admin\\Documents\\Payment Project\\v0-payment-gateway-dashboard\\components\\ui\\dialog.tsx"
2026-04-08T20:35:58.115198Z  INFO tailwindcss_oxide::scanner: Reading "C:\\Users\\admin\\Documents\\Payment Project\\v0-payment-gateway-dashboard\\.env"
2026-04-08T20:35:58.115198Z  INFO tailwindcss_oxide::scanner: Reading "C:\\Users\\admin\\Documents\\Payment Project\\v0-payment-gateway-dashboard\\hooks\\use-toast.ts"
2026-04-08T20:35:58.115219Z  INFO tailwindcss_oxide::scanner: Reading "C:\\Users\\admin\\Documents\\Payment Project\\v0-payment-gateway-dashboard\\app\\domains\\page.tsx"
2026-04-08T20:35:58.115255Z  INFO tailwindcss_oxide::scanner: Reading "C:\\Users\\admin\\Documents\\Payment Project\\v0-payment-gateway-dashboard\\app\\api\\gateway\\checkout\\route.ts"
2026-04-08T20:35:58.115295Z  INFO tailwindcss_oxide::scanner: Reading "C:\\Users\\admin\\Documents\\Payment Project\\v0-payment-gateway-dashboard\\components\\ui\\drawer.tsx"
2026-04-08T20:35:58.115296Z  INFO tailwindcss_oxide::scanner: Reading "C:\\Users\\admin\\Documents\\Payment Project\\v0-payment-gateway-dashboard\\lib\\auth-config.ts"
2026-04-08T20:35:58.115311Z  INFO tailwindcss_oxide::scanner: Reading "C:\\Users\\admin\\Documents\\Payment Project\\v0-payment-gateway-dashboard\\app\\layout.tsx"
2026-04-08T20:35:58.115313Z  INFO tailwindcss_oxide::scanner: Reading "C:\\Users\\admin\\Documents\\Payment Project\\v0-payment-gateway-dashboard\\app\\api\\merchant\\stores\\regenerate-key\\route.ts"
2026-04-08T20:35:58.115326Z  INFO tailwindcss_oxide::scanner: Reading "C:\\Users\\admin\\Documents\\Payment Project\\v0-payment-gateway-dashboard\\scripts\\004-system-logs.sql"
2026-04-08T20:35:58.115341Z  INFO tailwindcss_oxide::scanner: Reading "C:\\Users\\admin\\Documents\\Payment Project\\v0-payment-gateway-dashboard\\app\\accounts\\page.tsx"
2026-04-08T20:35:58.115376Z  INFO tailwindcss_oxide::scanner: Reading "C:\\Users\\admin\\Documents\\Payment Project\\v0-payment-gateway-dashboard\\components\\ui\\dropdown-menu.tsx"
2026-04-08T20:35:58.115364Z  INFO tailwindcss_oxide::scanner: Reading "C:\\Users\\admin\\Documents\\Payment Project\\v0-payment-gateway-dashboard\\components\\ui\\sheet.tsx"
2026-04-08T20:35:58.115398Z  INFO tailwindcss_oxide::scanner: Reading "C:\\Users\\admin\\Documents\\Payment Project\\v0-payment-gateway-dashboard\\app\\login\\page.tsx"
2026-04-08T20:35:58.115410Z  INFO tailwindcss_oxide::scanner: Reading "C:\\Users\\admin\\Documents\\Payment Project\\v0-payment-gateway-dashboard\\app\\api\\merchant\\accounts\\route.ts"
2026-04-08T20:35:58.115414Z  INFO tailwindcss_oxide::scanner: Reading "C:\\Users\\admin\\Documents\\Payment Project\\v0-payment-gateway-dashboard\\scripts\\005-add-proxy-url.sql"
2026-04-08T20:35:58.115414Z  INFO tailwindcss_oxide::scanner: Reading "C:\\Users\\admin\\Documents\\Payment Project\\v0-payment-gateway-dashboard\\app\\api\\merchant\\stores\\route.ts"
2026-04-08T20:35:58.115430Z  INFO tailwindcss_oxide::scanner: Reading "C:\\Users\\admin\\Documents\\Payment Project\\v0-payment-gateway-dashboard\\lib\\behavioral-randomization.ts"
2026-04-08T20:35:58.115423Z  INFO tailwindcss_oxide::scanner: Reading "C:\\Users\\admin\\Documents\\Payment Project\\v0-payment-gateway-dashboard\\app\\admin\\domains\\page.tsx"
2026-04-08T20:35:58.115431Z  INFO tailwindcss_oxide::scanner: Reading "C:\\Users\\admin\\Documents\\Payment Project\\v0-payment-gateway-dashboard\\app\\api\\merchant\\transactions\\capture\\route.ts"
2026-04-08T20:35:58.115509Z  INFO tailwindcss_oxide::scanner: Reading "C:\\Users\\admin\\Documents\\Payment Project\\v0-payment-gateway-dashboard\\lib\\checkout-flow.ts"
2026-04-08T20:35:58.115491Z  INFO tailwindcss_oxide::scanner: Reading "C:\\Users\\admin\\Documents\\Payment Project\\v0-payment-gateway-dashboard\\scripts\\006-warmup-ramp.sql"
2026-04-08T20:35:58.115492Z  INFO tailwindcss_oxide::scanner: Reading "C:\\Users\\admin\\Documents\\Payment Project\\v0-payment-gateway-dashboard\\components\\ui\\sidebar.tsx"
2026-04-08T20:35:58.115549Z  INFO tailwindcss_oxide::scanner: Reading "C:\\Users\\admin\\Documents\\Payment Project\\v0-payment-gateway-dashboard\\app\\api\\merchant\\accounts\\sync\\route.ts"
2026-04-08T20:35:58.115446Z  INFO tailwindcss_oxide::scanner: Reading "C:\\Users\\admin\\Documents\\Payment Project\\v0-payment-gateway-dashboard\\components\\ui\\empty.tsx"
2026-04-08T20:35:58.115488Z  INFO tailwindcss_oxide::scanner: Reading "C:\\Users\\admin\\Documents\\Payment Project\\v0-payment-gateway-dashboard\\app\\logs\\page.tsx"
2026-04-08T20:35:58.115523Z  INFO tailwindcss_oxide::scanner: Reading "C:\\Users\\admin\\Documents\\Payment Project\\v0-payment-gateway-dashboard\\app\\api\\merchant\\stores\\[id]\\route.ts"
2026-04-08T20:35:58.115588Z  INFO tailwindcss_oxide::scanner: Reading "C:\\Users\\admin\\Documents\\Payment Project\\v0-payment-gateway-dashboard\\lib\\email.ts"
2026-04-08T20:35:58.115563Z  INFO tailwindcss_oxide::scanner: Reading "C:\\Users\\admin\\Documents\\Payment Project\\v0-payment-gateway-dashboard\\components\\dashboard\\rotation-logic.tsx"
2026-04-08T20:35:58.115478Z  INFO tailwindcss_oxide::scanner: Reading "C:\\Users\\admin\\Documents\\Payment Project\\v0-payment-gateway-dashboard\\components\\ui\\kbd.tsx"
2026-04-08T20:35:58.115619Z  INFO tailwindcss_oxide::scanner: Reading "C:\\Users\\admin\\Documents\\Payment Project\\v0-payment-gateway-dashboard\\scripts\\007-manual-capture.sql"
2026-04-08T20:35:58.115605Z  INFO tailwindcss_oxide::scanner: Reading "C:\\Users\\admin\\Documents\\Payment Project\\v0-payment-gateway-dashboard\\app\\analytics\\page.tsx"
2026-04-08T20:35:58.115620Z  INFO tailwindcss_oxide::scanner: Reading "C:\\Users\\admin\\Documents\\Payment Project\\v0-payment-gateway-dashboard\\components\\ui\\skeleton.tsx"
2026-04-08T20:35:58.115642Z  INFO tailwindcss_oxide::scanner: Reading "C:\\Users\\admin\\Documents\\Payment Project\\v0-payment-gateway-dashboard\\app\\api\\admin\\logs\\route.ts"
2026-04-08T20:35:58.115607Z  INFO tailwindcss_oxide::scanner: Reading "C:\\Users\\admin\\Documents\\Payment Project\\v0-payment-gateway-dashboard\\app\\api\\webhook\\paypal\\route.ts"
2026-04-08T20:35:58.115676Z  INFO tailwindcss_oxide::scanner: Reading "C:\\Users\\admin\\Documents\\Payment Project\\v0-payment-gateway-dashboard\\components\\ui\\field.tsx"
2026-04-08T20:35:58.115690Z  INFO tailwindcss_oxide::scanner: Reading "C:\\Users\\admin\\Documents\\Payment Project\\v0-payment-gateway-dashboard\\scripts\\008-admin-overhaul.sql"
2026-04-08T20:35:58.115692Z  INFO tailwindcss_oxide::scanner: Reading "C:\\Users\\admin\\Documents\\Payment Project\\v0-payment-gateway-dashboard\\components\\ui\\label.tsx"
2026-04-08T20:35:58.115698Z  INFO tailwindcss_oxide::scanner: Reading "C:\\Users\\admin\\Documents\\Payment Project\\v0-payment-gateway-dashboard\\app\\api\\merchant\\telegram\\route.ts"
2026-04-08T20:35:58.115705Z  INFO tailwindcss_oxide::scanner: Reading "C:\\Users\\admin\\Documents\\Payment Project\\v0-payment-gateway-dashboard\\components\\dashboard\\shield-domains.tsx"
2026-04-08T20:35:58.115606Z  INFO tailwindcss_oxide::scanner: Reading "C:\\Users\\admin\\Documents\\Payment Project\\v0-payment-gateway-dashboard\\app\\api\\merchant\\dashboard-stats\\route.ts"
2026-04-08T20:35:58.115718Z  INFO tailwindcss_oxide::scanner: Reading "C:\\Users\\admin\\Documents\\Payment Project\\v0-payment-gateway-dashboard\\app\\api\\merchant\\accounts\\[id]\\route.ts"
2026-04-08T20:35:58.115762Z  INFO tailwindcss_oxide::scanner: Reading "C:\\Users\\admin\\Documents\\Payment Project\\v0-payment-gateway-dashboard\\lib\\encryption.ts"
2026-04-08T20:35:58.115769Z  INFO tailwindcss_oxide::scanner: Reading "C:\\Users\\admin\\Documents\\Payment Project\\v0-payment-gateway-dashboard\\scripts\\009-system-settings.sql"
2026-04-08T20:35:58.115776Z  INFO tailwindcss_oxide::scanner: Reading "C:\\Users\\admin\\Documents\\Payment Project\\v0-payment-gateway-dashboard\\components\\ui\\form.tsx"
2026-04-08T20:35:58.115779Z  INFO tailwindcss_oxide::scanner: Reading "C:\\Users\\admin\\Documents\\Payment Project\\v0-payment-gateway-dashboard\\app\\api\\merchant\\analytics\\route.ts"
2026-04-08T20:35:58.115710Z  INFO tailwindcss_oxide::scanner: Reading "C:\\Users\\admin\\Documents\\Payment Project\\v0-payment-gateway-dashboard\\components\\ui\\slider.tsx"
2026-04-08T20:35:58.115799Z  INFO tailwindcss_oxide::scanner: Reading "C:\\Users\\admin\\Documents\\Payment Project\\v0-payment-gateway-dashboard\\components\\ui\\menubar.tsx"
2026-04-08T20:35:58.115813Z  INFO tailwindcss_oxide::scanner: Reading "C:\\Users\\admin\\Documents\\Payment Project\\v0-payment-gateway-dashboard\\components\\dashboard\\transaction-feed.tsx"
2026-04-08T20:35:58.115832Z  INFO tailwindcss_oxide::scanner: Reading "C:\\Users\\admin\\Documents\\Payment Project\\v0-payment-gateway-dashboard\\app\\api\\admin\\sessions\\route.ts"
2026-04-08T20:35:58.115848Z  INFO tailwindcss_oxide::scanner: Reading "C:\\Users\\admin\\Documents\\Payment Project\\v0-payment-gateway-dashboard\\components\\ui\\hover-card.tsx"
2026-04-08T20:35:58.115848Z  INFO tailwindcss_oxide::scanner: Reading "C:\\Users\\admin\\Documents\\Payment Project\\v0-payment-gateway-dashboard\\lib\\masking.ts"
2026-04-08T20:35:58.115855Z  INFO tailwindcss_oxide::scanner: Reading "C:\\Users\\admin\\Documents\\Payment Project\\v0-payment-gateway-dashboard\\app\\api\\admin\\control\\clear-fraud\\route.ts"
2026-04-08T20:35:58.115861Z  INFO tailwindcss_oxide::scanner: Reading "C:\\Users\\admin\\Documents\\Payment Project\\v0-payment-gateway-dashboard\\app\\api\\admin\\control\\rotate-domains\\route.ts"
2026-04-08T20:35:58.115869Z  INFO tailwindcss_oxide::scanner: Reading "C:\\Users\\admin\\Documents\\Payment Project\\v0-payment-gateway-dashboard\\app\\api\\merchant\\logs\\route.ts"
2026-04-08T20:35:58.115791Z  INFO tailwindcss_oxide::scanner: Reading "C:\\Users\\admin\\Documents\\Payment Project\\v0-payment-gateway-dashboard\\app\\api\\merchant\\telegram\\test\\route.ts"
2026-04-08T20:35:58.115892Z  INFO tailwindcss_oxide::scanner: Reading "C:\\Users\\admin\\Documents\\Payment Project\\v0-payment-gateway-dashboard\\components\\ui\\navigation-menu.tsx"
2026-04-08T20:35:58.115852Z  INFO tailwindcss_oxide::scanner: Reading "C:\\Users\\admin\\Documents\\Payment Project\\v0-payment-gateway-dashboard\\scripts\\010-system-logs-columns.sql"
2026-04-08T20:35:58.115913Z  INFO tailwindcss_oxide::scanner: Reading "C:\\Users\\admin\\Documents\\Payment Project\\v0-payment-gateway-dashboard\\app\\api\\admin\\settings\\route.ts"
2026-04-08T20:35:58.115924Z  INFO tailwindcss_oxide::scanner: Reading "C:\\Users\\admin\\Documents\\Payment Project\\v0-payment-gateway-dashboard\\components\\ui\\input-group.tsx"
2026-04-08T20:35:58.115934Z  INFO tailwindcss_oxide::scanner: Reading "C:\\Users\\admin\\Documents\\Payment Project\\v0-payment-gateway-dashboard\\app\\api\\admin\\control\\flush-ipn\\route.ts"
2026-04-08T20:35:58.115706Z  INFO tailwindcss_oxide::scanner: Reading "C:\\Users\\admin\\Documents\\Payment Project\\v0-payment-gateway-dashboard\\app\\api\\admin\\audit\\route.ts"
2026-04-08T20:35:58.115945Z  INFO tailwindcss_oxide::scanner: Reading "C:\\Users\\admin\\Documents\\Payment Project\\v0-payment-gateway-dashboard\\app\\api\\admin\\gateway-controls\\route.ts"
2026-04-08T20:35:58.115956Z  INFO tailwindcss_oxide::scanner: Reading "C:\\Users\\admin\\Documents\\Payment Project\\v0-payment-gateway-dashboard\\app\\api\\merchant\\test-connection\\route.ts"
2026-04-08T20:35:58.115972Z  INFO tailwindcss_oxide::scanner: Reading "C:\\Users\\admin\\Documents\\Payment Project\\v0-payment-gateway-dashboard\\components\\domains\\shield-domains-manager.tsx"
2026-04-08T20:35:58.115974Z  INFO tailwindcss_oxide::scanner: Reading "C:\\Users\\admin\\Documents\\Payment Project\\v0-payment-gateway-dashboard\\components\\ui\\pagination.tsx"
2026-04-08T20:35:58.115927Z  INFO tailwindcss_oxide::scanner: Reading "C:\\Users\\admin\\Documents\\Payment Project\\v0-payment-gateway-dashboard\\components\\ui\\sonner.tsx"
2026-04-08T20:35:58.115740Z  INFO tailwindcss_oxide::scanner: Reading "C:\\Users\\admin\\Documents\\Payment Project\\v0-payment-gateway-dashboard\\app\\checkout\\popup\\page.tsx"
2026-04-08T20:35:58.116000Z  INFO tailwindcss_oxide::scanner: Reading "C:\\Users\\admin\\Documents\\Payment Project\\v0-payment-gateway-dashboard\\components\\ui\\input-otp.tsx"
2026-04-08T20:35:58.116004Z  INFO tailwindcss_oxide::scanner: Reading "C:\\Users\\admin\\Documents\\Payment Project\\v0-payment-gateway-dashboard\\app\\api\\merchant\\rotation-settings\\route.ts"
2026-04-08T20:35:58.116006Z  INFO tailwindcss_oxide::scanner: Reading "C:\\Users\\admin\\Documents\\Payment Project\\v0-payment-gateway-dashboard\\app\\stores\\page.tsx"
2026-04-08T20:35:58.116026Z  INFO tailwindcss_oxide::scanner: Reading "C:\\Users\\admin\\Documents\\Payment Project\\v0-payment-gateway-dashboard\\components\\ui\\progress.tsx"
2026-04-08T20:35:58.116033Z  INFO tailwindcss_oxide::scanner: Reading "C:\\Users\\admin\\Documents\\Payment Project\\v0-payment-gateway-dashboard\\app\\api\\admin\\gateway-key\\route.ts"
2026-04-08T20:35:58.116035Z  INFO tailwindcss_oxide::scanner: Reading "C:\\Users\\admin\\Documents\\Payment Project\\v0-payment-gateway-dashboard\\scripts\\016-rotation-strategy.sql"
2026-04-08T20:35:58.116048Z  INFO tailwindcss_oxide::scanner: Reading "C:\\Users\\admin\\Documents\\Payment Project\\v0-payment-gateway-dashboard\\components\\nav\\notification-bell.tsx"
2026-04-08T20:35:58.116054Z  INFO tailwindcss_oxide::scanner: Reading "C:\\Users\\admin\\Documents\\Payment Project\\v0-payment-gateway-dashboard\\components\\ui\\popover.tsx"
2026-04-08T20:35:58.115650Z  INFO tailwindcss_oxide::scanner: Reading "C:\\Users\\admin\\Documents\\Payment Project\\v0-payment-gateway-dashboard\\app\\order\\cancel\\page.tsx"
2026-04-08T20:35:58.116065Z  INFO tailwindcss_oxide::scanner: Reading "C:\\Users\\admin\\Documents\\Payment Project\\v0-payment-gateway-dashboard\\components\\ui\\input.tsx"
2026-04-08T20:35:58.115726Z  INFO tailwindcss_oxide::scanner: Reading "C:\\Users\\admin\\Documents\\Payment Project\\v0-payment-gateway-dashboard\\app\\api\\admin\\tenants\\route.ts"
2026-04-08T20:35:58.116009Z  INFO tailwindcss_oxide::scanner: Reading "C:\\Users\\admin\\Documents\\Payment Project\\v0-payment-gateway-dashboard\\app\\api\\admin\\control\\reset-counters\\route.ts"
2026-04-08T20:35:58.115974Z  INFO tailwindcss_oxide::scanner: Reading "C:\\Users\\admin\\Documents\\Payment Project\\v0-payment-gateway-dashboard\\lib\\merchant-rotation.ts"
2026-04-08T20:35:58.116099Z  INFO tailwindcss_oxide::scanner: Reading "C:\\Users\\admin\\Documents\\Payment Project\\v0-payment-gateway-dashboard\\components\\ui\\radio-group.tsx"
2026-04-08T20:35:58.116083Z  INFO tailwindcss_oxide::scanner: Reading "C:\\Users\\admin\\Documents\\Payment Project\\v0-payment-gateway-dashboard\\app\\super-admin\\domains\\page.tsx"
2026-04-08T20:35:58.116119Z  INFO tailwindcss_oxide::scanner: Reading "C:\\Users\\admin\\Documents\\Payment Project\\v0-payment-gateway-dashboard\\components\\auth\\session-provider.tsx"
2026-04-08T20:35:58.116113Z  INFO tailwindcss_oxide::scanner: Reading "C:\\Users\\admin\\Documents\\Payment Project\\v0-payment-gateway-dashboard\\scripts\\017-capture-mode.sql"
2026-04-08T20:35:58.116126Z  INFO tailwindcss_oxide::scanner: Reading "C:\\Users\\admin\\Documents\\Payment Project\\v0-payment-gateway-dashboard\\components\\ui\\scroll-area.tsx"
2026-04-08T20:35:58.116135Z  INFO tailwindcss_oxide::scanner: Reading "C:\\Users\\admin\\Documents\\Payment Project\\v0-payment-gateway-dashboard\\scripts\\011-token-blacklist.sql"
2026-04-08T20:35:58.116172Z  INFO tailwindcss_oxide::scanner: Reading "C:\\Users\\admin\\Documents\\Payment Project\\v0-payment-gateway-dashboard\\lib\\neon.ts"
2026-04-08T20:35:58.116074Z  INFO tailwindcss_oxide::scanner: Reading "C:\\Users\\admin\\Documents\\Payment Project\\v0-payment-gateway-dashboard\\app\\checkout\\popup\\popup-client.tsx"
2026-04-08T20:35:58.116193Z  INFO tailwindcss_oxide::scanner: Reading "C:\\Users\\admin\\Documents\\Payment Project\\v0-payment-gateway-dashboard\\components\\dashboard\\connected-stores.tsx"
2026-04-08T20:35:58.116160Z  INFO tailwindcss_oxide::scanner: Reading "C:\\Users\\admin\\Documents\\Payment Project\\v0-payment-gateway-dashboard\\app\\api\\admin\\shield-domains\\route.ts"
2026-04-08T20:35:58.116134Z  INFO tailwindcss_oxide::scanner: Reading "C:\\Users\\admin\\Documents\\Payment Project\\v0-payment-gateway-dashboard\\components\\ui\\item.tsx"
2026-04-08T20:35:58.116000Z  INFO tailwindcss_oxide::scanner: Reading "C:\\Users\\admin\\Documents\\Payment Project\\v0-payment-gateway-dashboard\\app\\api\\admin\\settings\\test-telegram\\route.ts"
2026-04-08T20:35:58.116241Z  INFO tailwindcss_oxide::scanner: Reading "C:\\Users\\admin\\Documents\\Payment Project\\v0-payment-gateway-dashboard\\app\\api\\admin\\stats\\route.ts"
2026-04-08T20:35:58.116124Z  INFO tailwindcss_oxide::scanner: Reading "C:\\Users\\admin\\Documents\\Payment Project\\v0-payment-gateway-dashboard\\components\\nav\\top-bar.tsx"
2026-04-08T20:35:58.116083Z  INFO tailwindcss_oxide::scanner: Reading "C:\\Users\\admin\\Documents\\Payment Project\\v0-payment-gateway-dashboard\\app\\api\\merchant\\shield-domains\\route.ts"
2026-04-08T20:35:58.116272Z  INFO tailwindcss_oxide::scanner: Reading "C:\\Users\\admin\\Documents\\Payment Project\\v0-payment-gateway-dashboard\\components\\dashboard\\global-metrics.tsx"
2026-04-08T20:35:58.116138Z  INFO tailwindcss_oxide::scanner: Reading "C:\\Users\\admin\\Documents\\Payment Project\\v0-payment-gateway-dashboard\\app\\order\\result-client.tsx"
2026-04-08T20:35:58.116305Z  INFO tailwindcss_oxide::scanner: Reading "C:\\Users\\admin\\Documents\\Payment Project\\v0-payment-gateway-dashboard\\app\\order\\success\\page.tsx"
2026-04-08T20:35:58.116312Z  INFO tailwindcss_oxide::scanner: Reading "C:\\Users\\admin\\Documents\\Payment Project\\v0-payment-gateway-dashboard\\app\\privacy\\page.tsx"
2026-04-08T20:35:58.116319Z  INFO tailwindcss_oxide::scanner: Reading "C:\\Users\\admin\\Documents\\Payment Project\\v0-payment-gateway-dashboard\\scripts\\012-fraud-blocklist.sql"
2026-04-08T20:35:58.116323Z  INFO tailwindcss_oxide::scanner: Reading "C:\\Users\\admin\\Documents\\Payment Project\\v0-payment-gateway-dashboard\\lib\\telegram.ts"
2026-04-08T20:35:58.116337Z  INFO tailwindcss_oxide::scanner: Reading "C:\\Users\\admin\\Documents\\Payment Project\\v0-payment-gateway-dashboard\\components\\theme-provider.tsx"
2026-04-08T20:35:58.116346Z  INFO tailwindcss_oxide::scanner: Reading "C:\\Users\\admin\\Documents\\Payment Project\\v0-payment-gateway-dashboard\\app\\api\\merchant\\stores\\capture-mode\\route.ts"
2026-04-08T20:35:58.116355Z  INFO tailwindcss_oxide::scanner: Reading "C:\\Users\\admin\\Documents\\Payment Project\\v0-payment-gateway-dashboard\\components\\dashboard\\header.tsx"
2026-04-08T20:35:58.116173Z  INFO tailwindcss_oxide::scanner: Reading "C:\\Users\\admin\\Documents\\Payment Project\\v0-payment-gateway-dashboard\\components\\ui\\resizable.tsx"
2026-04-08T20:35:58.116220Z  INFO tailwindcss_oxide::scanner: Reading "C:\\Users\\admin\\Documents\\Payment Project\\v0-payment-gateway-dashboard\\app\\super-admin\\page.tsx"
2026-04-08T20:35:58.116196Z  INFO tailwindcss_oxide::scanner: Reading "C:\\Users\\admin\\Documents\\Payment Project\\v0-payment-gateway-dashboard\\scripts\\018-checkout-flow.sql"
2026-04-08T20:35:58.116397Z  INFO tailwindcss_oxide::scanner: Reading "C:\\Users\\admin\\Documents\\Payment Project\\v0-payment-gateway-dashboard\\lib\\utils.ts"
2026-04-08T20:35:58.116411Z  INFO tailwindcss_oxide::scanner: Reading "C:\\Users\\admin\\Documents\\Payment Project\\v0-payment-gateway-dashboard\\components\\ui\\accordion.tsx"
2026-04-08T20:35:58.116226Z  INFO tailwindcss_oxide::scanner: Reading "C:\\Users\\admin\\Documents\\Payment Project\\v0-payment-gateway-dashboard\\app\\api\\auth\\change-email\\route.ts"
2026-04-08T20:35:58.116253Z  INFO tailwindcss_oxide::scanner: Reading "C:\\Users\\admin\\Documents\\Payment Project\\v0-payment-gateway-dashboard\\app\\dashboard\\page.tsx"
2026-04-08T20:35:58.116435Z  INFO tailwindcss_oxide::scanner: Reading "C:\\Users\\admin\\Documents\\Payment Project\\v0-payment-gateway-dashboard\\components\\dashboard\\live-feed.tsx"
2026-04-08T20:35:58.116205Z  INFO tailwindcss_oxide::scanner: Reading "C:\\Users\\admin\\Documents\\Payment Project\\v0-payment-gateway-dashboard\\components\\ui\\select.tsx"
2026-04-08T20:35:58.116354Z  INFO tailwindcss_oxide::scanner: Reading "C:\\Users\\admin\\Documents\\Payment Project\\v0-payment-gateway-dashboard\\components\\ui\\toaster.tsx"
2026-04-08T20:35:58.116058Z  INFO tailwindcss_oxide::scanner: Reading "C:\\Users\\admin\\Documents\\Payment Project\\v0-payment-gateway-dashboard\\components\\ui\\spinner.tsx"
2026-04-08T20:35:58.116470Z  INFO tailwindcss_oxide::scanner: Reading "C:\\Users\\admin\\Documents\\Payment Project\\v0-payment-gateway-dashboard\\scripts\\create-user.js"
2026-04-08T20:35:58.116478Z  INFO tailwindcss_oxide::scanner: Reading "C:\\Users\\admin\\Documents\\Payment Project\\v0-payment-gateway-dashboard\\app\\terms\\page.tsx"
2026-04-08T20:35:58.116489Z  INFO tailwindcss_oxide::scanner: Reading "C:\\Users\\admin\\Documents\\Payment Project\\v0-payment-gateway-dashboard\\components\\ui\\alert-dialog.tsx"
2026-04-08T20:35:58.116274Z  INFO tailwindcss_oxide::scanner: Reading "C:\\Users\\admin\\Documents\\Payment Project\\v0-payment-gateway-dashboard\\lib\\paypal.ts"
2026-04-08T20:35:58.116387Z  INFO tailwindcss_oxide::scanner: Reading "C:\\Users\\admin\\Documents\\Payment Project\\v0-payment-gateway-dashboard\\app\\request-access\\page.tsx"
2026-04-08T20:35:58.116421Z  INFO tailwindcss_oxide::scanner: Reading "C:\\Users\\admin\\Documents\\Payment Project\\v0-payment-gateway-dashboard\\app\\api\\merchant\\stores\\checkout-flow\\route.ts"
2026-04-08T20:35:58.116521Z  INFO tailwindcss_oxide::scanner: Reading "C:\\Users\\admin\\Documents\\Payment Project\\v0-payment-gateway-dashboard\\app\\docs\\api\\page.tsx"
2026-04-08T20:35:58.116361Z  INFO tailwindcss_oxide::scanner: Reading "C:\\Users\\admin\\Documents\\Payment Project\\v0-payment-gateway-dashboard\\scripts\\013-merchant-masking.sql"
2026-04-08T20:35:58.116538Z  INFO tailwindcss_oxide::scanner: Reading "C:\\Users\\admin\\Documents\\Payment Project\\v0-payment-gateway-dashboard\\components\\ui\\switch.tsx"
2026-04-08T20:35:58.116540Z  INFO tailwindcss_oxide::scanner: Reading "C:\\Users\\admin\\Documents\\Payment Project\\v0-payment-gateway-dashboard\\components\\ui\\separator.tsx"
2026-04-08T20:35:58.116545Z  INFO tailwindcss_oxide::scanner: Reading "C:\\Users\\admin\\Documents\\Payment Project\\v0-payment-gateway-dashboard\\scripts\\encrypt-secrets.mjs"
2026-04-08T20:35:58.116552Z  INFO tailwindcss_oxide::scanner: Reading "C:\\Users\\admin\\Documents\\Payment Project\\v0-payment-gateway-dashboard\\components\\ui\\toggle-group.tsx"
2026-04-08T20:35:58.116559Z  INFO tailwindcss_oxide::scanner: Reading "C:\\Users\\admin\\Documents\\Payment Project\\v0-payment-gateway-dashboard\\components\\ui\\alert.tsx"
2026-04-08T20:35:58.116579Z  INFO tailwindcss_oxide::scanner: Reading "C:\\Users\\admin\\Documents\\Payment Project\\v0-payment-gateway-dashboard\\app\\settings\\page.tsx"
2026-04-08T20:35:58.116478Z  INFO tailwindcss_oxide::scanner: Reading "C:\\Users\\admin\\Documents\\Payment Project\\v0-payment-gateway-dashboard\\components\\dashboard\\merchant-accounts.tsx"
2026-04-08T20:35:58.116491Z  INFO tailwindcss_oxide::scanner: Reading "C:\\Users\\admin\\Documents\\Payment Project\\v0-payment-gateway-dashboard\\lib\\vercel-domains.ts"
2026-04-08T20:35:58.116489Z  INFO tailwindcss_oxide::scanner: Reading "C:\\Users\\admin\\Documents\\Payment Project\\v0-payment-gateway-dashboard\\prisma\\schema.prisma"
2026-04-08T20:35:58.116616Z  INFO tailwindcss_oxide::scanner: Reading "C:\\Users\\admin\\Documents\\Payment Project\\v0-payment-gateway-dashboard\\scripts\\014-telegram-config.sql"
2026-04-08T20:35:58.116619Z  INFO tailwindcss_oxide::scanner: Reading "C:\\Users\\admin\\Documents\\Payment Project\\v0-payment-gateway-dashboard\\components.json"
2026-04-08T20:35:58.116412Z  INFO tailwindcss_oxide::scanner: Reading "C:\\Users\\admin\\Documents\\Payment Project\\v0-payment-gateway-dashboard\\app\\page.tsx"
2026-04-08T20:35:58.116382Z  INFO tailwindcss_oxide::scanner: Reading "C:\\Users\\admin\\Documents\\Payment Project\\v0-payment-gateway-dashboard\\app\\super-admin\\tenants\\page.tsx"
2026-04-08T20:35:58.116661Z  INFO tailwindcss_oxide::scanner: Reading "C:\\Users\\admin\\Documents\\Payment Project\\v0-payment-gateway-dashboard\\eslint.config.mjs"
2026-04-08T20:35:58.116580Z  INFO tailwindcss_oxide::scanner: Reading "C:\\Users\\admin\\Documents\\Payment Project\\v0-payment-gateway-dashboard\\next.config.mjs"
2026-04-08T20:35:58.116593Z  INFO tailwindcss_oxide::scanner: Reading "C:\\Users\\admin\\Documents\\Payment Project\\v0-payment-gateway-dashboard\\app\\transactions\\page.tsx"
2026-04-08T20:35:58.116689Z  INFO tailwindcss_oxide::scanner: Reading "C:\\Users\\admin\\Documents\\Payment Project\\v0-payment-gateway-dashboard\\hooks\\use-mobile.ts"
2026-04-08T20:35:58.116594Z  INFO tailwindcss_oxide::scanner: Reading "C:\\Users\\admin\\Documents\\Payment Project\\v0-payment-gateway-dashboard\\app\\api\\auth\\[...nextauth]\\route.ts"
2026-04-08T20:35:58.116606Z  INFO tailwindcss_oxide::scanner: Reading "C:\\Users\\admin\\Documents\\Payment Project\\v0-payment-gateway-dashboard\\components\\ui\\badge.tsx"
2026-04-08T20:35:58.116719Z  INFO tailwindcss_oxide::scanner: Reading "C:\\Users\\admin\\Documents\\Payment Project\\v0-payment-gateway-dashboard\\components\\ui\\carousel.tsx"
2026-04-08T20:35:58.116606Z  INFO tailwindcss_oxide::scanner: Reading "C:\\Users\\admin\\Documents\\Payment Project\\v0-payment-gateway-dashboard\\components\\ui\\table.tsx"
2026-04-08T20:35:58.116731Z  INFO tailwindcss_oxide::scanner: Reading "C:\\Users\\admin\\Documents\\Payment Project\\v0-payment-gateway-dashboard\\components\\ui\\button.tsx"
2026-04-08T20:35:58.116616Z  INFO tailwindcss_oxide::scanner: Reading "C:\\Users\\admin\\Documents\\Payment Project\\v0-payment-gateway-dashboard\\scripts\\015-email-change-codes.sql"
2026-04-08T20:35:58.116628Z  INFO tailwindcss_oxide::scanner: Reading "C:\\Users\\admin\\Documents\\Payment Project\\v0-payment-gateway-dashboard\\scripts\\migrate.sql"
2026-04-08T20:35:58.116762Z  INFO tailwindcss_oxide::scanner: Reading "C:\\Users\\admin\\Documents\\Payment Project\\v0-payment-gateway-dashboard\\components\\ui\\avatar.tsx"
2026-04-08T20:35:58.116628Z  INFO tailwindcss_oxide::scanner: Reading "C:\\Users\\admin\\Documents\\Payment Project\\v0-payment-gateway-dashboard\\components\\ui\\aspect-ratio.tsx"
2026-04-08T20:35:58.116629Z  INFO tailwindcss_oxide::scanner: Reading "C:\\Users\\admin\\Documents\\Payment Project\\v0-payment-gateway-dashboard\\components\\ui\\toggle.tsx"
2026-04-08T20:35:58.116503Z  INFO tailwindcss_oxide::scanner: Reading "C:\\Users\\admin\\Documents\\Payment Project\\v0-payment-gateway-dashboard\\app\\api\\auth\\change-password\\route.ts"
2026-04-08T20:35:58.116799Z  INFO tailwindcss_oxide::scanner: Reading "C:\\Users\\admin\\Documents\\Payment Project\\v0-payment-gateway-dashboard\\components\\ui\\breadcrumb.tsx"
2026-04-08T20:35:58.116585Z  INFO tailwindcss_oxide::scanner: Reading "C:\\Users\\admin\\Documents\\Payment Project\\v0-payment-gateway-dashboard\\lib\\shield-domain-service.ts"
2026-04-08T20:35:58.116685Z  INFO tailwindcss_oxide::scanner: Reading "C:\\Users\\admin\\Documents\\Payment Project\\v0-payment-gateway-dashboard\\docs\\USER_MANUAL_BILINGUAL.md"
2026-04-08T20:35:58.116691Z  INFO tailwindcss_oxide::scanner: Reading "C:\\Users\\admin\\Documents\\Payment Project\\v0-payment-gateway-dashboard\\proxy.ts"
2026-04-08T20:35:58.116479Z  INFO tailwindcss_oxide::scanner: Reading "C:\\Users\\admin\\Documents\\Payment Project\\v0-payment-gateway-dashboard\\scripts\\restore.py"
2026-04-08T20:35:58.116708Z  INFO tailwindcss_oxide::scanner: Reading "C:\\Users\\admin\\Documents\\Payment Project\\v0-payment-gateway-dashboard\\app\\api\\cron\\reset-volume\\route.ts"
2026-04-08T20:35:58.116722Z  INFO tailwindcss_oxide::scanner: Reading "C:\\Users\\admin\\Documents\\Payment Project\\v0-payment-gateway-dashboard\\app\\api\\gateway\\capture\\route.ts"
2026-04-08T20:35:58.116875Z  INFO tailwindcss_oxide::scanner: Reading "C:\\Users\\admin\\Documents\\Payment Project\\v0-payment-gateway-dashboard\\components\\ui\\command.tsx"
2026-04-08T20:35:58.116878Z  INFO tailwindcss_oxide::scanner: Reading "C:\\Users\\admin\\Documents\\Payment Project\\v0-payment-gateway-dashboard\\tsconfig.json"
2026-04-08T20:35:58.116886Z  INFO tailwindcss_oxide::scanner: Reading "C:\\Users\\admin\\Documents\\Payment Project\\v0-payment-gateway-dashboard\\postcss.config.mjs"
2026-04-08T20:35:58.116887Z  INFO tailwindcss_oxide::scanner: Reading "C:\\Users\\admin\\Documents\\Payment Project\\v0-payment-gateway-dashboard\\types\\next-auth.d.ts"
2026-04-08T20:35:58.116770Z  INFO tailwindcss_oxide::scanner: Reading "C:\\Users\\admin\\Documents\\Payment Project\\v0-payment-gateway-dashboard\\hooks\\use-notifications.ts"
2026-04-08T20:35:58.116913Z  INFO tailwindcss_oxide::scanner: Reading "C:\\Users\\admin\\Documents\\Payment Project\\v0-payment-gateway-dashboard\\README.md"
2026-04-08T20:35:58.116787Z  INFO tailwindcss_oxide::scanner: Reading "C:\\Users\\admin\\Documents\\Payment Project\\v0-payment-gateway-dashboard\\components\\ui\\calendar.tsx"
2026-04-08T20:35:58.116928Z  INFO tailwindcss_oxide::scanner: Reading "C:\\Users\\admin\\Documents\\Payment Project\\v0-payment-gateway-dashboard\\scripts\\seed-users.mjs"
2026-04-08T20:35:58.116796Z  INFO tailwindcss_oxide::scanner: Reading "C:\\Users\\admin\\Documents\\Payment Project\\v0-payment-gateway-dashboard\\components\\ui\\chart.tsx"
2026-04-08T20:35:58.116806Z  INFO tailwindcss_oxide::scanner: Reading "C:\\Users\\admin\\Documents\\Payment Project\\v0-payment-gateway-dashboard\\components\\ui\\collapsible.tsx"
2026-04-08T20:35:58.116807Z  INFO tailwindcss_oxide::scanner: Reading "C:\\Users\\admin\\Documents\\Payment Project\\v0-payment-gateway-dashboard\\components\\ui\\tooltip.tsx"
2026-04-08T20:35:58.116821Z  INFO tailwindcss_oxide::scanner: Reading "C:\\Users\\admin\\Documents\\Payment Project\\v0-payment-gateway-dashboard\\components\\ui\\card.tsx"
2026-04-08T20:35:58.116986Z  INFO tailwindcss_oxide::scanner: Reading "C:\\Users\\admin\\Documents\\Payment Project\\v0-payment-gateway-dashboard\\emails\\WelcomeMerchant.tsx"
2026-04-08T20:35:58.116989Z  INFO tailwindcss_oxide::scanner: Reading "C:\\Users\\admin\\Documents\\Payment Project\\v0-payment-gateway-dashboard\\vercel.json"
2026-04-08T20:35:58.116994Z  INFO tailwindcss_oxide::scanner: Reading "C:\\Users\\admin\\Documents\\Payment Project\\v0-payment-gateway-dashboard\\scripts\\002-schema-init.sql"
2026-04-08T20:35:58.117000Z  INFO tailwindcss_oxide::scanner: Reading "C:\\Users\\admin\\Documents\\Payment Project\\v0-payment-gateway-dashboard\\components\\ui\\textarea.tsx"
2026-04-08T20:35:58.117006Z  INFO tailwindcss_oxide::scanner: Reading "C:\\Users\\admin\\Documents\\Payment Project\\v0-payment-gateway-dashboard\\scripts\\003-add-webhook-id.sql"
2026-04-08T20:35:58.116857Z  INFO tailwindcss_oxide::scanner: Reading "C:\\Users\\admin\\Documents\\Payment Project\\v0-payment-gateway-dashboard\\components\\ui\\use-mobile.tsx"
2026-04-08T20:35:58.116756Z  INFO tailwindcss_oxide::scanner: Reading "C:\\Users\\admin\\Documents\\Payment Project\\v0-payment-gateway-dashboard\\package.json"
2026-04-08T20:35:58.117033Z  INFO tailwindcss_oxide::scanner: Reading "C:\\Users\\admin\\Documents\\Payment Project\\v0-payment-gateway-dashboard\\components\\ui\\toast.tsx"
2026-04-08T20:35:58.117000Z  INFO tailwindcss_oxide::scanner: Reading "C:\\Users\\admin\\Documents\\Payment Project\\v0-payment-gateway-dashboard\\components\\ui\\checkbox.tsx"
2026-04-08T20:35:58.116835Z  INFO tailwindcss_oxide::scanner: Reading "C:\\Users\\admin\\Documents\\Payment Project\\v0-payment-gateway-dashboard\\components\\ui\\button-group.tsx"
2026-04-08T20:35:58.116851Z  INFO tailwindcss_oxide::scanner: Reading "C:\\Users\\admin\\Documents\\Payment Project\\v0-payment-gateway-dashboard\\reflog.txt"
2026-04-08T20:35:58.117010Z  INFO tailwindcss_oxide::scanner: Reading "C:\\Users\\admin\\Documents\\Payment Project\\v0-payment-gateway-dashboard\\scripts\\seed-users.sql"
2026-04-08T20:35:58.117022Z  INFO tailwindcss_oxide::scanner: Reading "C:\\Users\\admin\\Documents\\Payment Project\\v0-payment-gateway-dashboard\\components\\ui\\context-menu.tsx"
2026-04-08T20:35:58.117029Z  INFO tailwindcss_oxide::scanner: Reading "C:\\Users\\admin\\Documents\\Payment Project\\v0-payment-gateway-dashboard\\components\\ui\\use-toast.ts"
2026-04-08T20:35:58.116754Z  INFO tailwindcss_oxide::scanner: Reading "C:\\Users\\admin\\Documents\\Payment Project\\v0-payment-gateway-dashboard\\components\\ui\\tabs.tsx"
2026-04-08T20:35:58.117292Z  INFO discover_sources: tailwindcss_oxide::scanner: exit
2026-04-08T20:35:58.117308Z  INFO extract_candidates: tailwindcss_oxide::scanner: enter
2026-04-08T20:35:58.117312Z  INFO extract_candidates:parse_all_blobs: tailwindcss_oxide::scanner: enter
2026-04-08T20:35:58.117317Z  INFO extract_candidates:parse_all_blobs:extract: tailwindcss_oxide::scanner: enter
2026-04-08T20:35:58.121055Z  INFO extract_candidates:parse_all_blobs:extract: tailwindcss_oxide::scanner: exit
2026-04-08T20:35:58.121308Z  INFO extract_candidates:parse_all_blobs: tailwindcss_oxide::scanner: exit
2026-04-08T20:35:58.121317Z  INFO extract_candidates:read_all_files: tailwindcss_oxide::scanner: enter
2026-04-08T20:35:58.121320Z  INFO extract_candidates:read_all_files: tailwindcss_oxide::scanner: Reading 2 file(s)
2026-04-08T20:35:58.121467Z  INFO tailwindcss_oxide::scanner: Reading "C:\\Users\\admin\\Documents\\Payment Project\\v0-payment-gateway-dashboard\\app\\globals.css"
2026-04-08T20:35:58.121467Z  INFO tailwindcss_oxide::scanner: Reading "C:\\Users\\admin\\Documents\\Payment Project\\v0-payment-gateway-dashboard\\styles\\globals.css"
2026-04-08T20:35:58.121584Z  INFO extract_candidates:read_all_files: tailwindcss_oxide::scanner: exit
2026-04-08T20:35:58.121598Z  INFO extract_candidates:extract_css_variables: tailwindcss_oxide::scanner: enter
2026-04-08T20:35:58.121603Z  INFO extract_candidates:extract_css_variables:extract: tailwindcss_oxide::scanner: enter
2026-04-08T20:35:58.121714Z  INFO extract_candidates:extract_css_variables:extract: tailwindcss_oxide::scanner: exit
2026-04-08T20:35:58.121728Z  INFO extract_candidates:extract_css_variables: tailwindcss_oxide::scanner: exit
2026-04-08T20:35:58.122578Z  INFO extract_candidates: tailwindcss_oxide::scanner: exit
2026-04-08T20:35:58.125153Z  INFO get_files: tailwindcss_oxide::scanner: enter
2026-04-08T20:35:58.125175Z  INFO get_files:discover_sources: tailwindcss_oxide::scanner: enter
2026-04-08T20:35:58.125180Z  INFO get_files:discover_sources: tailwindcss_oxide::scanner: exit
2026-04-08T20:35:58.125329Z  INFO get_files: tailwindcss_oxide::scanner: exit
2026-04-08T20:35:58.126210Z  INFO get_globs: tailwindcss_oxide::scanner: enter
2026-04-08T20:35:58.126220Z  INFO get_globs:discover_sources: tailwindcss_oxide::scanner: enter
2026-04-08T20:35:58.126224Z  INFO get_globs:discover_sources: tailwindcss_oxide::scanner: exit
2026-04-08T20:35:58.139081Z  INFO get_globs: tailwindcss_oxide::scanner: exit
