2026-04-08T20:47:56.556118Z  INFO tailwindcss_oxide::scanner: Provided sources:
2026-04-08T20:47:56.556192Z  INFO tailwindcss_oxide::scanner: Source: PublicSourceEntry { base: "C:\\Users\\admin\\Documents\\Payment Project\\v0-payment-gateway-dashboard", pattern: "**/*", negated: false }
2026-04-08T20:47:56.556319Z  INFO tailwindcss_oxide::scanner: Optimized sources:
2026-04-08T20:47:56.556332Z  INFO tailwindcss_oxide::scanner: Source: Auto { base: "C:\\Users\\admin\\Documents\\Payment Project\\v0-payment-gateway-dashboard" }
2026-04-08T20:47:56.557614Z  INFO discover_sources: tailwindcss_oxide::scanner: enter
2026-04-08T20:47:56.561144Z  INFO discover_sources:walk_synchronous: tailwindcss_oxide::scanner: enter
2026-04-08T20:47:56.580528Z  INFO discover_sources:walk_synchronous: tailwindcss_oxide::scanner: exit
2026-04-08T20:47:56.581235Z  INFO tailwindcss_oxide::scanner: Reading "C:\\Users\\admin\\Documents\\Payment Project\\v0-payment-gateway-dashboard\\components\\ui\\drawer.tsx"
2026-04-08T20:47:56.581242Z  INFO tailwindcss_oxide::scanner: Reading "C:\\Users\\admin\\Documents\\Payment Project\\v0-payment-gateway-dashboard\\.env"
2026-04-08T20:47:56.581247Z  INFO tailwindcss_oxide::scanner: Reading "C:\\Users\\admin\\Documents\\Payment Project\\v0-payment-gateway-dashboard\\app\\checkout\\popup\\popup-client.tsx"
2026-04-08T20:47:56.581341Z  INFO tailwindcss_oxide::scanner: Reading "C:\\Users\\admin\\Documents\\Payment Project\\v0-payment-gateway-dashboard\\components\\ui\\dropdown-menu.tsx"
2026-04-08T20:47:56.581375Z  INFO tailwindcss_oxide::scanner: Reading "C:\\Users\\admin\\Documents\\Payment Project\\v0-payment-gateway-dashboard\\app\\accounts\\page.tsx"
2026-04-08T20:47:56.581389Z  INFO tailwindcss_oxide::scanner: Reading "C:\\Users\\admin\\Documents\\Payment Project\\v0-payment-gateway-dashboard\\app\\dashboard\\page.tsx"
2026-04-08T20:47:56.581392Z  INFO tailwindcss_oxide::scanner: Reading "C:\\Users\\admin\\Documents\\Payment Project\\v0-payment-gateway-dashboard\\app\\request-access\\page.tsx"
2026-04-08T20:47:56.581405Z  INFO tailwindcss_oxide::scanner: Reading "C:\\Users\\admin\\Documents\\Payment Project\\v0-payment-gateway-dashboard\\components\\ui\\empty.tsx"
2026-04-08T20:47:56.581446Z  INFO tailwindcss_oxide::scanner: Reading "C:\\Users\\admin\\Documents\\Payment Project\\v0-payment-gateway-dashboard\\app\\admin\\domains\\page.tsx"
2026-04-08T20:47:56.581475Z  INFO tailwindcss_oxide::scanner: Reading "C:\\Users\\admin\\Documents\\Payment Project\\v0-payment-gateway-dashboard\\app\\docs\\api\\page.tsx"
2026-04-08T20:47:56.581478Z  INFO tailwindcss_oxide::scanner: Reading "C:\\Users\\admin\\Documents\\Payment Project\\v0-payment-gateway-dashboard\\components\\ui\\field.tsx"
2026-04-08T20:47:56.581503Z  INFO tailwindcss_oxide::scanner: Reading "C:\\Users\\admin\\Documents\\Payment Project\\v0-payment-gateway-dashboard\\app\\logs\\page.tsx"
2026-04-08T20:47:56.581502Z  INFO tailwindcss_oxide::scanner: Reading "C:\\Users\\admin\\Documents\\Payment Project\\v0-payment-gateway-dashboard\\components\\dashboard\\merchant-accounts.tsx"
2026-04-08T20:47:56.581517Z  INFO tailwindcss_oxide::scanner: Reading "C:\\Users\\admin\\Documents\\Payment Project\\v0-payment-gateway-dashboard\\app\\settings\\page.tsx"
2026-04-08T20:47:56.581537Z  INFO tailwindcss_oxide::scanner: Reading "C:\\Users\\admin\\Documents\\Payment Project\\v0-payment-gateway-dashboard\\app\\analytics\\page.tsx"
2026-04-08T20:47:56.581553Z  INFO tailwindcss_oxide::scanner: Reading "C:\\Users\\admin\\Documents\\Payment Project\\v0-payment-gateway-dashboard\\components\\ui\\form.tsx"
2026-04-08T20:47:56.581554Z  INFO tailwindcss_oxide::scanner: Reading "C:\\Users\\admin\\Documents\\Payment Project\\v0-payment-gateway-dashboard\\app\\domains\\page.tsx"
2026-04-08T20:47:56.581570Z  INFO tailwindcss_oxide::scanner: Reading "C:\\Users\\admin\\Documents\\Payment Project\\v0-payment-gateway-dashboard\\app\\order\\cancel\\page.tsx"
2026-04-08T20:47:56.581569Z  INFO tailwindcss_oxide::scanner: Reading "C:\\Users\\admin\\Documents\\Payment Project\\v0-payment-gateway-dashboard\\lib\\checkout-flow.ts"
2026-04-08T20:47:56.581599Z  INFO tailwindcss_oxide::scanner: Reading "C:\\Users\\admin\\Documents\\Payment Project\\v0-payment-gateway-dashboard\\app\\api\\admin\\audit\\route.ts"
2026-04-08T20:47:56.581605Z  INFO tailwindcss_oxide::scanner: Reading "C:\\Users\\admin\\Documents\\Payment Project\\v0-payment-gateway-dashboard\\components\\ui\\badge.tsx"
2026-04-08T20:47:56.581629Z  INFO tailwindcss_oxide::scanner: Reading "C:\\Users\\admin\\Documents\\Payment Project\\v0-payment-gateway-dashboard\\app\\layout.tsx"
2026-04-08T20:47:56.581636Z  INFO tailwindcss_oxide::scanner: Reading "C:\\Users\\admin\\Documents\\Payment Project\\v0-payment-gateway-dashboard\\app\\stores\\page.tsx"
2026-04-08T20:47:56.581645Z  INFO tailwindcss_oxide::scanner: Reading "C:\\Users\\admin\\Documents\\Payment Project\\v0-payment-gateway-dashboard\\app\\order\\result-client.tsx"
2026-04-08T20:47:56.581684Z  INFO tailwindcss_oxide::scanner: Reading "C:\\Users\\admin\\Documents\\Payment Project\\v0-payment-gateway-dashboard\\lib\\email.ts"
2026-04-08T20:47:56.581659Z  INFO tailwindcss_oxide::scanner: Reading "C:\\Users\\admin\\Documents\\Payment Project\\v0-payment-gateway-dashboard\\app\\terms\\page.tsx"
2026-04-08T20:47:56.581709Z  INFO tailwindcss_oxide::scanner: Reading "C:\\Users\\admin\\Documents\\Payment Project\\v0-payment-gateway-dashboard\\components\\ui\\hover-card.tsx"
2026-04-08T20:47:56.581710Z  INFO tailwindcss_oxide::scanner: Reading "C:\\Users\\admin\\Documents\\Payment Project\\v0-payment-gateway-dashboard\\app\\super-admin\\domains\\page.tsx"
2026-04-08T20:47:56.581710Z  INFO tailwindcss_oxide::scanner: Reading "C:\\Users\\admin\\Documents\\Payment Project\\v0-payment-gateway-dashboard\\components\\dashboard\\rotation-logic.tsx"
2026-04-08T20:47:56.581734Z  INFO tailwindcss_oxide::scanner: Reading "C:\\Users\\admin\\Documents\\Payment Project\\v0-payment-gateway-dashboard\\app\\login\\page.tsx"
2026-04-08T20:47:56.581724Z  INFO tailwindcss_oxide::scanner: Reading "C:\\Users\\admin\\Documents\\Payment Project\\v0-payment-gateway-dashboard\\app\\api\\admin\\control\\clear-fraud\\route.ts"
2026-04-08T20:47:56.581729Z  INFO tailwindcss_oxide::scanner: Reading "C:\\Users\\admin\\Documents\\Payment Project\\v0-payment-gateway-dashboard\\components\\nav\\top-bar.tsx"
2026-04-08T20:47:56.581725Z  INFO tailwindcss_oxide::scanner: Reading "C:\\Users\\admin\\Documents\\Payment Project\\v0-payment-gateway-dashboard\\components\\ui\\breadcrumb.tsx"
2026-04-08T20:47:56.581753Z  INFO tailwindcss_oxide::scanner: Reading "C:\\Users\\admin\\Documents\\Payment Project\\v0-payment-gateway-dashboard\\lib\\encryption.ts"
2026-04-08T20:47:56.581751Z  INFO tailwindcss_oxide::scanner: Reading "C:\\Users\\admin\\Documents\\Payment Project\\v0-payment-gateway-dashboard\\app\\api\\gateway\\capture\\route.ts"
2026-04-08T20:47:56.581796Z  INFO tailwindcss_oxide::scanner: Reading "C:\\Users\\admin\\Documents\\Payment Project\\v0-payment-gateway-dashboard\\app\\transactions\\page.tsx"
2026-04-08T20:47:56.581804Z  INFO tailwindcss_oxide::scanner: Reading "C:\\Users\\admin\\Documents\\Payment Project\\v0-payment-gateway-dashboard\\components\\ui\\input-group.tsx"
2026-04-08T20:47:56.581791Z  INFO tailwindcss_oxide::scanner: Reading "C:\\Users\\admin\\Documents\\Payment Project\\v0-payment-gateway-dashboard\\app\\super-admin\\page.tsx"
2026-04-08T20:47:56.581817Z  INFO tailwindcss_oxide::scanner: Reading "C:\\Users\\admin\\Documents\\Payment Project\\v0-payment-gateway-dashboard\\app\\api\\merchant\\stores\\checkout-flow\\route.ts"
2026-04-08T20:47:56.581818Z  INFO tailwindcss_oxide::scanner: Reading "C:\\Users\\admin\\Documents\\Payment Project\\v0-payment-gateway-dashboard\\components\\dashboard\\shield-domains.tsx"
2026-04-08T20:47:56.581764Z  INFO tailwindcss_oxide::scanner: Reading "C:\\Users\\admin\\Documents\\Payment Project\\v0-payment-gateway-dashboard\\app\\order\\success\\page.tsx"
2026-04-08T20:47:56.581834Z  INFO tailwindcss_oxide::scanner: Reading "C:\\Users\\admin\\Documents\\Payment Project\\v0-payment-gateway-dashboard\\app\\api\\admin\\control\\flush-ipn\\route.ts"
2026-04-08T20:47:56.581867Z  INFO tailwindcss_oxide::scanner: Reading "C:\\Users\\admin\\Documents\\Payment Project\\v0-payment-gateway-dashboard\\app\\api\\admin\\gateway-controls\\route.ts"
2026-04-08T20:47:56.581881Z  INFO tailwindcss_oxide::scanner: Reading "C:\\Users\\admin\\Documents\\Payment Project\\v0-payment-gateway-dashboard\\components\\ui\\input-otp.tsx"
2026-04-08T20:47:56.581889Z  INFO tailwindcss_oxide::scanner: Reading "C:\\Users\\admin\\Documents\\Payment Project\\v0-payment-gateway-dashboard\\app\\api\\merchant\\stores\\regenerate-key\\route.ts"
2026-04-08T20:47:56.581875Z  INFO tailwindcss_oxide::scanner: Reading "C:\\Users\\admin\\Documents\\Payment Project\\v0-payment-gateway-dashboard\\app\\api\\gateway\\checkout\\route.ts"
2026-04-08T20:47:56.581878Z  INFO tailwindcss_oxide::scanner: Reading "C:\\Users\\admin\\Documents\\Payment Project\\v0-payment-gateway-dashboard\\components\\auth\\session-provider.tsx"
2026-04-08T20:47:56.581861Z  INFO tailwindcss_oxide::scanner: Reading "C:\\Users\\admin\\Documents\\Payment Project\\v0-payment-gateway-dashboard\\lib\\gateway-auth.ts"
2026-04-08T20:47:56.581930Z  INFO tailwindcss_oxide::scanner: Reading "C:\\Users\\admin\\Documents\\Payment Project\\v0-payment-gateway-dashboard\\app\\api\\merchant\\telegram\\test\\route.ts"
2026-04-08T20:47:56.581948Z  INFO tailwindcss_oxide::scanner: Reading "C:\\Users\\admin\\Documents\\Payment Project\\v0-payment-gateway-dashboard\\app\\api\\admin\\control\\reset-counters\\route.ts"
2026-04-08T20:47:56.581953Z  INFO tailwindcss_oxide::scanner: Reading "C:\\Users\\admin\\Documents\\Payment Project\\v0-payment-gateway-dashboard\\app\\api\\admin\\gateway-key\\route.ts"
2026-04-08T20:47:56.581957Z  INFO tailwindcss_oxide::scanner: Reading "C:\\Users\\admin\\Documents\\Payment Project\\v0-payment-gateway-dashboard\\components\\ui\\input.tsx"
2026-04-08T20:47:56.581834Z  INFO tailwindcss_oxide::scanner: Reading "C:\\Users\\admin\\Documents\\Payment Project\\v0-payment-gateway-dashboard\\app\\api\\admin\\sessions\\route.ts"
2026-04-08T20:47:56.581905Z  INFO tailwindcss_oxide::scanner: Reading "C:\\Users\\admin\\Documents\\Payment Project\\v0-payment-gateway-dashboard\\components\\dashboard\\transaction-feed.tsx"
2026-04-08T20:47:56.581979Z  INFO tailwindcss_oxide::scanner: Reading "C:\\Users\\admin\\Documents\\Payment Project\\v0-payment-gateway-dashboard\\components\\ui\\slider.tsx"
2026-04-08T20:47:56.581906Z  INFO tailwindcss_oxide::scanner: Reading "C:\\Users\\admin\\Documents\\Payment Project\\v0-payment-gateway-dashboard\\app\\super-admin\\tenants\\page.tsx"
2026-04-08T20:47:56.581838Z  INFO tailwindcss_oxide::scanner: Reading "C:\\Users\\admin\\Documents\\Payment Project\\v0-payment-gateway-dashboard\\components\\ui\\button-group.tsx"
2026-04-08T20:47:56.582012Z  INFO tailwindcss_oxide::scanner: Reading "C:\\Users\\admin\\Documents\\Payment Project\\v0-payment-gateway-dashboard\\components\\dashboard\\connected-stores.tsx"
2026-04-08T20:47:56.581836Z  INFO tailwindcss_oxide::scanner: Reading "C:\\Users\\admin\\Documents\\Payment Project\\v0-payment-gateway-dashboard\\components\\theme-provider.tsx"
2026-04-08T20:47:56.582033Z  INFO tailwindcss_oxide::scanner: Reading "C:\\Users\\admin\\Documents\\Payment Project\\v0-payment-gateway-dashboard\\lib\\gateway-recovery.ts"
2026-04-08T20:47:56.582041Z  INFO tailwindcss_oxide::scanner: Reading "C:\\Users\\admin\\Documents\\Payment Project\\v0-payment-gateway-dashboard\\components\\ui\\item.tsx"
2026-04-08T20:47:56.581948Z  INFO tailwindcss_oxide::scanner: Reading "C:\\Users\\admin\\Documents\\Payment Project\\v0-payment-gateway-dashboard\\app\\page.tsx"
2026-04-08T20:47:56.582038Z  INFO tailwindcss_oxide::scanner: Reading "C:\\Users\\admin\\Documents\\Payment Project\\v0-payment-gateway-dashboard\\app\\api\\admin\\logs\\route.ts"
2026-04-08T20:47:56.582034Z  INFO tailwindcss_oxide::scanner: Reading "C:\\Users\\admin\\Documents\\Payment Project\\v0-payment-gateway-dashboard\\app\\api\\merchant\\test-connection\\route.ts"
2026-04-08T20:47:56.582081Z  INFO tailwindcss_oxide::scanner: Reading "C:\\Users\\admin\\Documents\\Payment Project\\v0-payment-gateway-dashboard\\app\\api\\merchant\\logs\\route.ts"
2026-04-08T20:47:56.582033Z  INFO tailwindcss_oxide::scanner: Reading "C:\\Users\\admin\\Documents\\Payment Project\\v0-payment-gateway-dashboard\\app\\api\\merchant\\accounts\\[id]\\route.ts"
2026-04-08T20:47:56.582055Z  INFO tailwindcss_oxide::scanner: Reading "C:\\Users\\admin\\Documents\\Payment Project\\v0-payment-gateway-dashboard\\components\\ui\\sonner.tsx"
2026-04-08T20:47:56.581961Z  INFO tailwindcss_oxide::scanner: Reading "C:\\Users\\admin\\Documents\\Payment Project\\v0-payment-gateway-dashboard\\app\\api\\merchant\\stores\\regenerate-webhook-secret\\route.ts"
2026-04-08T20:47:56.582104Z  INFO tailwindcss_oxide::scanner: Reading "C:\\Users\\admin\\Documents\\Payment Project\\v0-payment-gateway-dashboard\\components\\ui\\menubar.tsx"
2026-04-08T20:47:56.582041Z  INFO tailwindcss_oxide::scanner: Reading "C:\\Users\\admin\\Documents\\Payment Project\\v0-payment-gateway-dashboard\\app\\api\\admin\\settings\\route.ts"
2026-04-08T20:47:56.582041Z  INFO tailwindcss_oxide::scanner: Reading "C:\\Users\\admin\\Documents\\Payment Project\\v0-payment-gateway-dashboard\\app\\api\\admin\\control\\rotate-domains\\route.ts"
2026-04-08T20:47:56.582100Z  INFO tailwindcss_oxide::scanner: Reading "C:\\Users\\admin\\Documents\\Payment Project\\v0-payment-gateway-dashboard\\components\\dashboard\\global-metrics.tsx"
2026-04-08T20:47:56.582151Z  INFO tailwindcss_oxide::scanner: Reading "C:\\Users\\admin\\Documents\\Payment Project\\v0-payment-gateway-dashboard\\app\\api\\merchant\\stores\\route.ts"
2026-04-08T20:47:56.581997Z  INFO tailwindcss_oxide::scanner: Reading "C:\\Users\\admin\\Documents\\Payment Project\\v0-payment-gateway-dashboard\\app\\api\\gateway\\transactions\\[transactionId]\\replay\\route.ts"
2026-04-08T20:47:56.582170Z  INFO tailwindcss_oxide::scanner: Reading "C:\\Users\\admin\\Documents\\Payment Project\\v0-payment-gateway-dashboard\\components\\ui\\spinner.tsx"
2026-04-08T20:47:56.582084Z  INFO tailwindcss_oxide::scanner: Reading "C:\\Users\\admin\\Documents\\Payment Project\\v0-payment-gateway-dashboard\\components\\domains\\shield-domains-manager.tsx"
2026-04-08T20:47:56.582119Z  INFO tailwindcss_oxide::scanner: Reading "C:\\Users\\admin\\Documents\\Payment Project\\v0-payment-gateway-dashboard\\components\\ui\\accordion.tsx"
2026-04-08T20:47:56.582190Z  INFO tailwindcss_oxide::scanner: Reading "C:\\Users\\admin\\Documents\\Payment Project\\v0-payment-gateway-dashboard\\app\\api\\merchant\\transactions\\[id]\\replay\\route.ts"
2026-04-08T20:47:56.582207Z  INFO tailwindcss_oxide::scanner: Reading "C:\\Users\\admin\\Documents\\Payment Project\\v0-payment-gateway-dashboard\\app\\api\\admin\\settings\\test-telegram\\route.ts"
2026-04-08T20:47:56.582206Z  INFO tailwindcss_oxide::scanner: Reading "C:\\Users\\admin\\Documents\\Payment Project\\v0-payment-gateway-dashboard\\components\\ui\\aspect-ratio.tsx"
2026-04-08T20:47:56.582216Z  INFO tailwindcss_oxide::scanner: Reading "C:\\Users\\admin\\Documents\\Payment Project\\v0-payment-gateway-dashboard\\app\\api\\merchant\\stores\\[id]\\route.ts"
2026-04-08T20:47:56.582131Z  INFO tailwindcss_oxide::scanner: Reading "C:\\Users\\admin\\Documents\\Payment Project\\v0-payment-gateway-dashboard\\components\\dashboard\\header.tsx"
2026-04-08T20:47:56.582238Z  INFO tailwindcss_oxide::scanner: Reading "C:\\Users\\admin\\Documents\\Payment Project\\v0-payment-gateway-dashboard\\components\\ui\\switch.tsx"
2026-04-08T20:47:56.582152Z  INFO tailwindcss_oxide::scanner: Reading "C:\\Users\\admin\\Documents\\Payment Project\\v0-payment-gateway-dashboard\\app\\privacy\\page.tsx"
2026-04-08T20:47:56.582080Z  INFO tailwindcss_oxide::scanner: Reading "C:\\Users\\admin\\Documents\\Payment Project\\v0-payment-gateway-dashboard\\components\\ui\\button.tsx"
2026-04-08T20:47:56.582264Z  INFO tailwindcss_oxide::scanner: Reading "C:\\Users\\admin\\Documents\\Payment Project\\v0-payment-gateway-dashboard\\components\\nav\\notification-bell.tsx"
2026-04-08T20:47:56.582298Z  INFO tailwindcss_oxide::scanner: Reading "C:\\Users\\admin\\Documents\\Payment Project\\v0-payment-gateway-dashboard\\components\\ui\\resizable.tsx"
2026-04-08T20:47:56.582307Z  INFO tailwindcss_oxide::scanner: Reading "C:\\Users\\admin\\Documents\\Payment Project\\v0-payment-gateway-dashboard\\components\\ui\\alert.tsx"
2026-04-08T20:47:56.582128Z  INFO tailwindcss_oxide::scanner: Reading "C:\\Users\\admin\\Documents\\Payment Project\\v0-payment-gateway-dashboard\\lib\\masking.ts"
2026-04-08T20:47:56.582192Z  INFO tailwindcss_oxide::scanner: Reading "C:\\Users\\admin\\Documents\\Payment Project\\v0-payment-gateway-dashboard\\components\\ui\\alert-dialog.tsx"
2026-04-08T20:47:56.582342Z  INFO tailwindcss_oxide::scanner: Reading "C:\\Users\\admin\\Documents\\Payment Project\\v0-payment-gateway-dashboard\\app\\api\\merchant\\accounts\\route.ts"
2026-04-08T20:47:56.582357Z  INFO tailwindcss_oxide::scanner: Reading "C:\\Users\\admin\\Documents\\Payment Project\\v0-payment-gateway-dashboard\\scripts\\004-system-logs.sql"
2026-04-08T20:47:56.582129Z  INFO tailwindcss_oxide::scanner: Reading "C:\\Users\\admin\\Documents\\Payment Project\\v0-payment-gateway-dashboard\\components\\ui\\kbd.tsx"
2026-04-08T20:47:56.582229Z  INFO tailwindcss_oxide::scanner: Reading "C:\\Users\\admin\\Documents\\Payment Project\\v0-payment-gateway-dashboard\\components\\ui\\avatar.tsx"
2026-04-08T20:47:56.582244Z  INFO tailwindcss_oxide::scanner: Reading "C:\\Users\\admin\\Documents\\Payment Project\\v0-payment-gateway-dashboard\\app\\api\\gateway\\transactions\\[transactionId]\\route.ts"
2026-04-08T20:47:56.582376Z  INFO tailwindcss_oxide::scanner: Reading "C:\\Users\\admin\\Documents\\Payment Project\\v0-payment-gateway-dashboard\\components\\ui\\scroll-area.tsx"
2026-04-08T20:47:56.582396Z  INFO tailwindcss_oxide::scanner: Reading "C:\\Users\\admin\\Documents\\Payment Project\\v0-payment-gateway-dashboard\\lib\\merchant-rotation.ts"
2026-04-08T20:47:56.582186Z  INFO tailwindcss_oxide::scanner: Reading "C:\\Users\\admin\\Documents\\Payment Project\\v0-payment-gateway-dashboard\\app\\api\\merchant\\analytics\\route.ts"
2026-04-08T20:47:56.582422Z  INFO tailwindcss_oxide::scanner: Reading "C:\\Users\\admin\\Documents\\Payment Project\\v0-payment-gateway-dashboard\\app\\api\\merchant\\accounts\\sync\\route.ts"
2026-04-08T20:47:56.582287Z  INFO tailwindcss_oxide::scanner: Reading "C:\\Users\\admin\\Documents\\Payment Project\\v0-payment-gateway-dashboard\\app\\api\\merchant\\transactions\\[id]\\route.ts"
2026-04-08T20:47:56.582289Z  INFO tailwindcss_oxide::scanner: Reading "C:\\Users\\admin\\Documents\\Payment Project\\v0-payment-gateway-dashboard\\app\\api\\admin\\shield-domains\\route.ts"
2026-04-08T20:47:56.582168Z  INFO tailwindcss_oxide::scanner: Reading "C:\\Users\\admin\\Documents\\Payment Project\\v0-payment-gateway-dashboard\\app\\api\\merchant\\transactions\\capture\\route.ts"
2026-04-08T20:47:56.582455Z  INFO tailwindcss_oxide::scanner: Reading "C:\\Users\\admin\\Documents\\Payment Project\\v0-payment-gateway-dashboard\\app\\api\\merchant\\shield-domains\\route.ts"
2026-04-08T20:47:56.582262Z  INFO tailwindcss_oxide::scanner: Reading "C:\\Users\\admin\\Documents\\Payment Project\\v0-payment-gateway-dashboard\\components\\dashboard\\live-feed.tsx"
2026-04-08T20:47:56.582285Z  INFO tailwindcss_oxide::scanner: Reading "C:\\Users\\admin\\Documents\\Payment Project\\v0-payment-gateway-dashboard\\components\\ui\\navigation-menu.tsx"
2026-04-08T20:47:56.582479Z  INFO tailwindcss_oxide::scanner: Reading "C:\\Users\\admin\\Documents\\Payment Project\\v0-payment-gateway-dashboard\\components\\ui\\collapsible.tsx"
2026-04-08T20:47:56.582482Z  INFO tailwindcss_oxide::scanner: Reading "C:\\Users\\admin\\Documents\\Payment Project\\v0-payment-gateway-dashboard\\lib\\neon.ts"
2026-04-08T20:47:56.582489Z  INFO tailwindcss_oxide::scanner: Reading "C:\\Users\\admin\\Documents\\Payment Project\\v0-payment-gateway-dashboard\\components\\ui\\select.tsx"
2026-04-08T20:47:56.582168Z  INFO tailwindcss_oxide::scanner: Reading "C:\\Users\\admin\\Documents\\Payment Project\\v0-payment-gateway-dashboard\\app\\api\\merchant\\rotation-settings\\route.ts"
2026-04-08T20:47:56.582302Z  INFO tailwindcss_oxide::scanner: Reading "C:\\Users\\admin\\Documents\\Payment Project\\v0-payment-gateway-dashboard\\app\\api\\merchant\\telegram\\route.ts"
2026-04-08T20:47:56.582558Z  INFO tailwindcss_oxide::scanner: Reading "C:\\Users\\admin\\Documents\\Payment Project\\v0-payment-gateway-dashboard\\app\\api\\merchant\\stores\\capture-mode\\route.ts"
2026-04-08T20:47:56.582558Z  INFO tailwindcss_oxide::scanner: Reading "C:\\Users\\admin\\Documents\\Payment Project\\v0-payment-gateway-dashboard\\scripts\\017-capture-mode.sql"
2026-04-08T20:47:56.582564Z  INFO tailwindcss_oxide::scanner: Reading "C:\\Users\\admin\\Documents\\Payment Project\\v0-payment-gateway-dashboard\\app\\checkout\\popup\\page.tsx"
2026-04-08T20:47:56.582419Z  INFO tailwindcss_oxide::scanner: Reading "C:\\Users\\admin\\Documents\\Payment Project\\v0-payment-gateway-dashboard\\scripts\\005-add-proxy-url.sql"
2026-04-08T20:47:56.582618Z  INFO tailwindcss_oxide::scanner: Reading "C:\\Users\\admin\\Documents\\Payment Project\\v0-payment-gateway-dashboard\\eslint.config.mjs"
2026-04-08T20:47:56.582626Z  INFO tailwindcss_oxide::scanner: Reading "C:\\Users\\admin\\Documents\\Payment Project\\v0-payment-gateway-dashboard\\components\\ui\\tabs.tsx"
2026-04-08T20:47:56.582242Z  INFO tailwindcss_oxide::scanner: Reading "C:\\Users\\admin\\Documents\\Payment Project\\v0-payment-gateway-dashboard\\components\\ui\\carousel.tsx"
2026-04-08T20:47:56.582620Z  INFO tailwindcss_oxide::scanner: Reading "C:\\Users\\admin\\Documents\\Payment Project\\v0-payment-gateway-dashboard\\components\\ui\\chart.tsx"
2026-04-08T20:47:56.582635Z  INFO tailwindcss_oxide::scanner: Reading "C:\\Users\\admin\\Documents\\Payment Project\\v0-payment-gateway-dashboard\\scripts\\018-checkout-flow.sql"
2026-04-08T20:47:56.582463Z  INFO tailwindcss_oxide::scanner: Reading "C:\\Users\\admin\\Documents\\Payment Project\\v0-payment-gateway-dashboard\\components\\ui\\label.tsx"
2026-04-08T20:47:56.582397Z  INFO tailwindcss_oxide::scanner: Reading "C:\\Users\\admin\\Documents\\Payment Project\\v0-payment-gateway-dashboard\\app\\api\\merchant\\dashboard-stats\\route.ts"
2026-04-08T20:47:56.582517Z  INFO tailwindcss_oxide::scanner: Reading "C:\\Users\\admin\\Documents\\Payment Project\\v0-payment-gateway-dashboard\\components\\ui\\textarea.tsx"
2026-04-08T20:47:56.582516Z  INFO tailwindcss_oxide::scanner: Reading "C:\\Users\\admin\\Documents\\Payment Project\\v0-payment-gateway-dashboard\\app\\api\\admin\\stats\\route.ts"
2026-04-08T20:47:56.582698Z  INFO tailwindcss_oxide::scanner: Reading "C:\\Users\\admin\\Documents\\Payment Project\\v0-payment-gateway-dashboard\\app\\api\\auth\\change-email\\route.ts"
2026-04-08T20:47:56.582702Z  INFO tailwindcss_oxide::scanner: Reading "C:\\Users\\admin\\Documents\\Payment Project\\v0-payment-gateway-dashboard\\components\\ui\\checkbox.tsx"
2026-04-08T20:47:56.582520Z  INFO tailwindcss_oxide::scanner: Reading "C:\\Users\\admin\\Documents\\Payment Project\\v0-payment-gateway-dashboard\\components\\ui\\separator.tsx"
2026-04-08T20:47:56.582372Z  INFO tailwindcss_oxide::scanner: Reading "C:\\Users\\admin\\Documents\\Payment Project\\v0-payment-gateway-dashboard\\components\\ui\\card.tsx"
2026-04-08T20:47:56.582566Z  INFO tailwindcss_oxide::scanner: Reading "C:\\Users\\admin\\Documents\\Payment Project\\v0-payment-gateway-dashboard\\components\\ui\\command.tsx"
2026-04-08T20:47:56.582568Z  INFO tailwindcss_oxide::scanner: Reading "C:\\Users\\admin\\Documents\\Payment Project\\v0-payment-gateway-dashboard\\lib\\paypal.ts"
2026-04-08T20:47:56.582652Z  INFO tailwindcss_oxide::scanner: Reading "C:\\Users\\admin\\Documents\\Payment Project\\v0-payment-gateway-dashboard\\scripts\\006-warmup-ramp.sql"
2026-04-08T20:47:56.582770Z  INFO tailwindcss_oxide::scanner: Reading "C:\\Users\\admin\\Documents\\Payment Project\\v0-payment-gateway-dashboard\\components\\ui\\toast.tsx"
2026-04-08T20:47:56.582304Z  INFO tailwindcss_oxide::scanner: Reading "C:\\Users\\admin\\Documents\\Payment Project\\v0-payment-gateway-dashboard\\components\\ui\\table.tsx"
2026-04-08T20:47:56.582476Z  INFO tailwindcss_oxide::scanner: Reading "C:\\Users\\admin\\Documents\\Payment Project\\v0-payment-gateway-dashboard\\components\\ui\\use-toast.ts"
2026-04-08T20:47:56.582822Z  INFO tailwindcss_oxide::scanner: Reading "C:\\Users\\admin\\Documents\\Payment Project\\v0-payment-gateway-dashboard\\components\\ui\\context-menu.tsx"
2026-04-08T20:47:56.582822Z  INFO tailwindcss_oxide::scanner: Reading "C:\\Users\\admin\\Documents\\Payment Project\\v0-payment-gateway-dashboard\\lib\\shield-domain-service.ts"
2026-04-08T20:47:56.582834Z  INFO tailwindcss_oxide::scanner: Reading "C:\\Users\\admin\\Documents\\Payment Project\\v0-payment-gateway-dashboard\\scripts\\007-manual-capture.sql"
2026-04-08T20:47:56.582841Z  INFO tailwindcss_oxide::scanner: Reading "C:\\Users\\admin\\Documents\\Payment Project\\v0-payment-gateway-dashboard\\components\\ui\\toaster.tsx"
2026-04-08T20:47:56.582867Z  INFO tailwindcss_oxide::scanner: Reading "C:\\Users\\admin\\Documents\\Payment Project\\v0-payment-gateway-dashboard\\app\\api\\auth\\[...nextauth]\\route.ts"
2026-04-08T20:47:56.582680Z  INFO tailwindcss_oxide::scanner: Reading "C:\\Users\\admin\\Documents\\Payment Project\\v0-payment-gateway-dashboard\\scripts\\010-system-logs-columns.sql"
2026-04-08T20:47:56.582684Z  INFO tailwindcss_oxide::scanner: Reading "C:\\Users\\admin\\Documents\\Payment Project\\v0-payment-gateway-dashboard\\git_log_all.txt"
2026-04-08T20:47:56.582899Z  INFO tailwindcss_oxide::scanner: Reading "C:\\Users\\admin\\Documents\\Payment Project\\v0-payment-gateway-dashboard\\scripts\\008-admin-overhaul.sql"
2026-04-08T20:47:56.582907Z  INFO tailwindcss_oxide::scanner: Reading "C:\\Users\\admin\\Documents\\Payment Project\\v0-payment-gateway-dashboard\\components\\ui\\toggle-group.tsx"
2026-04-08T20:47:56.582879Z  INFO tailwindcss_oxide::scanner: Reading "C:\\Users\\admin\\Documents\\Payment Project\\v0-payment-gateway-dashboard\\components\\ui\\dialog.tsx"
2026-04-08T20:47:56.582334Z  INFO tailwindcss_oxide::scanner: Reading "C:\\Users\\admin\\Documents\\Payment Project\\v0-payment-gateway-dashboard\\components\\ui\\calendar.tsx"
2026-04-08T20:47:56.582806Z  INFO tailwindcss_oxide::scanner: Reading "C:\\Users\\admin\\Documents\\Payment Project\\v0-payment-gateway-dashboard\\components\\ui\\sheet.tsx"
2026-04-08T20:47:56.582525Z  INFO tailwindcss_oxide::scanner: Reading "C:\\Users\\admin\\Documents\\Payment Project\\v0-payment-gateway-dashboard\\app\\api\\webhook\\paypal\\route.ts"
2026-04-08T20:47:56.582739Z  INFO tailwindcss_oxide::scanner: Reading "C:\\Users\\admin\\Documents\\Payment Project\\v0-payment-gateway-dashboard\\scripts\\019-store-webhook-secret.sql"
2026-04-08T20:47:56.582735Z  INFO tailwindcss_oxide::scanner: Reading "C:\\Users\\admin\\Documents\\Payment Project\\v0-payment-gateway-dashboard\\components\\ui\\popover.tsx"
2026-04-08T20:47:56.582771Z  INFO tailwindcss_oxide::scanner: Reading "C:\\Users\\admin\\Documents\\Payment Project\\v0-payment-gateway-dashboard\\app\\api\\auth\\change-password\\route.ts"
2026-04-08T20:47:56.582975Z  INFO tailwindcss_oxide::scanner: Reading "C:\\Users\\admin\\Documents\\Payment Project\\v0-payment-gateway-dashboard\\components\\ui\\toggle.tsx"
2026-04-08T20:47:56.582971Z  INFO tailwindcss_oxide::scanner: Reading "C:\\Users\\admin\\Documents\\Payment Project\\v0-payment-gateway-dashboard\\scripts\\011-token-blacklist.sql"
2026-04-08T20:47:56.582786Z  INFO tailwindcss_oxide::scanner: Reading "C:\\Users\\admin\\Documents\\Payment Project\\v0-payment-gateway-dashboard\\app\\api\\admin\\tenants\\route.ts"
2026-04-08T20:47:56.582726Z  INFO tailwindcss_oxide::scanner: Reading "C:\\Users\\admin\\Documents\\Payment Project\\v0-payment-gateway-dashboard\\app\\api\\cron\\recovery\\route.ts"
2026-04-08T20:47:56.583009Z  INFO tailwindcss_oxide::scanner: Reading "C:\\Users\\admin\\Documents\\Payment Project\\v0-payment-gateway-dashboard\\emails\\WelcomeMerchant.tsx"
2026-04-08T20:47:56.583036Z  INFO tailwindcss_oxide::scanner: Reading "C:\\Users\\admin\\Documents\\Payment Project\\v0-payment-gateway-dashboard\\scripts\\020-webhook-hardening.sql"
2026-04-08T20:47:56.582877Z  INFO tailwindcss_oxide::scanner: Reading "C:\\Users\\admin\\Documents\\Payment Project\\v0-payment-gateway-dashboard\\components.json"
2026-04-08T20:47:56.583060Z  INFO tailwindcss_oxide::scanner: Reading "C:\\Users\\admin\\Documents\\Payment Project\\v0-payment-gateway-dashboard\\docs\\Next.js Merchant Integration Guide.md"
2026-04-08T20:47:56.582753Z  INFO tailwindcss_oxide::scanner: Reading "C:\\Users\\admin\\Documents\\Payment Project\\v0-payment-gateway-dashboard\\docs\\STORE_WEBHOOK_CONTRACT.md"
2026-04-08T20:47:56.582939Z  INFO tailwindcss_oxide::scanner: Reading "C:\\Users\\admin\\Documents\\Payment Project\\v0-payment-gateway-dashboard\\docs\\USER_MANUAL_BILINGUAL.md"
2026-04-08T20:47:56.583108Z  INFO tailwindcss_oxide::scanner: Reading "C:\\Users\\admin\\Documents\\Payment Project\\v0-payment-gateway-dashboard\\hooks\\use-notifications.ts"
2026-04-08T20:47:56.582964Z  INFO tailwindcss_oxide::scanner: Reading "C:\\Users\\admin\\Documents\\Payment Project\\v0-payment-gateway-dashboard\\scripts\\009-system-settings.sql"
2026-04-08T20:47:56.583131Z  INFO tailwindcss_oxide::scanner: Reading "C:\\Users\\admin\\Documents\\Payment Project\\v0-payment-gateway-dashboard\\components\\ui\\use-mobile.tsx"
2026-04-08T20:47:56.583143Z  INFO tailwindcss_oxide::scanner: Reading "C:\\Users\\admin\\Documents\\Payment Project\\v0-payment-gateway-dashboard\\components\\ui\\radio-group.tsx"
2026-04-08T20:47:56.582983Z  INFO tailwindcss_oxide::scanner: Reading "C:\\Users\\admin\\Documents\\Payment Project\\v0-payment-gateway-dashboard\\hooks\\use-mobile.ts"
2026-04-08T20:47:56.582984Z  INFO tailwindcss_oxide::scanner: Reading "C:\\Users\\admin\\Documents\\Payment Project\\v0-payment-gateway-dashboard\\scripts\\013-merchant-masking.sql"
2026-04-08T20:47:56.582993Z  INFO tailwindcss_oxide::scanner: Reading "C:\\Users\\admin\\Documents\\Payment Project\\v0-payment-gateway-dashboard\\components\\ui\\tooltip.tsx"
2026-04-08T20:47:56.583174Z  INFO tailwindcss_oxide::scanner: Reading "C:\\Users\\admin\\Documents\\Payment Project\\v0-payment-gateway-dashboard\\lib\\auth-config.ts"
2026-04-08T20:47:56.583181Z  INFO tailwindcss_oxide::scanner: Reading "C:\\Users\\admin\\Documents\\Payment Project\\v0-payment-gateway-dashboard\\hooks\\use-toast.ts"
2026-04-08T20:47:56.583203Z  INFO tailwindcss_oxide::scanner: Reading "C:\\Users\\admin\\Documents\\Payment Project\\v0-payment-gateway-dashboard\\scripts\\015-email-change-codes.sql"
2026-04-08T20:47:56.583202Z  INFO tailwindcss_oxide::scanner: Reading "C:\\Users\\admin\\Documents\\Payment Project\\v0-payment-gateway-dashboard\\postcss.config.mjs"
2026-04-08T20:47:56.582818Z  INFO tailwindcss_oxide::scanner: Reading "C:\\Users\\admin\\Documents\\Payment Project\\v0-payment-gateway-dashboard\\components\\ui\\sidebar.tsx"
2026-04-08T20:47:56.583076Z  INFO tailwindcss_oxide::scanner: Reading "C:\\Users\\admin\\Documents\\Payment Project\\v0-payment-gateway-dashboard\\scripts\\seed-users.sql"
2026-04-08T20:47:56.583035Z  INFO tailwindcss_oxide::scanner: Reading "C:\\Users\\admin\\Documents\\Payment Project\\v0-payment-gateway-dashboard\\components\\ui\\progress.tsx"
2026-04-08T20:47:56.583121Z  INFO tailwindcss_oxide::scanner: Reading "C:\\Users\\admin\\Documents\\Payment Project\\v0-payment-gateway-dashboard\\scripts\\encrypt-secrets.mjs"
2026-04-08T20:47:56.583074Z  INFO tailwindcss_oxide::scanner: Reading "C:\\Users\\admin\\Documents\\Payment Project\\v0-payment-gateway-dashboard\\app\\api\\cron\\reset-volume\\route.ts"
2026-04-08T20:47:56.583287Z  INFO tailwindcss_oxide::scanner: Reading "C:\\Users\\admin\\Documents\\Payment Project\\v0-payment-gateway-dashboard\\prisma\\schema.prisma"
2026-04-08T20:47:56.583290Z  INFO tailwindcss_oxide::scanner: Reading "C:\\Users\\admin\\Documents\\Payment Project\\v0-payment-gateway-dashboard\\app\\api\\gateway\\browser-status\\[transactionId]\\route.ts"
2026-04-08T20:47:56.583305Z  INFO tailwindcss_oxide::scanner: Reading "C:\\Users\\admin\\Documents\\Payment Project\\v0-payment-gateway-dashboard\\tsconfig.json"
2026-04-08T20:47:56.583313Z  INFO tailwindcss_oxide::scanner: Reading "C:\\Users\\admin\\Documents\\Payment Project\\v0-payment-gateway-dashboard\\next.config.mjs"
2026-04-08T20:47:56.583317Z  INFO tailwindcss_oxide::scanner: Reading "C:\\Users\\admin\\Documents\\Payment Project\\v0-payment-gateway-dashboard\\package.json"
2026-04-08T20:47:56.582571Z  INFO tailwindcss_oxide::scanner: Reading "C:\\Users\\admin\\Documents\\Payment Project\\v0-payment-gateway-dashboard\\components\\ui\\pagination.tsx"
2026-04-08T20:47:56.583225Z  INFO tailwindcss_oxide::scanner: Reading "C:\\Users\\admin\\Documents\\Payment Project\\v0-payment-gateway-dashboard\\lib\\telegram.ts"
2026-04-08T20:47:56.583210Z  INFO tailwindcss_oxide::scanner: Reading "C:\\Users\\admin\\Documents\\Payment Project\\v0-payment-gateway-dashboard\\scripts\\016-rotation-strategy.sql"
2026-04-08T20:47:56.583023Z  INFO tailwindcss_oxide::scanner: Reading "C:\\Users\\admin\\Documents\\Payment Project\\v0-payment-gateway-dashboard\\scripts\\012-fraud-blocklist.sql"
2026-04-08T20:47:56.583367Z  INFO tailwindcss_oxide::scanner: Reading "C:\\Users\\admin\\Documents\\Payment Project\\v0-payment-gateway-dashboard\\scripts\\seed-users.mjs"
2026-04-08T20:47:56.583228Z  INFO tailwindcss_oxide::scanner: Reading "C:\\Users\\admin\\Documents\\Payment Project\\v0-payment-gateway-dashboard\\scripts\\014-telegram-config.sql"
2026-04-08T20:47:56.583323Z  INFO tailwindcss_oxide::scanner: Reading "C:\\Users\\admin\\Documents\\Payment Project\\v0-payment-gateway-dashboard\\lib\\webhook-delivery.ts"
2026-04-08T20:47:56.583367Z  INFO tailwindcss_oxide::scanner: Reading "C:\\Users\\admin\\Documents\\Payment Project\\v0-payment-gateway-dashboard\\lib\\utils.ts"
2026-04-08T20:47:56.583149Z  INFO tailwindcss_oxide::scanner: Reading "C:\\Users\\admin\\Documents\\Payment Project\\v0-payment-gateway-dashboard\\lib\\transaction-status.ts"
2026-04-08T20:47:56.583396Z  INFO tailwindcss_oxide::scanner: Reading "C:\\Users\\admin\\Documents\\Payment Project\\v0-payment-gateway-dashboard\\scripts\\002-schema-init.sql"
2026-04-08T20:47:56.583398Z  INFO tailwindcss_oxide::scanner: Reading "C:\\Users\\admin\\Documents\\Payment Project\\v0-payment-gateway-dashboard\\README.md"
2026-04-08T20:47:56.583252Z  INFO tailwindcss_oxide::scanner: Reading "C:\\Users\\admin\\Documents\\Payment Project\\v0-payment-gateway-dashboard\\types\\next-auth.d.ts"
2026-04-08T20:47:56.583030Z  INFO tailwindcss_oxide::scanner: Reading "C:\\Users\\admin\\Documents\\Payment Project\\v0-payment-gateway-dashboard\\components\\ui\\skeleton.tsx"
2026-04-08T20:47:56.583402Z  INFO tailwindcss_oxide::scanner: Reading "C:\\Users\\admin\\Documents\\Payment Project\\v0-payment-gateway-dashboard\\lib\\vercel-domains.ts"
2026-04-08T20:47:56.583430Z  INFO tailwindcss_oxide::scanner: Reading "C:\\Users\\admin\\Documents\\Payment Project\\v0-payment-gateway-dashboard\\vercel.json"
2026-04-08T20:47:56.583403Z  INFO tailwindcss_oxide::scanner: Reading "C:\\Users\\admin\\Documents\\Payment Project\\v0-payment-gateway-dashboard\\reflog-dump.txt"
2026-04-08T20:47:56.582772Z  INFO tailwindcss_oxide::scanner: Reading "C:\\Users\\admin\\Documents\\Payment Project\\v0-payment-gateway-dashboard\\scripts\\migrate.sql"
2026-04-08T20:47:56.583330Z  INFO tailwindcss_oxide::scanner: Reading "C:\\Users\\admin\\Documents\\Payment Project\\v0-payment-gateway-dashboard\\scripts\\restore.py"
2026-04-08T20:47:56.582881Z  INFO tailwindcss_oxide::scanner: Reading "C:\\Users\\admin\\Documents\\Payment Project\\v0-payment-gateway-dashboard\\lib\\store-webhooks.ts"
2026-04-08T20:47:56.583244Z  INFO tailwindcss_oxide::scanner: Reading "C:\\Users\\admin\\Documents\\Payment Project\\v0-payment-gateway-dashboard\\lib\\behavioral-randomization.ts"
2026-04-08T20:47:56.583346Z  INFO tailwindcss_oxide::scanner: Reading "C:\\Users\\admin\\Documents\\Payment Project\\v0-payment-gateway-dashboard\\proxy.ts"
2026-04-08T20:47:56.583230Z  INFO tailwindcss_oxide::scanner: Reading "C:\\Users\\admin\\Documents\\Payment Project\\v0-payment-gateway-dashboard\\app\\api\\gateway\\browser-result\\route.ts"
2026-04-08T20:47:56.583064Z  INFO tailwindcss_oxide::scanner: Reading "C:\\Users\\admin\\Documents\\Payment Project\\v0-payment-gateway-dashboard\\scripts\\create-user.js"
2026-04-08T20:47:56.583438Z  INFO tailwindcss_oxide::scanner: Reading "C:\\Users\\admin\\Documents\\Payment Project\\v0-payment-gateway-dashboard\\scripts\\003-add-webhook-id.sql"
2026-04-08T20:47:56.583596Z  INFO discover_sources: tailwindcss_oxide::scanner: exit
2026-04-08T20:47:56.583608Z  INFO extract_candidates: tailwindcss_oxide::scanner: enter
2026-04-08T20:47:56.583612Z  INFO extract_candidates:parse_all_blobs: tailwindcss_oxide::scanner: enter
2026-04-08T20:47:56.583617Z  INFO extract_candidates:parse_all_blobs:extract: tailwindcss_oxide::scanner: enter
2026-04-08T20:47:56.587650Z  INFO extract_candidates:parse_all_blobs:extract: tailwindcss_oxide::scanner: exit
2026-04-08T20:47:56.587855Z  INFO extract_candidates:parse_all_blobs: tailwindcss_oxide::scanner: exit
2026-04-08T20:47:56.587864Z  INFO extract_candidates:read_all_files: tailwindcss_oxide::scanner: enter
2026-04-08T20:47:56.587867Z  INFO extract_candidates:read_all_files: tailwindcss_oxide::scanner: Reading 2 file(s)
2026-04-08T20:47:56.587985Z  INFO tailwindcss_oxide::scanner: Reading "C:\\Users\\admin\\Documents\\Payment Project\\v0-payment-gateway-dashboard\\styles\\globals.css"
2026-04-08T20:47:56.587986Z  INFO tailwindcss_oxide::scanner: Reading "C:\\Users\\admin\\Documents\\Payment Project\\v0-payment-gateway-dashboard\\app\\globals.css"
2026-04-08T20:47:56.588007Z  INFO extract_candidates:read_all_files: tailwindcss_oxide::scanner: exit
2026-04-08T20:47:56.588021Z  INFO extract_candidates:extract_css_variables: tailwindcss_oxide::scanner: enter
2026-04-08T20:47:56.588026Z  INFO extract_candidates:extract_css_variables:extract: tailwindcss_oxide::scanner: enter
2026-04-08T20:47:56.588106Z  INFO extract_candidates:extract_css_variables:extract: tailwindcss_oxide::scanner: exit
2026-04-08T20:47:56.588119Z  INFO extract_candidates:extract_css_variables: tailwindcss_oxide::scanner: exit
2026-04-08T20:47:56.588823Z  INFO extract_candidates: tailwindcss_oxide::scanner: exit
2026-04-08T20:47:56.591365Z  INFO get_files: tailwindcss_oxide::scanner: enter
2026-04-08T20:47:56.591380Z  INFO get_files:discover_sources: tailwindcss_oxide::scanner: enter
2026-04-08T20:47:56.591384Z  INFO get_files:discover_sources: tailwindcss_oxide::scanner: exit
2026-04-08T20:47:56.591528Z  INFO get_files: tailwindcss_oxide::scanner: exit
2026-04-08T20:47:56.592640Z  INFO get_globs: tailwindcss_oxide::scanner: enter
2026-04-08T20:47:56.592688Z  INFO get_globs:discover_sources: tailwindcss_oxide::scanner: enter
2026-04-08T20:47:56.592693Z  INFO get_globs:discover_sources: tailwindcss_oxide::scanner: exit
2026-04-08T20:47:56.604427Z  INFO get_globs: tailwindcss_oxide::scanner: exit
