2026-04-08T20:48:30.816484Z  INFO tailwindcss_oxide::scanner: Provided sources:
2026-04-08T20:48:30.816589Z  INFO tailwindcss_oxide::scanner: Source: PublicSourceEntry { base: "C:\\Users\\admin\\Documents\\Payment Project\\v0-payment-gateway-dashboard", pattern: "**/*", negated: false }
2026-04-08T20:48:30.816796Z  INFO tailwindcss_oxide::scanner: Optimized sources:
2026-04-08T20:48:30.816814Z  INFO tailwindcss_oxide::scanner: Source: Auto { base: "C:\\Users\\admin\\Documents\\Payment Project\\v0-payment-gateway-dashboard" }
2026-04-08T20:48:30.818396Z  INFO discover_sources: tailwindcss_oxide::scanner: enter
2026-04-08T20:48:30.818727Z  INFO discover_sources:walk_synchronous: tailwindcss_oxide::scanner: enter
2026-04-08T20:48:30.838800Z  INFO discover_sources:walk_synchronous: tailwindcss_oxide::scanner: exit
2026-04-08T20:48:30.839456Z  INFO tailwindcss_oxide::scanner: Reading "C:\\Users\\admin\\Documents\\Payment Project\\v0-payment-gateway-dashboard\\components\\ui\\drawer.tsx"
2026-04-08T20:48:30.839464Z  INFO tailwindcss_oxide::scanner: Reading "C:\\Users\\admin\\Documents\\Payment Project\\v0-payment-gateway-dashboard\\app\\request-access\\page.tsx"
2026-04-08T20:48:30.839469Z  INFO tailwindcss_oxide::scanner: Reading "C:\\Users\\admin\\Documents\\Payment Project\\v0-payment-gateway-dashboard\\app\\api\\admin\\sessions\\route.ts"
2026-04-08T20:48:30.839473Z  INFO tailwindcss_oxide::scanner: Reading "C:\\Users\\admin\\Documents\\Payment Project\\v0-payment-gateway-dashboard\\app\\checkout\\popup\\popup-client.tsx"
2026-04-08T20:48:30.839494Z  INFO tailwindcss_oxide::scanner: Reading "C:\\Users\\admin\\Documents\\Payment Project\\v0-payment-gateway-dashboard\\app\\api\\admin\\control\\flush-ipn\\route.ts"
2026-04-08T20:48:30.839477Z  INFO tailwindcss_oxide::scanner: Reading "C:\\Users\\admin\\Documents\\Payment Project\\v0-payment-gateway-dashboard\\app\\api\\gateway\\capture\\route.ts"
2026-04-08T20:48:30.839490Z  INFO tailwindcss_oxide::scanner: Reading "C:\\Users\\admin\\Documents\\Payment Project\\v0-payment-gateway-dashboard\\.env"
2026-04-08T20:48:30.839482Z  INFO tailwindcss_oxide::scanner: Reading "C:\\Users\\admin\\Documents\\Payment Project\\v0-payment-gateway-dashboard\\components\\dashboard\\merchant-accounts.tsx"
2026-04-08T20:48:30.839490Z  INFO tailwindcss_oxide::scanner: Reading "C:\\Users\\admin\\Documents\\Payment Project\\v0-payment-gateway-dashboard\\lib\\checkout-flow.ts"
2026-04-08T20:48:30.839502Z  INFO tailwindcss_oxide::scanner: Reading "C:\\Users\\admin\\Documents\\Payment Project\\v0-payment-gateway-dashboard\\components\\ui\\slider.tsx"
2026-04-08T20:48:30.839567Z  INFO tailwindcss_oxide::scanner: Reading "C:\\Users\\admin\\Documents\\Payment Project\\v0-payment-gateway-dashboard\\app\\settings\\page.tsx"
2026-04-08T20:48:30.839554Z  INFO tailwindcss_oxide::scanner: Reading "C:\\Users\\admin\\Documents\\Payment Project\\v0-payment-gateway-dashboard\\app\\api\\admin\\settings\\route.ts"
2026-04-08T20:48:30.839584Z  INFO tailwindcss_oxide::scanner: Reading "C:\\Users\\admin\\Documents\\Payment Project\\v0-payment-gateway-dashboard\\app\\api\\admin\\control\\reset-counters\\route.ts"
2026-04-08T20:48:30.839598Z  INFO tailwindcss_oxide::scanner: Reading "C:\\Users\\admin\\Documents\\Payment Project\\v0-payment-gateway-dashboard\\app\\api\\gateway\\checkout\\route.ts"
2026-04-08T20:48:30.839584Z  INFO tailwindcss_oxide::scanner: Reading "C:\\Users\\admin\\Documents\\Payment Project\\v0-payment-gateway-dashboard\\components\\ui\\use-toast.ts"
2026-04-08T20:48:30.839543Z  INFO tailwindcss_oxide::scanner: Reading "C:\\Users\\admin\\Documents\\Payment Project\\v0-payment-gateway-dashboard\\components\\ui\\menubar.tsx"
2026-04-08T20:48:30.839630Z  INFO tailwindcss_oxide::scanner: Reading "C:\\Users\\admin\\Documents\\Payment Project\\v0-payment-gateway-dashboard\\components\\dashboard\\rotation-logic.tsx"
2026-04-08T20:48:30.839548Z  INFO tailwindcss_oxide::scanner: Reading "C:\\Users\\admin\\Documents\\Payment Project\\v0-payment-gateway-dashboard\\components\\ui\\dropdown-menu.tsx"
2026-04-08T20:48:30.839646Z  INFO tailwindcss_oxide::scanner: Reading "C:\\Users\\admin\\Documents\\Payment Project\\v0-payment-gateway-dashboard\\app\\accounts\\page.tsx"
2026-04-08T20:48:30.839635Z  INFO tailwindcss_oxide::scanner: Reading "C:\\Users\\admin\\Documents\\Payment Project\\v0-payment-gateway-dashboard\\lib\\email.ts"
2026-04-08T20:48:30.839638Z  INFO tailwindcss_oxide::scanner: Reading "C:\\Users\\admin\\Documents\\Payment Project\\v0-payment-gateway-dashboard\\app\\analytics\\page.tsx"
2026-04-08T20:48:30.839646Z  INFO tailwindcss_oxide::scanner: Reading "C:\\Users\\admin\\Documents\\Payment Project\\v0-payment-gateway-dashboard\\components\\ui\\sonner.tsx"
2026-04-08T20:48:30.839722Z  INFO tailwindcss_oxide::scanner: Reading "C:\\Users\\admin\\Documents\\Payment Project\\v0-payment-gateway-dashboard\\components\\ui\\empty.tsx"
2026-04-08T20:48:30.839579Z  INFO tailwindcss_oxide::scanner: Reading "C:\\Users\\admin\\Documents\\Payment Project\\v0-payment-gateway-dashboard\\app\\dashboard\\page.tsx"
2026-04-08T20:48:30.839662Z  INFO tailwindcss_oxide::scanner: Reading "C:\\Users\\admin\\Documents\\Payment Project\\v0-payment-gateway-dashboard\\app\\api\\admin\\settings\\test-telegram\\route.ts"
2026-04-08T20:48:30.839741Z  INFO tailwindcss_oxide::scanner: Reading "C:\\Users\\admin\\Documents\\Payment Project\\v0-payment-gateway-dashboard\\components\\ui\\input-group.tsx"
2026-04-08T20:48:30.839666Z  INFO tailwindcss_oxide::scanner: Reading "C:\\Users\\admin\\Documents\\Payment Project\\v0-payment-gateway-dashboard\\app\\api\\admin\\control\\rotate-domains\\route.ts"
2026-04-08T20:48:30.839675Z  INFO tailwindcss_oxide::scanner: Reading "C:\\Users\\admin\\Documents\\Payment Project\\v0-payment-gateway-dashboard\\app\\api\\gateway\\transactions\\[transactionId]\\replay\\route.ts"
2026-04-08T20:48:30.839670Z  INFO tailwindcss_oxide::scanner: Reading "C:\\Users\\admin\\Documents\\Payment Project\\v0-payment-gateway-dashboard\\app\\api\\admin\\gateway-controls\\route.ts"
2026-04-08T20:48:30.839787Z  INFO tailwindcss_oxide::scanner: Reading "C:\\Users\\admin\\Documents\\Payment Project\\v0-payment-gateway-dashboard\\components\\ui\\spinner.tsx"
2026-04-08T20:48:30.839790Z  INFO tailwindcss_oxide::scanner: Reading "C:\\Users\\admin\\Documents\\Payment Project\\v0-payment-gateway-dashboard\\components\\ui\\field.tsx"
2026-04-08T20:48:30.839699Z  INFO tailwindcss_oxide::scanner: Reading "C:\\Users\\admin\\Documents\\Payment Project\\v0-payment-gateway-dashboard\\components.json"
2026-04-08T20:48:30.839809Z  INFO tailwindcss_oxide::scanner: Reading "C:\\Users\\admin\\Documents\\Payment Project\\v0-payment-gateway-dashboard\\app\\docs\\api\\page.tsx"
2026-04-08T20:48:30.839709Z  INFO tailwindcss_oxide::scanner: Reading "C:\\Users\\admin\\Documents\\Payment Project\\v0-payment-gateway-dashboard\\components\\dashboard\\shield-domains.tsx"
2026-04-08T20:48:30.839823Z  INFO tailwindcss_oxide::scanner: Reading "C:\\Users\\admin\\Documents\\Payment Project\\v0-payment-gateway-dashboard\\app\\api\\admin\\shield-domains\\route.ts"
2026-04-08T20:48:30.839709Z  INFO tailwindcss_oxide::scanner: Reading "C:\\Users\\admin\\Documents\\Payment Project\\v0-payment-gateway-dashboard\\components\\ui\\navigation-menu.tsx"
2026-04-08T20:48:30.839739Z  INFO tailwindcss_oxide::scanner: Reading "C:\\Users\\admin\\Documents\\Payment Project\\v0-payment-gateway-dashboard\\components\\ui\\textarea.tsx"
2026-04-08T20:48:30.839848Z  INFO tailwindcss_oxide::scanner: Reading "C:\\Users\\admin\\Documents\\Payment Project\\v0-payment-gateway-dashboard\\app\\api\\admin\\gateway-key\\route.ts"
2026-04-08T20:48:30.839850Z  INFO tailwindcss_oxide::scanner: Reading "C:\\Users\\admin\\Documents\\Payment Project\\v0-payment-gateway-dashboard\\app\\logs\\page.tsx"
2026-04-08T20:48:30.839762Z  INFO tailwindcss_oxide::scanner: Reading "C:\\Users\\admin\\Documents\\Payment Project\\v0-payment-gateway-dashboard\\components\\ui\\switch.tsx"
2026-04-08T20:48:30.839772Z  INFO tailwindcss_oxide::scanner: Reading "C:\\Users\\admin\\Documents\\Payment Project\\v0-payment-gateway-dashboard\\lib\\encryption.ts"
2026-04-08T20:48:30.839906Z  INFO tailwindcss_oxide::scanner: Reading "C:\\Users\\admin\\Documents\\Payment Project\\v0-payment-gateway-dashboard\\components\\ui\\pagination.tsx"
2026-04-08T20:48:30.839773Z  INFO tailwindcss_oxide::scanner: Reading "C:\\Users\\admin\\Documents\\Payment Project\\v0-payment-gateway-dashboard\\app\\api\\admin\\audit\\route.ts"
2026-04-08T20:48:30.839921Z  INFO tailwindcss_oxide::scanner: Reading "C:\\Users\\admin\\Documents\\Payment Project\\v0-payment-gateway-dashboard\\app\\api\\admin\\logs\\route.ts"
2026-04-08T20:48:30.839679Z  INFO tailwindcss_oxide::scanner: Reading "C:\\Users\\admin\\Documents\\Payment Project\\v0-payment-gateway-dashboard\\app\\stores\\page.tsx"
2026-04-08T20:48:30.839820Z  INFO tailwindcss_oxide::scanner: Reading "C:\\Users\\admin\\Documents\\Payment Project\\v0-payment-gateway-dashboard\\components\\ui\\input-otp.tsx"
2026-04-08T20:48:30.839943Z  INFO tailwindcss_oxide::scanner: Reading "C:\\Users\\admin\\Documents\\Payment Project\\v0-payment-gateway-dashboard\\components\\ui\\table.tsx"
2026-04-08T20:48:30.839822Z  INFO tailwindcss_oxide::scanner: Reading "C:\\Users\\admin\\Documents\\Payment Project\\v0-payment-gateway-dashboard\\components\\ui\\resizable.tsx"
2026-04-08T20:48:30.839758Z  INFO tailwindcss_oxide::scanner: Reading "C:\\Users\\admin\\Documents\\Payment Project\\v0-payment-gateway-dashboard\\app\\admin\\domains\\page.tsx"
2026-04-08T20:48:30.839969Z  INFO tailwindcss_oxide::scanner: Reading "C:\\Users\\admin\\Documents\\Payment Project\\v0-payment-gateway-dashboard\\components\\ui\\popover.tsx"
2026-04-08T20:48:30.839925Z  INFO tailwindcss_oxide::scanner: Reading "C:\\Users\\admin\\Documents\\Payment Project\\v0-payment-gateway-dashboard\\app\\order\\cancel\\page.tsx"
2026-04-08T20:48:30.839965Z  INFO tailwindcss_oxide::scanner: Reading "C:\\Users\\admin\\Documents\\Payment Project\\v0-payment-gateway-dashboard\\lib\\gateway-auth.ts"
2026-04-08T20:48:30.839864Z  INFO tailwindcss_oxide::scanner: Reading "C:\\Users\\admin\\Documents\\Payment Project\\v0-payment-gateway-dashboard\\components\\ui\\separator.tsx"
2026-04-08T20:48:30.839994Z  INFO tailwindcss_oxide::scanner: Reading "C:\\Users\\admin\\Documents\\Payment Project\\v0-payment-gateway-dashboard\\app\\super-admin\\domains\\page.tsx"
2026-04-08T20:48:30.839889Z  INFO tailwindcss_oxide::scanner: Reading "C:\\Users\\admin\\Documents\\Payment Project\\v0-payment-gateway-dashboard\\docs\\Next.js Merchant Integration Guide.md"
2026-04-08T20:48:30.840006Z  INFO tailwindcss_oxide::scanner: Reading "C:\\Users\\admin\\Documents\\Payment Project\\v0-payment-gateway-dashboard\\components\\ui\\sidebar.tsx"
2026-04-08T20:48:30.839877Z  INFO tailwindcss_oxide::scanner: Reading "C:\\Users\\admin\\Documents\\Payment Project\\v0-payment-gateway-dashboard\\components\\ui\\form.tsx"
2026-04-08T20:48:30.839879Z  INFO tailwindcss_oxide::scanner: Reading "C:\\Users\\admin\\Documents\\Payment Project\\v0-payment-gateway-dashboard\\app\\domains\\page.tsx"
2026-04-08T20:48:30.839893Z  INFO tailwindcss_oxide::scanner: Reading "C:\\Users\\admin\\Documents\\Payment Project\\v0-payment-gateway-dashboard\\app\\api\\admin\\stats\\route.ts"
2026-04-08T20:48:30.839855Z  INFO tailwindcss_oxide::scanner: Reading "C:\\Users\\admin\\Documents\\Payment Project\\v0-payment-gateway-dashboard\\app\\api\\gateway\\transactions\\[transactionId]\\route.ts"
2026-04-08T20:48:30.840057Z  INFO tailwindcss_oxide::scanner: Reading "C:\\Users\\admin\\Documents\\Payment Project\\v0-payment-gateway-dashboard\\lib\\gateway-recovery.ts"
2026-04-08T20:48:30.840062Z  INFO tailwindcss_oxide::scanner: Reading "C:\\Users\\admin\\Documents\\Payment Project\\v0-payment-gateway-dashboard\\app\\super-admin\\page.tsx"
2026-04-08T20:48:30.839901Z  INFO tailwindcss_oxide::scanner: Reading "C:\\Users\\admin\\Documents\\Payment Project\\v0-payment-gateway-dashboard\\components\\dashboard\\transaction-feed.tsx"
2026-04-08T20:48:30.840076Z  INFO tailwindcss_oxide::scanner: Reading "C:\\Users\\admin\\Documents\\Payment Project\\v0-payment-gateway-dashboard\\components\\ui\\skeleton.tsx"
2026-04-08T20:48:30.839877Z  INFO tailwindcss_oxide::scanner: Reading "C:\\Users\\admin\\Documents\\Payment Project\\v0-payment-gateway-dashboard\\app\\order\\success\\page.tsx"
2026-04-08T20:48:30.839985Z  INFO tailwindcss_oxide::scanner: Reading "C:\\Users\\admin\\Documents\\Payment Project\\v0-payment-gateway-dashboard\\app\\api\\admin\\control\\clear-fraud\\route.ts"
2026-04-08T20:48:30.840007Z  INFO tailwindcss_oxide::scanner: Reading "C:\\Users\\admin\\Documents\\Payment Project\\v0-payment-gateway-dashboard\\components\\ui\\input.tsx"
2026-04-08T20:48:30.840116Z  INFO tailwindcss_oxide::scanner: Reading "C:\\Users\\admin\\Documents\\Payment Project\\v0-payment-gateway-dashboard\\app\\layout.tsx"
2026-04-08T20:48:30.840013Z  INFO tailwindcss_oxide::scanner: Reading "C:\\Users\\admin\\Documents\\Payment Project\\v0-payment-gateway-dashboard\\components\\ui\\tabs.tsx"
2026-04-08T20:48:30.840133Z  INFO tailwindcss_oxide::scanner: Reading "C:\\Users\\admin\\Documents\\Payment Project\\v0-payment-gateway-dashboard\\app\\api\\admin\\tenants\\route.ts"
2026-04-08T20:48:30.840027Z  INFO tailwindcss_oxide::scanner: Reading "C:\\Users\\admin\\Documents\\Payment Project\\v0-payment-gateway-dashboard\\components\\ui\\progress.tsx"
2026-04-08T20:48:30.840033Z  INFO tailwindcss_oxide::scanner: Reading "C:\\Users\\admin\\Documents\\Payment Project\\v0-payment-gateway-dashboard\\app\\order\\result-client.tsx"
2026-04-08T20:48:30.839896Z  INFO tailwindcss_oxide::scanner: Reading "C:\\Users\\admin\\Documents\\Payment Project\\v0-payment-gateway-dashboard\\eslint.config.mjs"
2026-04-08T20:48:30.840169Z  INFO tailwindcss_oxide::scanner: Reading "C:\\Users\\admin\\Documents\\Payment Project\\v0-payment-gateway-dashboard\\components\\domains\\shield-domains-manager.tsx"
2026-04-08T20:48:30.840174Z  INFO tailwindcss_oxide::scanner: Reading "C:\\Users\\admin\\Documents\\Payment Project\\v0-payment-gateway-dashboard\\app\\page.tsx"
2026-04-08T20:48:30.839917Z  INFO tailwindcss_oxide::scanner: Reading "C:\\Users\\admin\\Documents\\Payment Project\\v0-payment-gateway-dashboard\\components\\ui\\toast.tsx"
2026-04-08T20:48:30.840081Z  INFO tailwindcss_oxide::scanner: Reading "C:\\Users\\admin\\Documents\\Payment Project\\v0-payment-gateway-dashboard\\docs\\STORE_WEBHOOK_CONTRACT.md"
2026-04-08T20:48:30.840203Z  INFO tailwindcss_oxide::scanner: Reading "C:\\Users\\admin\\Documents\\Payment Project\\v0-payment-gateway-dashboard\\emails\\WelcomeMerchant.tsx"
2026-04-08T20:48:30.840089Z  INFO tailwindcss_oxide::scanner: Reading "C:\\Users\\admin\\Documents\\Payment Project\\v0-payment-gateway-dashboard\\components\\ui\\sheet.tsx"
2026-04-08T20:48:30.840216Z  INFO tailwindcss_oxide::scanner: Reading "C:\\Users\\admin\\Documents\\Payment Project\\v0-payment-gateway-dashboard\\app\\api\\auth\\change-email\\route.ts"
2026-04-08T20:48:30.840022Z  INFO tailwindcss_oxide::scanner: Reading "C:\\Users\\admin\\Documents\\Payment Project\\v0-payment-gateway-dashboard\\components\\ui\\scroll-area.tsx"
2026-04-08T20:48:30.840135Z  INFO tailwindcss_oxide::scanner: Reading "C:\\Users\\admin\\Documents\\Payment Project\\v0-payment-gateway-dashboard\\app\\super-admin\\tenants\\page.tsx"
2026-04-08T20:48:30.840137Z  INFO tailwindcss_oxide::scanner: Reading "C:\\Users\\admin\\Documents\\Payment Project\\v0-payment-gateway-dashboard\\lib\\masking.ts"
2026-04-08T20:48:30.840256Z  INFO tailwindcss_oxide::scanner: Reading "C:\\Users\\admin\\Documents\\Payment Project\\v0-payment-gateway-dashboard\\components\\nav\\notification-bell.tsx"
2026-04-08T20:48:30.840260Z  INFO tailwindcss_oxide::scanner: Reading "C:\\Users\\admin\\Documents\\Payment Project\\v0-payment-gateway-dashboard\\components\\ui\\kbd.tsx"
2026-04-08T20:48:30.840248Z  INFO tailwindcss_oxide::scanner: Reading "C:\\Users\\admin\\Documents\\Payment Project\\v0-payment-gateway-dashboard\\git_log_all.txt"
2026-04-08T20:48:30.840271Z  INFO tailwindcss_oxide::scanner: Reading "C:\\Users\\admin\\Documents\\Payment Project\\v0-payment-gateway-dashboard\\components\\ui\\tooltip.tsx"
2026-04-08T20:48:30.840306Z  INFO tailwindcss_oxide::scanner: Reading "C:\\Users\\admin\\Documents\\Payment Project\\v0-payment-gateway-dashboard\\app\\terms\\page.tsx"
2026-04-08T20:48:30.840213Z  INFO tailwindcss_oxide::scanner: Reading "C:\\Users\\admin\\Documents\\Payment Project\\v0-payment-gateway-dashboard\\app\\api\\cron\\recovery\\route.ts"
2026-04-08T20:48:30.840116Z  INFO tailwindcss_oxide::scanner: Reading "C:\\Users\\admin\\Documents\\Payment Project\\v0-payment-gateway-dashboard\\components\\ui\\hover-card.tsx"
2026-04-08T20:48:30.840334Z  INFO tailwindcss_oxide::scanner: Reading "C:\\Users\\admin\\Documents\\Payment Project\\v0-payment-gateway-dashboard\\scripts\\017-capture-mode.sql"
2026-04-08T20:48:30.840271Z  INFO tailwindcss_oxide::scanner: Reading "C:\\Users\\admin\\Documents\\Payment Project\\v0-payment-gateway-dashboard\\components\\ui\\toaster.tsx"
2026-04-08T20:48:30.840186Z  INFO tailwindcss_oxide::scanner: Reading "C:\\Users\\admin\\Documents\\Payment Project\\v0-payment-gateway-dashboard\\components\\ui\\item.tsx"
2026-04-08T20:48:30.840136Z  INFO tailwindcss_oxide::scanner: Reading "C:\\Users\\admin\\Documents\\Payment Project\\v0-payment-gateway-dashboard\\app\\api\\merchant\\accounts\\route.ts"
2026-04-08T20:48:30.840371Z  INFO tailwindcss_oxide::scanner: Reading "C:\\Users\\admin\\Documents\\Payment Project\\v0-payment-gateway-dashboard\\components\\ui\\use-mobile.tsx"
2026-04-08T20:48:30.840168Z  INFO tailwindcss_oxide::scanner: Reading "C:\\Users\\admin\\Documents\\Payment Project\\v0-payment-gateway-dashboard\\docs\\USER_MANUAL_BILINGUAL.md"
2026-04-08T20:48:30.840062Z  INFO tailwindcss_oxide::scanner: Reading "C:\\Users\\admin\\Documents\\Payment Project\\v0-payment-gateway-dashboard\\components\\ui\\radio-group.tsx"
2026-04-08T20:48:30.840397Z  INFO tailwindcss_oxide::scanner: Reading "C:\\Users\\admin\\Documents\\Payment Project\\v0-payment-gateway-dashboard\\app\\transactions\\page.tsx"
2026-04-08T20:48:30.840196Z  INFO tailwindcss_oxide::scanner: Reading "C:\\Users\\admin\\Documents\\Payment Project\\v0-payment-gateway-dashboard\\app\\login\\page.tsx"
2026-04-08T20:48:30.840281Z  INFO tailwindcss_oxide::scanner: Reading "C:\\Users\\admin\\Documents\\Payment Project\\v0-payment-gateway-dashboard\\app\\privacy\\page.tsx"
2026-04-08T20:48:30.840222Z  INFO tailwindcss_oxide::scanner: Reading "C:\\Users\\admin\\Documents\\Payment Project\\v0-payment-gateway-dashboard\\components\\ui\\select.tsx"
2026-04-08T20:48:30.840458Z  INFO tailwindcss_oxide::scanner: Reading "C:\\Users\\admin\\Documents\\Payment Project\\v0-payment-gateway-dashboard\\components\\auth\\session-provider.tsx"
2026-04-08T20:48:30.840288Z  INFO tailwindcss_oxide::scanner: Reading "C:\\Users\\admin\\Documents\\Payment Project\\v0-payment-gateway-dashboard\\app\\api\\auth\\change-password\\route.ts"
2026-04-08T20:48:30.840300Z  INFO tailwindcss_oxide::scanner: Reading "C:\\Users\\admin\\Documents\\Payment Project\\v0-payment-gateway-dashboard\\components\\ui\\label.tsx"
2026-04-08T20:48:30.840492Z  INFO tailwindcss_oxide::scanner: Reading "C:\\Users\\admin\\Documents\\Payment Project\\v0-payment-gateway-dashboard\\components\\ui\\carousel.tsx"
2026-04-08T20:48:30.840495Z  INFO tailwindcss_oxide::scanner: Reading "C:\\Users\\admin\\Documents\\Payment Project\\v0-payment-gateway-dashboard\\components\\ui\\badge.tsx"
2026-04-08T20:48:30.840330Z  INFO tailwindcss_oxide::scanner: Reading "C:\\Users\\admin\\Documents\\Payment Project\\v0-payment-gateway-dashboard\\lib\\merchant-rotation.ts"
2026-04-08T20:48:30.840336Z  INFO tailwindcss_oxide::scanner: Reading "C:\\Users\\admin\\Documents\\Payment Project\\v0-payment-gateway-dashboard\\hooks\\use-mobile.ts"
2026-04-08T20:48:30.840531Z  INFO tailwindcss_oxide::scanner: Reading "C:\\Users\\admin\\Documents\\Payment Project\\v0-payment-gateway-dashboard\\lib\\shield-domain-service.ts"
2026-04-08T20:48:30.840537Z  INFO tailwindcss_oxide::scanner: Reading "C:\\Users\\admin\\Documents\\Payment Project\\v0-payment-gateway-dashboard\\app\\api\\auth\\[...nextauth]\\route.ts"
2026-04-08T20:48:30.840556Z  INFO tailwindcss_oxide::scanner: Reading "C:\\Users\\admin\\Documents\\Payment Project\\v0-payment-gateway-dashboard\\scripts\\migrate.sql"
2026-04-08T20:48:30.840311Z  INFO tailwindcss_oxide::scanner: Reading "C:\\Users\\admin\\Documents\\Payment Project\\v0-payment-gateway-dashboard\\scripts\\004-system-logs.sql"
2026-04-08T20:48:30.840499Z  INFO tailwindcss_oxide::scanner: Reading "C:\\Users\\admin\\Documents\\Payment Project\\v0-payment-gateway-dashboard\\components\\dashboard\\connected-stores.tsx"
2026-04-08T20:48:30.840327Z  INFO tailwindcss_oxide::scanner: Reading "C:\\Users\\admin\\Documents\\Payment Project\\v0-payment-gateway-dashboard\\components\\nav\\top-bar.tsx"
2026-04-08T20:48:30.840529Z  INFO tailwindcss_oxide::scanner: Reading "C:\\Users\\admin\\Documents\\Payment Project\\v0-payment-gateway-dashboard\\scripts\\018-checkout-flow.sql"
2026-04-08T20:48:30.840611Z  INFO tailwindcss_oxide::scanner: Reading "C:\\Users\\admin\\Documents\\Payment Project\\v0-payment-gateway-dashboard\\scripts\\010-system-logs-columns.sql"
2026-04-08T20:48:30.840394Z  INFO tailwindcss_oxide::scanner: Reading "C:\\Users\\admin\\Documents\\Payment Project\\v0-payment-gateway-dashboard\\app\\api\\cron\\reset-volume\\route.ts"
2026-04-08T20:48:30.840544Z  INFO tailwindcss_oxide::scanner: Reading "C:\\Users\\admin\\Documents\\Payment Project\\v0-payment-gateway-dashboard\\app\\api\\gateway\\browser-result\\route.ts"
2026-04-08T20:48:30.840642Z  INFO tailwindcss_oxide::scanner: Reading "C:\\Users\\admin\\Documents\\Payment Project\\v0-payment-gateway-dashboard\\scripts\\005-add-proxy-url.sql"
2026-04-08T20:48:30.840552Z  INFO tailwindcss_oxide::scanner: Reading "C:\\Users\\admin\\Documents\\Payment Project\\v0-payment-gateway-dashboard\\app\\api\\gateway\\browser-status\\[transactionId]\\route.ts"
2026-04-08T20:48:30.840481Z  INFO tailwindcss_oxide::scanner: Reading "C:\\Users\\admin\\Documents\\Payment Project\\v0-payment-gateway-dashboard\\lib\\transaction-status.ts"
2026-04-08T20:48:30.840553Z  INFO tailwindcss_oxide::scanner: Reading "C:\\Users\\admin\\Documents\\Payment Project\\v0-payment-gateway-dashboard\\lib\\neon.ts"
2026-04-08T20:48:30.840565Z  INFO tailwindcss_oxide::scanner: Reading "C:\\Users\\admin\\Documents\\Payment Project\\v0-payment-gateway-dashboard\\app\\api\\merchant\\accounts\\sync\\route.ts"
2026-04-08T20:48:30.840566Z  INFO tailwindcss_oxide::scanner: Reading "C:\\Users\\admin\\Documents\\Payment Project\\v0-payment-gateway-dashboard\\lib\\store-webhooks.ts"
2026-04-08T20:48:30.840575Z  INFO tailwindcss_oxide::scanner: Reading "C:\\Users\\admin\\Documents\\Payment Project\\v0-payment-gateway-dashboard\\components\\ui\\breadcrumb.tsx"
2026-04-08T20:48:30.840713Z  INFO tailwindcss_oxide::scanner: Reading "C:\\Users\\admin\\Documents\\Payment Project\\v0-payment-gateway-dashboard\\scripts\\create-user.js"
2026-04-08T20:48:30.840579Z  INFO tailwindcss_oxide::scanner: Reading "C:\\Users\\admin\\Documents\\Payment Project\\v0-payment-gateway-dashboard\\scripts\\020-webhook-hardening.sql"
2026-04-08T20:48:30.840726Z  INFO tailwindcss_oxide::scanner: Reading "C:\\Users\\admin\\Documents\\Payment Project\\v0-payment-gateway-dashboard\\postcss.config.mjs"
2026-04-08T20:48:30.840579Z  INFO tailwindcss_oxide::scanner: Reading "C:\\Users\\admin\\Documents\\Payment Project\\v0-payment-gateway-dashboard\\components\\ui\\chart.tsx"
2026-04-08T20:48:30.840591Z  INFO tailwindcss_oxide::scanner: Reading "C:\\Users\\admin\\Documents\\Payment Project\\v0-payment-gateway-dashboard\\scripts\\seed-users.sql"
2026-04-08T20:48:30.840754Z  INFO tailwindcss_oxide::scanner: Reading "C:\\Users\\admin\\Documents\\Payment Project\\v0-payment-gateway-dashboard\\lib\\paypal.ts"
2026-04-08T20:48:30.840606Z  INFO tailwindcss_oxide::scanner: Reading "C:\\Users\\admin\\Documents\\Payment Project\\v0-payment-gateway-dashboard\\hooks\\use-notifications.ts"
2026-04-08T20:48:30.840185Z  INFO tailwindcss_oxide::scanner: Reading "C:\\Users\\admin\\Documents\\Payment Project\\v0-payment-gateway-dashboard\\components\\ui\\toggle-group.tsx"
2026-04-08T20:48:30.840624Z  INFO tailwindcss_oxide::scanner: Reading "C:\\Users\\admin\\Documents\\Payment Project\\v0-payment-gateway-dashboard\\scripts\\019-store-webhook-secret.sql"
2026-04-08T20:48:30.840793Z  INFO tailwindcss_oxide::scanner: Reading "C:\\Users\\admin\\Documents\\Payment Project\\v0-payment-gateway-dashboard\\components\\ui\\button-group.tsx"
2026-04-08T20:48:30.840654Z  INFO tailwindcss_oxide::scanner: Reading "C:\\Users\\admin\\Documents\\Payment Project\\v0-payment-gateway-dashboard\\scripts\\restore.py"
2026-04-08T20:48:30.840809Z  INFO tailwindcss_oxide::scanner: Reading "C:\\Users\\admin\\Documents\\Payment Project\\v0-payment-gateway-dashboard\\components\\ui\\checkbox.tsx"
2026-04-08T20:48:30.840811Z  INFO tailwindcss_oxide::scanner: Reading "C:\\Users\\admin\\Documents\\Payment Project\\v0-payment-gateway-dashboard\\prisma\\schema.prisma"
2026-04-08T20:48:30.840673Z  INFO tailwindcss_oxide::scanner: Reading "C:\\Users\\admin\\Documents\\Payment Project\\v0-payment-gateway-dashboard\\components\\theme-provider.tsx"
2026-04-08T20:48:30.840830Z  INFO tailwindcss_oxide::scanner: Reading "C:\\Users\\admin\\Documents\\Payment Project\\v0-payment-gateway-dashboard\\app\\api\\merchant\\telegram\\test\\route.ts"
2026-04-08T20:48:30.840832Z  INFO tailwindcss_oxide::scanner: Reading "C:\\Users\\admin\\Documents\\Payment Project\\v0-payment-gateway-dashboard\\tsconfig.json"
2026-04-08T20:48:30.840847Z  INFO tailwindcss_oxide::scanner: Reading "C:\\Users\\admin\\Documents\\Payment Project\\v0-payment-gateway-dashboard\\components\\ui\\toggle.tsx"
2026-04-08T20:48:30.840835Z  INFO tailwindcss_oxide::scanner: Reading "C:\\Users\\admin\\Documents\\Payment Project\\v0-payment-gateway-dashboard\\hooks\\use-toast.ts"
2026-04-08T20:48:30.840684Z  INFO tailwindcss_oxide::scanner: Reading "C:\\Users\\admin\\Documents\\Payment Project\\v0-payment-gateway-dashboard\\lib\\telegram.ts"
2026-04-08T20:48:30.840871Z  INFO tailwindcss_oxide::scanner: Reading "C:\\Users\\admin\\Documents\\Payment Project\\v0-payment-gateway-dashboard\\components\\ui\\button.tsx"
2026-04-08T20:48:30.840878Z  INFO tailwindcss_oxide::scanner: Reading "C:\\Users\\admin\\Documents\\Payment Project\\v0-payment-gateway-dashboard\\scripts\\seed-users.mjs"
2026-04-08T20:48:30.840882Z  INFO tailwindcss_oxide::scanner: Reading "C:\\Users\\admin\\Documents\\Payment Project\\v0-payment-gateway-dashboard\\app\\api\\merchant\\transactions\\[id]\\replay\\route.ts"
2026-04-08T20:48:30.840735Z  INFO tailwindcss_oxide::scanner: Reading "C:\\Users\\admin\\Documents\\Payment Project\\v0-payment-gateway-dashboard\\lib\\utils.ts"
2026-04-08T20:48:30.840808Z  INFO tailwindcss_oxide::scanner: Reading "C:\\Users\\admin\\Documents\\Payment Project\\v0-payment-gateway-dashboard\\components\\dashboard\\live-feed.tsx"
2026-04-08T20:48:30.840660Z  INFO tailwindcss_oxide::scanner: Reading "C:\\Users\\admin\\Documents\\Payment Project\\v0-payment-gateway-dashboard\\components\\dashboard\\global-metrics.tsx"
2026-04-08T20:48:30.840882Z  INFO tailwindcss_oxide::scanner: Reading "C:\\Users\\admin\\Documents\\Payment Project\\v0-payment-gateway-dashboard\\components\\ui\\collapsible.tsx"
2026-04-08T20:48:30.840774Z  INFO tailwindcss_oxide::scanner: Reading "C:\\Users\\admin\\Documents\\Payment Project\\v0-payment-gateway-dashboard\\components\\dashboard\\header.tsx"
2026-04-08T20:48:30.840882Z  INFO tailwindcss_oxide::scanner: Reading "C:\\Users\\admin\\Documents\\Payment Project\\v0-payment-gateway-dashboard\\proxy.ts"
2026-04-08T20:48:30.840897Z  INFO tailwindcss_oxide::scanner: Reading "C:\\Users\\admin\\Documents\\Payment Project\\v0-payment-gateway-dashboard\\components\\ui\\accordion.tsx"
2026-04-08T20:48:30.840962Z  INFO tailwindcss_oxide::scanner: Reading "C:\\Users\\admin\\Documents\\Payment Project\\v0-payment-gateway-dashboard\\README.md"
2026-04-08T20:48:30.840685Z  INFO tailwindcss_oxide::scanner: Reading "C:\\Users\\admin\\Documents\\Payment Project\\v0-payment-gateway-dashboard\\scripts\\011-token-blacklist.sql"
2026-04-08T20:48:30.840712Z  INFO tailwindcss_oxide::scanner: Reading "C:\\Users\\admin\\Documents\\Payment Project\\v0-payment-gateway-dashboard\\app\\api\\merchant\\stores\\checkout-flow\\route.ts"
2026-04-08T20:48:30.840762Z  INFO tailwindcss_oxide::scanner: Reading "C:\\Users\\admin\\Documents\\Payment Project\\v0-payment-gateway-dashboard\\app\\api\\merchant\\accounts\\[id]\\route.ts"
2026-04-08T20:48:30.840789Z  INFO tailwindcss_oxide::scanner: Reading "C:\\Users\\admin\\Documents\\Payment Project\\v0-payment-gateway-dashboard\\scripts\\encrypt-secrets.mjs"
2026-04-08T20:48:30.840916Z  INFO tailwindcss_oxide::scanner: Reading "C:\\Users\\admin\\Documents\\Payment Project\\v0-payment-gateway-dashboard\\types\\next-auth.d.ts"
2026-04-08T20:48:30.840923Z  INFO tailwindcss_oxide::scanner: Reading "C:\\Users\\admin\\Documents\\Payment Project\\v0-payment-gateway-dashboard\\app\\api\\merchant\\transactions\\capture\\route.ts"
2026-04-08T20:48:30.841047Z  INFO tailwindcss_oxide::scanner: Reading "C:\\Users\\admin\\Documents\\Payment Project\\v0-payment-gateway-dashboard\\reflog-dump.txt"
2026-04-08T20:48:30.840939Z  INFO tailwindcss_oxide::scanner: Reading "C:\\Users\\admin\\Documents\\Payment Project\\v0-payment-gateway-dashboard\\lib\\auth-config.ts"
2026-04-08T20:48:30.840952Z  INFO tailwindcss_oxide::scanner: Reading "C:\\Users\\admin\\Documents\\Payment Project\\v0-payment-gateway-dashboard\\app\\api\\merchant\\stores\\route.ts"
2026-04-08T20:48:30.841076Z  INFO tailwindcss_oxide::scanner: Reading "C:\\Users\\admin\\Documents\\Payment Project\\v0-payment-gateway-dashboard\\components\\ui\\card.tsx"
2026-04-08T20:48:30.840962Z  INFO tailwindcss_oxide::scanner: Reading "C:\\Users\\admin\\Documents\\Payment Project\\v0-payment-gateway-dashboard\\components\\ui\\calendar.tsx"
2026-04-08T20:48:30.841092Z  INFO tailwindcss_oxide::scanner: Reading "C:\\Users\\admin\\Documents\\Payment Project\\v0-payment-gateway-dashboard\\vercel.json"
2026-04-08T20:48:30.841094Z  INFO tailwindcss_oxide::scanner: Reading "C:\\Users\\admin\\Documents\\Payment Project\\v0-payment-gateway-dashboard\\app\\api\\merchant\\stores\\regenerate-webhook-secret\\route.ts"
2026-04-08T20:48:30.841086Z  INFO tailwindcss_oxide::scanner: Reading "C:\\Users\\admin\\Documents\\Payment Project\\v0-payment-gateway-dashboard\\app\\api\\merchant\\analytics\\route.ts"
2026-04-08T20:48:30.840992Z  INFO tailwindcss_oxide::scanner: Reading "C:\\Users\\admin\\Documents\\Payment Project\\v0-payment-gateway-dashboard\\lib\\vercel-domains.ts"
2026-04-08T20:48:30.841061Z  INFO tailwindcss_oxide::scanner: Reading "C:\\Users\\admin\\Documents\\Payment Project\\v0-payment-gateway-dashboard\\scripts\\012-fraud-blocklist.sql"
2026-04-08T20:48:30.841035Z  INFO tailwindcss_oxide::scanner: Reading "C:\\Users\\admin\\Documents\\Payment Project\\v0-payment-gateway-dashboard\\app\\api\\merchant\\stores\\regenerate-key\\route.ts"
2026-04-08T20:48:30.841144Z  INFO tailwindcss_oxide::scanner: Reading "C:\\Users\\admin\\Documents\\Payment Project\\v0-payment-gateway-dashboard\\scripts\\002-schema-init.sql"
2026-04-08T20:48:30.841151Z  INFO tailwindcss_oxide::scanner: Reading "C:\\Users\\admin\\Documents\\Payment Project\\v0-payment-gateway-dashboard\\scripts\\015-email-change-codes.sql"
2026-04-08T20:48:30.841150Z  INFO tailwindcss_oxide::scanner: Reading "C:\\Users\\admin\\Documents\\Payment Project\\v0-payment-gateway-dashboard\\scripts\\003-add-webhook-id.sql"
2026-04-08T20:48:30.841004Z  INFO tailwindcss_oxide::scanner: Reading "C:\\Users\\admin\\Documents\\Payment Project\\v0-payment-gateway-dashboard\\components\\ui\\command.tsx"
2026-04-08T20:48:30.841168Z  INFO tailwindcss_oxide::scanner: Reading "C:\\Users\\admin\\Documents\\Payment Project\\v0-payment-gateway-dashboard\\scripts\\016-rotation-strategy.sql"
2026-04-08T20:48:30.841037Z  INFO tailwindcss_oxide::scanner: Reading "C:\\Users\\admin\\Documents\\Payment Project\\v0-payment-gateway-dashboard\\components\\ui\\alert-dialog.tsx"
2026-04-08T20:48:30.841181Z  INFO tailwindcss_oxide::scanner: Reading "C:\\Users\\admin\\Documents\\Payment Project\\v0-payment-gateway-dashboard\\scripts\\014-telegram-config.sql"
2026-04-08T20:48:30.841216Z  INFO tailwindcss_oxide::scanner: Reading "C:\\Users\\admin\\Documents\\Payment Project\\v0-payment-gateway-dashboard\\app\\api\\merchant\\logs\\route.ts"
2026-04-08T20:48:30.841169Z  INFO tailwindcss_oxide::scanner: Reading "C:\\Users\\admin\\Documents\\Payment Project\\v0-payment-gateway-dashboard\\app\\api\\merchant\\telegram\\route.ts"
2026-04-08T20:48:30.841238Z  INFO tailwindcss_oxide::scanner: Reading "C:\\Users\\admin\\Documents\\Payment Project\\v0-payment-gateway-dashboard\\app\\api\\merchant\\rotation-settings\\route.ts"
2026-04-08T20:48:30.840713Z  INFO tailwindcss_oxide::scanner: Reading "C:\\Users\\admin\\Documents\\Payment Project\\v0-payment-gateway-dashboard\\scripts\\006-warmup-ramp.sql"
2026-04-08T20:48:30.841244Z  INFO tailwindcss_oxide::scanner: Reading "C:\\Users\\admin\\Documents\\Payment Project\\v0-payment-gateway-dashboard\\package.json"
2026-04-08T20:48:30.841037Z  INFO tailwindcss_oxide::scanner: Reading "C:\\Users\\admin\\Documents\\Payment Project\\v0-payment-gateway-dashboard\\app\\api\\webhook\\paypal\\route.ts"
2026-04-08T20:48:30.841261Z  INFO tailwindcss_oxide::scanner: Reading "C:\\Users\\admin\\Documents\\Payment Project\\v0-payment-gateway-dashboard\\components\\ui\\alert.tsx"
2026-04-08T20:48:30.840993Z  INFO tailwindcss_oxide::scanner: Reading "C:\\Users\\admin\\Documents\\Payment Project\\v0-payment-gateway-dashboard\\app\\api\\merchant\\stores\\[id]\\route.ts"
2026-04-08T20:48:30.841186Z  INFO tailwindcss_oxide::scanner: Reading "C:\\Users\\admin\\Documents\\Payment Project\\v0-payment-gateway-dashboard\\app\\api\\merchant\\dashboard-stats\\route.ts"
2026-04-08T20:48:30.840964Z  INFO tailwindcss_oxide::scanner: Reading "C:\\Users\\admin\\Documents\\Payment Project\\v0-payment-gateway-dashboard\\app\\api\\merchant\\transactions\\[id]\\route.ts"
2026-04-08T20:48:30.840989Z  INFO tailwindcss_oxide::scanner: Reading "C:\\Users\\admin\\Documents\\Payment Project\\v0-payment-gateway-dashboard\\components\\ui\\context-menu.tsx"
2026-04-08T20:48:30.841153Z  INFO tailwindcss_oxide::scanner: Reading "C:\\Users\\admin\\Documents\\Payment Project\\v0-payment-gateway-dashboard\\lib\\behavioral-randomization.ts"
2026-04-08T20:48:30.840927Z  INFO tailwindcss_oxide::scanner: Reading "C:\\Users\\admin\\Documents\\Payment Project\\v0-payment-gateway-dashboard\\app\\api\\merchant\\test-connection\\route.ts"
2026-04-08T20:48:30.841323Z  INFO tailwindcss_oxide::scanner: Reading "C:\\Users\\admin\\Documents\\Payment Project\\v0-payment-gateway-dashboard\\scripts\\007-manual-capture.sql"
2026-04-08T20:48:30.841326Z  INFO tailwindcss_oxide::scanner: Reading "C:\\Users\\admin\\Documents\\Payment Project\\v0-payment-gateway-dashboard\\scripts\\009-system-settings.sql"
2026-04-08T20:48:30.841212Z  INFO tailwindcss_oxide::scanner: Reading "C:\\Users\\admin\\Documents\\Payment Project\\v0-payment-gateway-dashboard\\app\\checkout\\popup\\page.tsx"
2026-04-08T20:48:30.841218Z  INFO tailwindcss_oxide::scanner: Reading "C:\\Users\\admin\\Documents\\Payment Project\\v0-payment-gateway-dashboard\\components\\ui\\dialog.tsx"
2026-04-08T20:48:30.841127Z  INFO tailwindcss_oxide::scanner: Reading "C:\\Users\\admin\\Documents\\Payment Project\\v0-payment-gateway-dashboard\\scripts\\013-merchant-masking.sql"
2026-04-08T20:48:30.841232Z  INFO tailwindcss_oxide::scanner: Reading "C:\\Users\\admin\\Documents\\Payment Project\\v0-payment-gateway-dashboard\\next.config.mjs"
2026-04-08T20:48:30.841232Z  INFO tailwindcss_oxide::scanner: Reading "C:\\Users\\admin\\Documents\\Payment Project\\v0-payment-gateway-dashboard\\app\\api\\merchant\\shield-domains\\route.ts"
2026-04-08T20:48:30.841277Z  INFO tailwindcss_oxide::scanner: Reading "C:\\Users\\admin\\Documents\\Payment Project\\v0-payment-gateway-dashboard\\components\\ui\\aspect-ratio.tsx"
2026-04-08T20:48:30.841296Z  INFO tailwindcss_oxide::scanner: Reading "C:\\Users\\admin\\Documents\\Payment Project\\v0-payment-gateway-dashboard\\components\\ui\\avatar.tsx"
2026-04-08T20:48:30.841315Z  INFO tailwindcss_oxide::scanner: Reading "C:\\Users\\admin\\Documents\\Payment Project\\v0-payment-gateway-dashboard\\scripts\\008-admin-overhaul.sql"
2026-04-08T20:48:30.841321Z  INFO tailwindcss_oxide::scanner: Reading "C:\\Users\\admin\\Documents\\Payment Project\\v0-payment-gateway-dashboard\\app\\api\\merchant\\stores\\capture-mode\\route.ts"
2026-04-08T20:48:30.841195Z  INFO tailwindcss_oxide::scanner: Reading "C:\\Users\\admin\\Documents\\Payment Project\\v0-payment-gateway-dashboard\\lib\\webhook-delivery.ts"
2026-04-08T20:48:30.841668Z  INFO discover_sources: tailwindcss_oxide::scanner: exit
2026-04-08T20:48:30.841685Z  INFO extract_candidates: tailwindcss_oxide::scanner: enter
2026-04-08T20:48:30.841690Z  INFO extract_candidates:parse_all_blobs: tailwindcss_oxide::scanner: enter
2026-04-08T20:48:30.841695Z  INFO extract_candidates:parse_all_blobs:extract: tailwindcss_oxide::scanner: enter
2026-04-08T20:48:30.845395Z  INFO extract_candidates:parse_all_blobs:extract: tailwindcss_oxide::scanner: exit
2026-04-08T20:48:30.845617Z  INFO extract_candidates:parse_all_blobs: tailwindcss_oxide::scanner: exit
2026-04-08T20:48:30.845627Z  INFO extract_candidates:read_all_files: tailwindcss_oxide::scanner: enter
2026-04-08T20:48:30.845630Z  INFO extract_candidates:read_all_files: tailwindcss_oxide::scanner: Reading 2 file(s)
2026-04-08T20:48:30.845749Z  INFO tailwindcss_oxide::scanner: Reading "C:\\Users\\admin\\Documents\\Payment Project\\v0-payment-gateway-dashboard\\styles\\globals.css"
2026-04-08T20:48:30.845755Z  INFO tailwindcss_oxide::scanner: Reading "C:\\Users\\admin\\Documents\\Payment Project\\v0-payment-gateway-dashboard\\app\\globals.css"
2026-04-08T20:48:30.845771Z  INFO extract_candidates:read_all_files: tailwindcss_oxide::scanner: exit
2026-04-08T20:48:30.845783Z  INFO extract_candidates:extract_css_variables: tailwindcss_oxide::scanner: enter
2026-04-08T20:48:30.845788Z  INFO extract_candidates:extract_css_variables:extract: tailwindcss_oxide::scanner: enter
2026-04-08T20:48:30.845880Z  INFO extract_candidates:extract_css_variables:extract: tailwindcss_oxide::scanner: exit
2026-04-08T20:48:30.845896Z  INFO extract_candidates:extract_css_variables: tailwindcss_oxide::scanner: exit
2026-04-08T20:48:30.846801Z  INFO extract_candidates: tailwindcss_oxide::scanner: exit
2026-04-08T20:48:30.848516Z  INFO get_files: tailwindcss_oxide::scanner: enter
2026-04-08T20:48:30.848536Z  INFO get_files:discover_sources: tailwindcss_oxide::scanner: enter
2026-04-08T20:48:30.848541Z  INFO get_files:discover_sources: tailwindcss_oxide::scanner: exit
2026-04-08T20:48:30.848670Z  INFO get_files: tailwindcss_oxide::scanner: exit
2026-04-08T20:48:30.850374Z  INFO get_globs: tailwindcss_oxide::scanner: enter
2026-04-08T20:48:30.850384Z  INFO get_globs:discover_sources: tailwindcss_oxide::scanner: enter
2026-04-08T20:48:30.850389Z  INFO get_globs:discover_sources: tailwindcss_oxide::scanner: exit
2026-04-08T20:48:30.862488Z  INFO get_globs: tailwindcss_oxide::scanner: exit
2026-04-08T21:04:32.574059Z  INFO discover_sources: tailwindcss_oxide::scanner: enter
2026-04-08T21:04:32.574084Z  INFO discover_sources:walk_parallel: tailwindcss_oxide::scanner: enter
2026-04-08T21:04:32.584283Z  INFO discover_sources:walk_parallel: tailwindcss_oxide::scanner: exit
2026-04-08T21:04:32.588671Z  INFO tailwindcss_oxide::scanner: Reading "C:\\Users\\admin\\Documents\\Payment Project\\v0-payment-gateway-dashboard\\package.json"
2026-04-08T21:04:32.588685Z  INFO tailwindcss_oxide::scanner: Reading "C:\\Users\\admin\\Documents\\Payment Project\\v0-payment-gateway-dashboard\\components\\ui\\dropdown-menu.tsx"
2026-04-08T21:04:32.588674Z  INFO tailwindcss_oxide::scanner: Reading "C:\\Users\\admin\\Documents\\Payment Project\\v0-payment-gateway-dashboard\\components\\ui\\input-otp.tsx"
2026-04-08T21:04:32.588709Z  INFO tailwindcss_oxide::scanner: Reading "C:\\Users\\admin\\Documents\\Payment Project\\v0-payment-gateway-dashboard\\components\\ui\\collapsible.tsx"
2026-04-08T21:04:32.588676Z  INFO tailwindcss_oxide::scanner: Reading "C:\\Users\\admin\\Documents\\Payment Project\\v0-payment-gateway-dashboard\\app\\api\\merchant\\accounts\\sync\\route.ts"
2026-04-08T21:04:32.588677Z  INFO tailwindcss_oxide::scanner: Reading "C:\\Users\\admin\\Documents\\Payment Project\\v0-payment-gateway-dashboard\\components\\ui\\context-menu.tsx"
2026-04-08T21:04:32.588671Z  INFO tailwindcss_oxide::scanner: Reading "C:\\Users\\admin\\Documents\\Payment Project\\v0-payment-gateway-dashboard\\components\\ui\\drawer.tsx"
2026-04-08T21:04:32.588674Z  INFO tailwindcss_oxide::scanner: Reading "C:\\Users\\admin\\Documents\\Payment Project\\v0-payment-gateway-dashboard\\scripts\\create-user.js"
2026-04-08T21:04:32.588678Z  INFO tailwindcss_oxide::scanner: Reading "C:\\Users\\admin\\Documents\\Payment Project\\v0-payment-gateway-dashboard\\components\\ui\\popover.tsx"
2026-04-08T21:04:32.588785Z  INFO tailwindcss_oxide::scanner: Reading "C:\\Users\\admin\\Documents\\Payment Project\\v0-payment-gateway-dashboard\\components\\ui\\input-group.tsx"
2026-04-08T21:04:32.588678Z  INFO tailwindcss_oxide::scanner: Reading "C:\\Users\\admin\\Documents\\Payment Project\\v0-payment-gateway-dashboard\\lib\\masking.ts"
2026-04-08T21:04:32.588801Z  INFO tailwindcss_oxide::scanner: Reading "C:\\Users\\admin\\Documents\\Payment Project\\v0-payment-gateway-dashboard\\components\\ui\\switch.tsx"
2026-04-08T21:04:32.588684Z  INFO tailwindcss_oxide::scanner: Reading "C:\\Users\\admin\\Documents\\Payment Project\\v0-payment-gateway-dashboard\\app\\api\\admin\\control\\reset-counters\\route.ts"
2026-04-08T21:04:32.588686Z  INFO tailwindcss_oxide::scanner: Reading "C:\\Users\\admin\\Documents\\Payment Project\\v0-payment-gateway-dashboard\\components\\ui\\empty.tsx"
2026-04-08T21:04:32.588790Z  INFO tailwindcss_oxide::scanner: Reading "C:\\Users\\admin\\Documents\\Payment Project\\v0-payment-gateway-dashboard\\app\\api\\merchant\\stores\\checkout-flow\\route.ts"
2026-04-08T21:04:32.588755Z  INFO tailwindcss_oxide::scanner: Reading "C:\\Users\\admin\\Documents\\Payment Project\\v0-payment-gateway-dashboard\\components\\dashboard\\live-feed.tsx"
2026-04-08T21:04:32.588846Z  INFO tailwindcss_oxide::scanner: Reading "C:\\Users\\admin\\Documents\\Payment Project\\v0-payment-gateway-dashboard\\.env"
2026-04-08T21:04:32.588689Z  INFO tailwindcss_oxide::scanner: Reading "C:\\Users\\admin\\Documents\\Payment Project\\v0-payment-gateway-dashboard\\components\\ui\\dialog.tsx"
2026-04-08T21:04:32.588705Z  INFO tailwindcss_oxide::scanner: Reading "C:\\Users\\admin\\Documents\\Payment Project\\v0-payment-gateway-dashboard\\scripts\\017-capture-mode.sql"
2026-04-08T21:04:32.588827Z  INFO tailwindcss_oxide::scanner: Reading "C:\\Users\\admin\\Documents\\Payment Project\\v0-payment-gateway-dashboard\\components\\ui\\command.tsx"
2026-04-08T21:04:32.588880Z  INFO tailwindcss_oxide::scanner: Reading "C:\\Users\\admin\\Documents\\Payment Project\\v0-payment-gateway-dashboard\\app\\api\\gateway\\checkout\\route.ts"
2026-04-08T21:04:32.588884Z  INFO tailwindcss_oxide::scanner: Reading "C:\\Users\\admin\\Documents\\Payment Project\\v0-payment-gateway-dashboard\\lib\\gateway-recovery.ts"
2026-04-08T21:04:32.588791Z  INFO tailwindcss_oxide::scanner: Reading "C:\\Users\\admin\\Documents\\Payment Project\\v0-payment-gateway-dashboard\\components\\ui\\checkbox.tsx"
2026-04-08T21:04:32.588716Z  INFO tailwindcss_oxide::scanner: Reading "C:\\Users\\admin\\Documents\\Payment Project\\v0-payment-gateway-dashboard\\lib\\vercel-domains.ts"
2026-04-08T21:04:32.588673Z  INFO tailwindcss_oxide::scanner: Reading "C:\\Users\\admin\\Documents\\Payment Project\\v0-payment-gateway-dashboard\\lib\\checkout-flow.ts"
2026-04-08T21:04:32.588929Z  INFO tailwindcss_oxide::scanner: Reading "C:\\Users\\admin\\Documents\\Payment Project\\v0-payment-gateway-dashboard\\lib\\webhook-delivery.ts"
2026-04-08T21:04:32.588781Z  INFO tailwindcss_oxide::scanner: Reading "C:\\Users\\admin\\Documents\\Payment Project\\v0-payment-gateway-dashboard\\next.config.mjs"
2026-04-08T21:04:32.588867Z  INFO tailwindcss_oxide::scanner: Reading "C:\\Users\\admin\\Documents\\Payment Project\\v0-payment-gateway-dashboard\\app\\api\\cron\\reset-volume\\route.ts"
2026-04-08T21:04:32.588707Z  INFO tailwindcss_oxide::scanner: Reading "C:\\Users\\admin\\Documents\\Payment Project\\v0-payment-gateway-dashboard\\app\\transactions\\page.tsx"
2026-04-08T21:04:32.588985Z  INFO tailwindcss_oxide::scanner: Reading "C:\\Users\\admin\\Documents\\Payment Project\\v0-payment-gateway-dashboard\\components\\ui\\chart.tsx"
2026-04-08T21:04:32.588874Z  INFO tailwindcss_oxide::scanner: Reading "C:\\Users\\admin\\Documents\\Payment Project\\v0-payment-gateway-dashboard\\components\\ui\\table.tsx"
2026-04-08T21:04:32.588997Z  INFO tailwindcss_oxide::scanner: Reading "C:\\Users\\admin\\Documents\\Payment Project\\v0-payment-gateway-dashboard\\lib\\utils.ts"
2026-04-08T21:04:32.589000Z  INFO tailwindcss_oxide::scanner: Reading "C:\\Users\\admin\\Documents\\Payment Project\\v0-payment-gateway-dashboard\\postcss.config.mjs"
2026-04-08T21:04:32.589010Z  INFO tailwindcss_oxide::scanner: Reading "C:\\Users\\admin\\Documents\\Payment Project\\v0-payment-gateway-dashboard\\lib\\behavioral-randomization.ts"
2026-04-08T21:04:32.588884Z  INFO tailwindcss_oxide::scanner: Reading "C:\\Users\\admin\\Documents\\Payment Project\\v0-payment-gateway-dashboard\\components\\ui\\hover-card.tsx"
2026-04-08T21:04:32.588914Z  INFO tailwindcss_oxide::scanner: Reading "C:\\Users\\admin\\Documents\\Payment Project\\v0-payment-gateway-dashboard\\app\\privacy\\page.tsx"
2026-04-08T21:04:32.588915Z  INFO tailwindcss_oxide::scanner: Reading "C:\\Users\\admin\\Documents\\Payment Project\\v0-payment-gateway-dashboard\\app\\api\\merchant\\transactions\\[id]\\replay\\route.ts"
2026-04-08T21:04:32.589047Z  INFO tailwindcss_oxide::scanner: Reading "C:\\Users\\admin\\Documents\\Payment Project\\v0-payment-gateway-dashboard\\app\\api\\cron\\recovery\\route.ts"
2026-04-08T21:04:32.589051Z  INFO tailwindcss_oxide::scanner: Reading "C:\\Users\\admin\\Documents\\Payment Project\\v0-payment-gateway-dashboard\\components\\ui\\carousel.tsx"
2026-04-08T21:04:32.588922Z  INFO tailwindcss_oxide::scanner: Reading "C:\\Users\\admin\\Documents\\Payment Project\\v0-payment-gateway-dashboard\\git_log_all.txt"
2026-04-08T21:04:32.589070Z  INFO tailwindcss_oxide::scanner: Reading "C:\\Users\\admin\\Documents\\Payment Project\\v0-payment-gateway-dashboard\\components\\ui\\toaster.tsx"
2026-04-08T21:04:32.589081Z  INFO tailwindcss_oxide::scanner: Reading "C:\\Users\\admin\\Documents\\Payment Project\\v0-payment-gateway-dashboard\\lib\\auth-config.ts"
2026-04-08T21:04:32.589085Z  INFO tailwindcss_oxide::scanner: Reading "C:\\Users\\admin\\Documents\\Payment Project\\v0-payment-gateway-dashboard\\app\\terms\\page.tsx"
2026-04-08T21:04:32.588689Z  INFO tailwindcss_oxide::scanner: Reading "C:\\Users\\admin\\Documents\\Payment Project\\v0-payment-gateway-dashboard\\components\\ui\\calendar.tsx"
2026-04-08T21:04:32.588944Z  INFO tailwindcss_oxide::scanner: Reading "C:\\Users\\admin\\Documents\\Payment Project\\v0-payment-gateway-dashboard\\app\\logs\\page.tsx"
2026-04-08T21:04:32.589114Z  INFO tailwindcss_oxide::scanner: Reading "C:\\Users\\admin\\Documents\\Payment Project\\v0-payment-gateway-dashboard\\components\\ui\\form.tsx"
2026-04-08T21:04:32.589123Z  INFO tailwindcss_oxide::scanner: Reading "C:\\Users\\admin\\Documents\\Payment Project\\v0-payment-gateway-dashboard\\hooks\\use-notifications.ts"
2026-04-08T21:04:32.589131Z  INFO tailwindcss_oxide::scanner: Reading "C:\\Users\\admin\\Documents\\Payment Project\\v0-payment-gateway-dashboard\\components\\ui\\card.tsx"
2026-04-08T21:04:32.588959Z  INFO tailwindcss_oxide::scanner: Reading "C:\\Users\\admin\\Documents\\Payment Project\\v0-payment-gateway-dashboard\\app\\domains\\page.tsx"
2026-04-08T21:04:32.589142Z  INFO tailwindcss_oxide::scanner: Reading "C:\\Users\\admin\\Documents\\Payment Project\\v0-payment-gateway-dashboard\\app\\api\\auth\\change-email\\route.ts"
2026-04-08T21:04:32.589149Z  INFO tailwindcss_oxide::scanner: Reading "C:\\Users\\admin\\Documents\\Payment Project\\v0-payment-gateway-dashboard\\hooks\\use-toast.ts"
2026-04-08T21:04:32.589154Z  INFO tailwindcss_oxide::scanner: Reading "C:\\Users\\admin\\Documents\\Payment Project\\v0-payment-gateway-dashboard\\app\\api\\merchant\\stores\\regenerate-webhook-secret\\route.ts"
2026-04-08T21:04:32.589041Z  INFO tailwindcss_oxide::scanner: Reading "C:\\Users\\admin\\Documents\\Payment Project\\v0-payment-gateway-dashboard\\components\\dashboard\\rotation-logic.tsx"
2026-04-08T21:04:32.589182Z  INFO tailwindcss_oxide::scanner: Reading "C:\\Users\\admin\\Documents\\Payment Project\\v0-payment-gateway-dashboard\\components\\ui\\field.tsx"
2026-04-08T21:04:32.589182Z  INFO tailwindcss_oxide::scanner: Reading "C:\\Users\\admin\\Documents\\Payment Project\\v0-payment-gateway-dashboard\\app\\super-admin\\tenants\\page.tsx"
2026-04-08T21:04:32.589190Z  INFO tailwindcss_oxide::scanner: Reading "C:\\Users\\admin\\Documents\\Payment Project\\v0-payment-gateway-dashboard\\scripts\\encrypt-secrets.mjs"
2026-04-08T21:04:32.588961Z  INFO tailwindcss_oxide::scanner: Reading "C:\\Users\\admin\\Documents\\Payment Project\\v0-payment-gateway-dashboard\\components\\ui\\toast.tsx"
2026-04-08T21:04:32.589208Z  INFO tailwindcss_oxide::scanner: Reading "C:\\Users\\admin\\Documents\\Payment Project\\v0-payment-gateway-dashboard\\components\\ui\\input.tsx"
2026-04-08T21:04:32.588744Z  INFO tailwindcss_oxide::scanner: Reading "C:\\Users\\admin\\Documents\\Payment Project\\v0-payment-gateway-dashboard\\app\\api\\admin\\settings\\test-telegram\\route.ts"
2026-04-08T21:04:32.589220Z  INFO tailwindcss_oxide::scanner: Reading "C:\\Users\\admin\\Documents\\Payment Project\\v0-payment-gateway-dashboard\\app\\api\\gateway\\browser-result\\route.ts"
2026-04-08T21:04:32.589131Z  INFO tailwindcss_oxide::scanner: Reading "C:\\Users\\admin\\Documents\\Payment Project\\v0-payment-gateway-dashboard\\app\\api\\merchant\\rotation-settings\\route.ts"
2026-04-08T21:04:32.589070Z  INFO tailwindcss_oxide::scanner: Reading "C:\\Users\\admin\\Documents\\Payment Project\\v0-payment-gateway-dashboard\\lib\\telegram.ts"
2026-04-08T21:04:32.588957Z  INFO tailwindcss_oxide::scanner: Reading "C:\\Users\\admin\\Documents\\Payment Project\\v0-payment-gateway-dashboard\\app\\api\\admin\\stats\\route.ts"
2026-04-08T21:04:32.589210Z  INFO tailwindcss_oxide::scanner: Reading "C:\\Users\\admin\\Documents\\Payment Project\\v0-payment-gateway-dashboard\\components\\nav\\top-bar.tsx"
2026-04-08T21:04:32.589222Z  INFO tailwindcss_oxide::scanner: Reading "C:\\Users\\admin\\Documents\\Payment Project\\v0-payment-gateway-dashboard\\components\\ui\\button-group.tsx"
2026-04-08T21:04:32.589273Z  INFO tailwindcss_oxide::scanner: Reading "C:\\Users\\admin\\Documents\\Payment Project\\v0-payment-gateway-dashboard\\app\\super-admin\\page.tsx"
2026-04-08T21:04:32.589153Z  INFO tailwindcss_oxide::scanner: Reading "C:\\Users\\admin\\Documents\\Payment Project\\v0-payment-gateway-dashboard\\lib\\encryption.ts"
2026-04-08T21:04:32.588976Z  INFO tailwindcss_oxide::scanner: Reading "C:\\Users\\admin\\Documents\\Payment Project\\v0-payment-gateway-dashboard\\lib\\merchant-rotation.ts"
2026-04-08T21:04:32.589301Z  INFO tailwindcss_oxide::scanner: Reading "C:\\Users\\admin\\Documents\\Payment Project\\v0-payment-gateway-dashboard\\app\\page.tsx"
2026-04-08T21:04:32.589234Z  INFO tailwindcss_oxide::scanner: Reading "C:\\Users\\admin\\Documents\\Payment Project\\v0-payment-gateway-dashboard\\lib\\email.ts"
2026-04-08T21:04:32.589208Z  INFO tailwindcss_oxide::scanner: Reading "C:\\Users\\admin\\Documents\\Payment Project\\v0-payment-gateway-dashboard\\app\\order\\result-client.tsx"
2026-04-08T21:04:32.589244Z  INFO tailwindcss_oxide::scanner: Reading "C:\\Users\\admin\\Documents\\Payment Project\\v0-payment-gateway-dashboard\\app\\api\\admin\\tenants\\route.ts"
2026-04-08T21:04:32.589342Z  INFO tailwindcss_oxide::scanner: Reading "C:\\Users\\admin\\Documents\\Payment Project\\v0-payment-gateway-dashboard\\components\\nav\\notification-bell.tsx"
2026-04-08T21:04:32.589250Z  INFO tailwindcss_oxide::scanner: Reading "C:\\Users\\admin\\Documents\\Payment Project\\v0-payment-gateway-dashboard\\components\\ui\\label.tsx"
2026-04-08T21:04:32.588929Z  INFO tailwindcss_oxide::scanner: Reading "C:\\Users\\admin\\Documents\\Payment Project\\v0-payment-gateway-dashboard\\components\\dashboard\\header.tsx"
2026-04-08T21:04:32.589373Z  INFO tailwindcss_oxide::scanner: Reading "C:\\Users\\admin\\Documents\\Payment Project\\v0-payment-gateway-dashboard\\lib\\neon.ts"
2026-04-08T21:04:32.589377Z  INFO tailwindcss_oxide::scanner: Reading "C:\\Users\\admin\\Documents\\Payment Project\\v0-payment-gateway-dashboard\\app\\order\\success\\page.tsx"
2026-04-08T21:04:32.589387Z  INFO tailwindcss_oxide::scanner: Reading "C:\\Users\\admin\\Documents\\Payment Project\\v0-payment-gateway-dashboard\\lib\\gateway-auth.ts"
2026-04-08T21:04:32.589280Z  INFO tailwindcss_oxide::scanner: Reading "C:\\Users\\admin\\Documents\\Payment Project\\v0-payment-gateway-dashboard\\hooks\\use-mobile.ts"
2026-04-08T21:04:32.589301Z  INFO tailwindcss_oxide::scanner: Reading "C:\\Users\\admin\\Documents\\Payment Project\\v0-payment-gateway-dashboard\\components\\ui\\textarea.tsx"
2026-04-08T21:04:32.589302Z  INFO tailwindcss_oxide::scanner: Reading "C:\\Users\\admin\\Documents\\Payment Project\\v0-payment-gateway-dashboard\\app\\admin\\domains\\page.tsx"
2026-04-08T21:04:32.589421Z  INFO tailwindcss_oxide::scanner: Reading "C:\\Users\\admin\\Documents\\Payment Project\\v0-payment-gateway-dashboard\\components\\ui\\accordion.tsx"
2026-04-08T21:04:32.589309Z  INFO tailwindcss_oxide::scanner: Reading "C:\\Users\\admin\\Documents\\Payment Project\\v0-payment-gateway-dashboard\\eslint.config.mjs"
2026-04-08T21:04:32.589091Z  INFO tailwindcss_oxide::scanner: Reading "C:\\Users\\admin\\Documents\\Payment Project\\v0-payment-gateway-dashboard\\lib\\transaction-status.ts"
2026-04-08T21:04:32.589310Z  INFO tailwindcss_oxide::scanner: Reading "C:\\Users\\admin\\Documents\\Payment Project\\v0-payment-gateway-dashboard\\components\\ui\\slider.tsx"
2026-04-08T21:04:32.589322Z  INFO tailwindcss_oxide::scanner: Reading "C:\\Users\\admin\\Documents\\Payment Project\\v0-payment-gateway-dashboard\\components\\ui\\resizable.tsx"
2026-04-08T21:04:32.589470Z  INFO tailwindcss_oxide::scanner: Reading "C:\\Users\\admin\\Documents\\Payment Project\\v0-payment-gateway-dashboard\\components\\ui\\alert.tsx"
2026-04-08T21:04:32.589350Z  INFO tailwindcss_oxide::scanner: Reading "C:\\Users\\admin\\Documents\\Payment Project\\v0-payment-gateway-dashboard\\components\\domains\\shield-domains-manager.tsx"
2026-04-08T21:04:32.589490Z  INFO tailwindcss_oxide::scanner: Reading "C:\\Users\\admin\\Documents\\Payment Project\\v0-payment-gateway-dashboard\\scripts\\008-admin-overhaul.sql"
2026-04-08T21:04:32.589489Z  INFO tailwindcss_oxide::scanner: Reading "C:\\Users\\admin\\Documents\\Payment Project\\v0-payment-gateway-dashboard\\components\\ui\\tabs.tsx"
2026-04-08T21:04:32.589368Z  INFO tailwindcss_oxide::scanner: Reading "C:\\Users\\admin\\Documents\\Payment Project\\v0-payment-gateway-dashboard\\components\\ui\\breadcrumb.tsx"
2026-04-08T21:04:32.589515Z  INFO tailwindcss_oxide::scanner: Reading "C:\\Users\\admin\\Documents\\Payment Project\\v0-payment-gateway-dashboard\\reflog-dump.txt"
2026-04-08T21:04:32.589257Z  INFO tailwindcss_oxide::scanner: Reading "C:\\Users\\admin\\Documents\\Payment Project\\v0-payment-gateway-dashboard\\components\\dashboard\\transaction-feed.tsx"
2026-04-08T21:04:32.589398Z  INFO tailwindcss_oxide::scanner: Reading "C:\\Users\\admin\\Documents\\Payment Project\\v0-payment-gateway-dashboard\\app\\api\\admin\\audit\\route.ts"
2026-04-08T21:04:32.589442Z  INFO tailwindcss_oxide::scanner: Reading "C:\\Users\\admin\\Documents\\Payment Project\\v0-payment-gateway-dashboard\\components\\ui\\select.tsx"
2026-04-08T21:04:32.589444Z  INFO tailwindcss_oxide::scanner: Reading "C:\\Users\\admin\\Documents\\Payment Project\\v0-payment-gateway-dashboard\\app\\api\\admin\\sessions\\route.ts"
2026-04-08T21:04:32.589564Z  INFO tailwindcss_oxide::scanner: Reading "C:\\Users\\admin\\Documents\\Payment Project\\v0-payment-gateway-dashboard\\scripts\\011-token-blacklist.sql"
2026-04-08T21:04:32.589452Z  INFO tailwindcss_oxide::scanner: Reading "C:\\Users\\admin\\Documents\\Payment Project\\v0-payment-gateway-dashboard\\app\\checkout\\popup\\popup-client.tsx"
2026-04-08T21:04:32.589462Z  INFO tailwindcss_oxide::scanner: Reading "C:\\Users\\admin\\Documents\\Payment Project\\v0-payment-gateway-dashboard\\components\\dashboard\\shield-domains.tsx"
2026-04-08T21:04:32.589464Z  INFO tailwindcss_oxide::scanner: Reading "C:\\Users\\admin\\Documents\\Payment Project\\v0-payment-gateway-dashboard\\app\\api\\admin\\control\\clear-fraud\\route.ts"
2026-04-08T21:04:32.589348Z  INFO tailwindcss_oxide::scanner: Reading "C:\\Users\\admin\\Documents\\Payment Project\\v0-payment-gateway-dashboard\\app\\super-admin\\domains\\page.tsx"
2026-04-08T21:04:32.589618Z  INFO tailwindcss_oxide::scanner: Reading "C:\\Users\\admin\\Documents\\Payment Project\\v0-payment-gateway-dashboard\\app\\api\\admin\\logs\\route.ts"
2026-04-08T21:04:32.589366Z  INFO tailwindcss_oxide::scanner: Reading "C:\\Users\\admin\\Documents\\Payment Project\\v0-payment-gateway-dashboard\\components\\ui\\toggle-group.tsx"
2026-04-08T21:04:32.589589Z  INFO tailwindcss_oxide::scanner: Reading "C:\\Users\\admin\\Documents\\Payment Project\\v0-payment-gateway-dashboard\\app\\docs\\api\\page.tsx"
2026-04-08T21:04:32.589548Z  INFO tailwindcss_oxide::scanner: Reading "C:\\Users\\admin\\Documents\\Payment Project\\v0-payment-gateway-dashboard\\components\\ui\\alert-dialog.tsx"
2026-04-08T21:04:32.589504Z  INFO tailwindcss_oxide::scanner: Reading "C:\\Users\\admin\\Documents\\Payment Project\\v0-payment-gateway-dashboard\\app\\api\\merchant\\analytics\\route.ts"
2026-04-08T21:04:32.589634Z  INFO tailwindcss_oxide::scanner: Reading "C:\\Users\\admin\\Documents\\Payment Project\\v0-payment-gateway-dashboard\\scripts\\012-fraud-blocklist.sql"
2026-04-08T21:04:32.589449Z  INFO tailwindcss_oxide::scanner: Reading "C:\\Users\\admin\\Documents\\Payment Project\\v0-payment-gateway-dashboard\\components\\ui\\kbd.tsx"
2026-04-08T21:04:32.589582Z  INFO tailwindcss_oxide::scanner: Reading "C:\\Users\\admin\\Documents\\Payment Project\\v0-payment-gateway-dashboard\\components\\ui\\badge.tsx"
2026-04-08T21:04:32.589678Z  INFO tailwindcss_oxide::scanner: Reading "C:\\Users\\admin\\Documents\\Payment Project\\v0-payment-gateway-dashboard\\components\\ui\\navigation-menu.tsx"
2026-04-08T21:04:32.589538Z  INFO tailwindcss_oxide::scanner: Reading "C:\\Users\\admin\\Documents\\Payment Project\\v0-payment-gateway-dashboard\\components\\ui\\radio-group.tsx"
2026-04-08T21:04:32.589647Z  INFO tailwindcss_oxide::scanner: Reading "C:\\Users\\admin\\Documents\\Payment Project\\v0-payment-gateway-dashboard\\app\\request-access\\page.tsx"
2026-04-08T21:04:32.589527Z  INFO tailwindcss_oxide::scanner: Reading "C:\\Users\\admin\\Documents\\Payment Project\\v0-payment-gateway-dashboard\\app\\api\\merchant\\telegram\\test\\route.ts"
2026-04-08T21:04:32.589708Z  INFO tailwindcss_oxide::scanner: Reading "C:\\Users\\admin\\Documents\\Payment Project\\v0-payment-gateway-dashboard\\components\\ui\\skeleton.tsx"
2026-04-08T21:04:32.589582Z  INFO tailwindcss_oxide::scanner: Reading "C:\\Users\\admin\\Documents\\Payment Project\\v0-payment-gateway-dashboard\\README.md"
2026-04-08T21:04:32.589696Z  INFO tailwindcss_oxide::scanner: Reading "C:\\Users\\admin\\Documents\\Payment Project\\v0-payment-gateway-dashboard\\app\\api\\merchant\\stores\\regenerate-key\\route.ts"
2026-04-08T21:04:32.589731Z  INFO tailwindcss_oxide::scanner: Reading "C:\\Users\\admin\\Documents\\Payment Project\\v0-payment-gateway-dashboard\\proxy.ts"
2026-04-08T21:04:32.589741Z  INFO tailwindcss_oxide::scanner: Reading "C:\\Users\\admin\\Documents\\Payment Project\\v0-payment-gateway-dashboard\\components\\ui\\item.tsx"
2026-04-08T21:04:32.589749Z  INFO tailwindcss_oxide::scanner: Reading "C:\\Users\\admin\\Documents\\Payment Project\\v0-payment-gateway-dashboard\\components\\ui\\button.tsx"
2026-04-08T21:04:32.589694Z  INFO tailwindcss_oxide::scanner: Reading "C:\\Users\\admin\\Documents\\Payment Project\\v0-payment-gateway-dashboard\\app\\api\\admin\\shield-domains\\route.ts"
2026-04-08T21:04:32.589618Z  INFO tailwindcss_oxide::scanner: Reading "C:\\Users\\admin\\Documents\\Payment Project\\v0-payment-gateway-dashboard\\app\\api\\merchant\\transactions\\[id]\\route.ts"
2026-04-08T21:04:32.589708Z  INFO tailwindcss_oxide::scanner: Reading "C:\\Users\\admin\\Documents\\Payment Project\\v0-payment-gateway-dashboard\\components\\ui\\aspect-ratio.tsx"
2026-04-08T21:04:32.589698Z  INFO tailwindcss_oxide::scanner: Reading "C:\\Users\\admin\\Documents\\Payment Project\\v0-payment-gateway-dashboard\\components\\dashboard\\global-metrics.tsx"
2026-04-08T21:04:32.589801Z  INFO tailwindcss_oxide::scanner: Reading "C:\\Users\\admin\\Documents\\Payment Project\\v0-payment-gateway-dashboard\\app\\api\\merchant\\accounts\\route.ts"
2026-04-08T21:04:32.589700Z  INFO tailwindcss_oxide::scanner: Reading "C:\\Users\\admin\\Documents\\Payment Project\\v0-payment-gateway-dashboard\\app\\order\\cancel\\page.tsx"
2026-04-08T21:04:32.589566Z  INFO tailwindcss_oxide::scanner: Reading "C:\\Users\\admin\\Documents\\Payment Project\\v0-payment-gateway-dashboard\\components\\ui\\toggle.tsx"
2026-04-08T21:04:32.589841Z  INFO tailwindcss_oxide::scanner: Reading "C:\\Users\\admin\\Documents\\Payment Project\\v0-payment-gateway-dashboard\\components\\ui\\spinner.tsx"
2026-04-08T21:04:32.589651Z  INFO tailwindcss_oxide::scanner: Reading "C:\\Users\\admin\\Documents\\Payment Project\\v0-payment-gateway-dashboard\\app\\api\\admin\\gateway-key\\route.ts"
2026-04-08T21:04:32.589853Z  INFO tailwindcss_oxide::scanner: Reading "C:\\Users\\admin\\Documents\\Payment Project\\v0-payment-gateway-dashboard\\components\\ui\\use-mobile.tsx"
2026-04-08T21:04:32.589754Z  INFO tailwindcss_oxide::scanner: Reading "C:\\Users\\admin\\Documents\\Payment Project\\v0-payment-gateway-dashboard\\app\\login\\page.tsx"
2026-04-08T21:04:32.589759Z  INFO tailwindcss_oxide::scanner: Reading "C:\\Users\\admin\\Documents\\Payment Project\\v0-payment-gateway-dashboard\\components\\ui\\scroll-area.tsx"
2026-04-08T21:04:32.589886Z  INFO tailwindcss_oxide::scanner: Reading "C:\\Users\\admin\\Documents\\Payment Project\\v0-payment-gateway-dashboard\\lib\\shield-domain-service.ts"
2026-04-08T21:04:32.589773Z  INFO tailwindcss_oxide::scanner: Reading "C:\\Users\\admin\\Documents\\Payment Project\\v0-payment-gateway-dashboard\\app\\api\\gateway\\capture\\route.ts"
2026-04-08T21:04:32.589781Z  INFO tailwindcss_oxide::scanner: Reading "C:\\Users\\admin\\Documents\\Payment Project\\v0-payment-gateway-dashboard\\app\\api\\merchant\\telegram\\route.ts"
2026-04-08T21:04:32.589914Z  INFO tailwindcss_oxide::scanner: Reading "C:\\Users\\admin\\Documents\\Payment Project\\v0-payment-gateway-dashboard\\docs\\Next.js Merchant Integration Guide.md"
2026-04-08T21:04:32.589922Z  INFO tailwindcss_oxide::scanner: Reading "C:\\Users\\admin\\Documents\\Payment Project\\v0-payment-gateway-dashboard\\components\\ui\\sonner.tsx"
2026-04-08T21:04:32.589925Z  INFO tailwindcss_oxide::scanner: Reading "C:\\Users\\admin\\Documents\\Payment Project\\v0-payment-gateway-dashboard\\app\\api\\admin\\gateway-controls\\route.ts"
2026-04-08T21:04:32.589931Z  INFO tailwindcss_oxide::scanner: Reading "C:\\Users\\admin\\Documents\\Payment Project\\v0-payment-gateway-dashboard\\emails\\WelcomeMerchant.tsx"
2026-04-08T21:04:32.589656Z  INFO tailwindcss_oxide::scanner: Reading "C:\\Users\\admin\\Documents\\Payment Project\\v0-payment-gateway-dashboard\\app\\checkout\\popup\\page.tsx"
2026-04-08T21:04:32.589817Z  INFO tailwindcss_oxide::scanner: Reading "C:\\Users\\admin\\Documents\\Payment Project\\v0-payment-gateway-dashboard\\app\\stores\\page.tsx"
2026-04-08T21:04:32.589965Z  INFO tailwindcss_oxide::scanner: Reading "C:\\Users\\admin\\Documents\\Payment Project\\v0-payment-gateway-dashboard\\app\\api\\admin\\control\\flush-ipn\\route.ts"
2026-04-08T21:04:32.589968Z  INFO tailwindcss_oxide::scanner: Reading "C:\\Users\\admin\\Documents\\Payment Project\\v0-payment-gateway-dashboard\\components\\ui\\separator.tsx"
2026-04-08T21:04:32.589830Z  INFO tailwindcss_oxide::scanner: Reading "C:\\Users\\admin\\Documents\\Payment Project\\v0-payment-gateway-dashboard\\scripts\\018-checkout-flow.sql"
2026-04-08T21:04:32.590050Z  INFO tailwindcss_oxide::scanner: Reading "C:\\Users\\admin\\Documents\\Payment Project\\v0-payment-gateway-dashboard\\components\\ui\\sheet.tsx"
2026-04-08T21:04:32.589506Z  INFO tailwindcss_oxide::scanner: Reading "C:\\Users\\admin\\Documents\\Payment Project\\v0-payment-gateway-dashboard\\components.json"
2026-04-08T21:04:32.589878Z  INFO tailwindcss_oxide::scanner: Reading "C:\\Users\\admin\\Documents\\Payment Project\\v0-payment-gateway-dashboard\\app\\api\\merchant\\logs\\route.ts"
2026-04-08T21:04:32.589803Z  INFO tailwindcss_oxide::scanner: Reading "C:\\Users\\admin\\Documents\\Payment Project\\v0-payment-gateway-dashboard\\components\\ui\\menubar.tsx"
2026-04-08T21:04:32.589917Z  INFO tailwindcss_oxide::scanner: Reading "C:\\Users\\admin\\Documents\\Payment Project\\v0-payment-gateway-dashboard\\vercel.json"
2026-04-08T21:04:32.589804Z  INFO tailwindcss_oxide::scanner: Reading "C:\\Users\\admin\\Documents\\Payment Project\\v0-payment-gateway-dashboard\\app\\api\\merchant\\stores\\route.ts"
2026-04-08T21:04:32.589945Z  INFO tailwindcss_oxide::scanner: Reading "C:\\Users\\admin\\Documents\\Payment Project\\v0-payment-gateway-dashboard\\app\\layout.tsx"
2026-04-08T21:04:32.589827Z  INFO tailwindcss_oxide::scanner: Reading "C:\\Users\\admin\\Documents\\Payment Project\\v0-payment-gateway-dashboard\\lib\\paypal.ts"
2026-04-08T21:04:32.589988Z  INFO tailwindcss_oxide::scanner: Reading "C:\\Users\\admin\\Documents\\Payment Project\\v0-payment-gateway-dashboard\\scripts\\restore.py"
2026-04-08T21:04:32.590150Z  INFO tailwindcss_oxide::scanner: Reading "C:\\Users\\admin\\Documents\\Payment Project\\v0-payment-gateway-dashboard\\components\\dashboard\\merchant-accounts.tsx"
2026-04-08T21:04:32.589993Z  INFO tailwindcss_oxide::scanner: Reading "C:\\Users\\admin\\Documents\\Payment Project\\v0-payment-gateway-dashboard\\app\\api\\admin\\settings\\route.ts"
2026-04-08T21:04:32.589997Z  INFO tailwindcss_oxide::scanner: Reading "C:\\Users\\admin\\Documents\\Payment Project\\v0-payment-gateway-dashboard\\scripts\\004-system-logs.sql"
2026-04-08T21:04:32.590005Z  INFO tailwindcss_oxide::scanner: Reading "C:\\Users\\admin\\Documents\\Payment Project\\v0-payment-gateway-dashboard\\prisma\\schema.prisma"
2026-04-08T21:04:32.590017Z  INFO tailwindcss_oxide::scanner: Reading "C:\\Users\\admin\\Documents\\Payment Project\\v0-payment-gateway-dashboard\\docs\\USER_MANUAL_BILINGUAL.md"
2026-04-08T21:04:32.590019Z  INFO tailwindcss_oxide::scanner: Reading "C:\\Users\\admin\\Documents\\Payment Project\\v0-payment-gateway-dashboard\\scripts\\002-schema-init.sql"
2026-04-08T21:04:32.590024Z  INFO tailwindcss_oxide::scanner: Reading "C:\\Users\\admin\\Documents\\Payment Project\\v0-payment-gateway-dashboard\\components\\dashboard\\connected-stores.tsx"
2026-04-08T21:04:32.590037Z  INFO tailwindcss_oxide::scanner: Reading "C:\\Users\\admin\\Documents\\Payment Project\\v0-payment-gateway-dashboard\\app\\api\\admin\\control\\rotate-domains\\route.ts"
2026-04-08T21:04:32.590241Z  INFO tailwindcss_oxide::scanner: Reading "C:\\Users\\admin\\Documents\\Payment Project\\v0-payment-gateway-dashboard\\components\\ui\\sidebar.tsx"
2026-04-08T21:04:32.590037Z  INFO tailwindcss_oxide::scanner: Reading "C:\\Users\\admin\\Documents\\Payment Project\\v0-payment-gateway-dashboard\\components\\ui\\pagination.tsx"
2026-04-08T21:04:32.590251Z  INFO tailwindcss_oxide::scanner: Reading "C:\\Users\\admin\\Documents\\Payment Project\\v0-payment-gateway-dashboard\\app\\api\\merchant\\stores\\capture-mode\\route.ts"
2026-04-08T21:04:32.590042Z  INFO tailwindcss_oxide::scanner: Reading "C:\\Users\\admin\\Documents\\Payment Project\\v0-payment-gateway-dashboard\\tsconfig.json"
2026-04-08T21:04:32.590263Z  INFO tailwindcss_oxide::scanner: Reading "C:\\Users\\admin\\Documents\\Payment Project\\v0-payment-gateway-dashboard\\scripts\\007-manual-capture.sql"
2026-04-08T21:04:32.589854Z  INFO tailwindcss_oxide::scanner: Reading "C:\\Users\\admin\\Documents\\Payment Project\\v0-payment-gateway-dashboard\\components\\ui\\avatar.tsx"
2026-04-08T21:04:32.590124Z  INFO tailwindcss_oxide::scanner: Reading "C:\\Users\\admin\\Documents\\Payment Project\\v0-payment-gateway-dashboard\\components\\auth\\session-provider.tsx"
2026-04-08T21:04:32.590124Z  INFO tailwindcss_oxide::scanner: Reading "C:\\Users\\admin\\Documents\\Payment Project\\v0-payment-gateway-dashboard\\scripts\\020-webhook-hardening.sql"
2026-04-08T21:04:32.590305Z  INFO tailwindcss_oxide::scanner: Reading "C:\\Users\\admin\\Documents\\Payment Project\\v0-payment-gateway-dashboard\\app\\api\\merchant\\dashboard-stats\\route.ts"
2026-04-08T21:04:32.590185Z  INFO tailwindcss_oxide::scanner: Reading "C:\\Users\\admin\\Documents\\Payment Project\\v0-payment-gateway-dashboard\\types\\next-auth.d.ts"
2026-04-08T21:04:32.590329Z  INFO tailwindcss_oxide::scanner: Reading "C:\\Users\\admin\\Documents\\Payment Project\\v0-payment-gateway-dashboard\\components\\ui\\tooltip.tsx"
2026-04-08T21:04:32.590225Z  INFO tailwindcss_oxide::scanner: Reading "C:\\Users\\admin\\Documents\\Payment Project\\v0-payment-gateway-dashboard\\scripts\\migrate.sql"
2026-04-08T21:04:32.590198Z  INFO tailwindcss_oxide::scanner: Reading "C:\\Users\\admin\\Documents\\Payment Project\\v0-payment-gateway-dashboard\\app\\api\\merchant\\transactions\\capture\\route.ts"
2026-04-08T21:04:32.590351Z  INFO tailwindcss_oxide::scanner: Reading "C:\\Users\\admin\\Documents\\Payment Project\\v0-payment-gateway-dashboard\\scripts\\005-add-proxy-url.sql"
2026-04-08T21:04:32.590309Z  INFO tailwindcss_oxide::scanner: Reading "C:\\Users\\admin\\Documents\\Payment Project\\v0-payment-gateway-dashboard\\components\\ui\\progress.tsx"
2026-04-08T21:04:32.590378Z  INFO tailwindcss_oxide::scanner: Reading "C:\\Users\\admin\\Documents\\Payment Project\\v0-payment-gateway-dashboard\\app\\api\\auth\\[...nextauth]\\route.ts"
2026-04-08T21:04:32.590384Z  INFO tailwindcss_oxide::scanner: Reading "C:\\Users\\admin\\Documents\\Payment Project\\v0-payment-gateway-dashboard\\scripts\\015-email-change-codes.sql"
2026-04-08T21:04:32.590395Z  INFO tailwindcss_oxide::scanner: Reading "C:\\Users\\admin\\Documents\\Payment Project\\v0-payment-gateway-dashboard\\app\\api\\merchant\\stores\\[id]\\route.ts"
2026-04-08T21:04:32.590332Z  INFO tailwindcss_oxide::scanner: Reading "C:\\Users\\admin\\Documents\\Payment Project\\v0-payment-gateway-dashboard\\scripts\\006-warmup-ramp.sql"
2026-04-08T21:04:32.590413Z  INFO tailwindcss_oxide::scanner: Reading "C:\\Users\\admin\\Documents\\Payment Project\\v0-payment-gateway-dashboard\\scripts\\009-system-settings.sql"
2026-04-08T21:04:32.590415Z  INFO tailwindcss_oxide::scanner: Reading "C:\\Users\\admin\\Documents\\Payment Project\\v0-payment-gateway-dashboard\\components\\ui\\use-toast.ts"
2026-04-08T21:04:32.590418Z  INFO tailwindcss_oxide::scanner: Reading "C:\\Users\\admin\\Documents\\Payment Project\\v0-payment-gateway-dashboard\\app\\api\\gateway\\transactions\\[transactionId]\\route.ts"
2026-04-08T21:04:32.590330Z  INFO tailwindcss_oxide::scanner: Reading "C:\\Users\\admin\\Documents\\Payment Project\\v0-payment-gateway-dashboard\\docs\\STORE_WEBHOOK_CONTRACT.md"
2026-04-08T21:04:32.590322Z  INFO tailwindcss_oxide::scanner: Reading "C:\\Users\\admin\\Documents\\Payment Project\\v0-payment-gateway-dashboard\\app\\api\\merchant\\shield-domains\\route.ts"
2026-04-08T21:04:32.590324Z  INFO tailwindcss_oxide::scanner: Reading "C:\\Users\\admin\\Documents\\Payment Project\\v0-payment-gateway-dashboard\\app\\accounts\\page.tsx"
2026-04-08T21:04:32.590464Z  INFO tailwindcss_oxide::scanner: Reading "C:\\Users\\admin\\Documents\\Payment Project\\v0-payment-gateway-dashboard\\app\\settings\\page.tsx"
2026-04-08T21:04:32.590466Z  INFO tailwindcss_oxide::scanner: Reading "C:\\Users\\admin\\Documents\\Payment Project\\v0-payment-gateway-dashboard\\scripts\\013-merchant-masking.sql"
2026-04-08T21:04:32.590459Z  INFO tailwindcss_oxide::scanner: Reading "C:\\Users\\admin\\Documents\\Payment Project\\v0-payment-gateway-dashboard\\scripts\\014-telegram-config.sql"
2026-04-08T21:04:32.590486Z  INFO tailwindcss_oxide::scanner: Reading "C:\\Users\\admin\\Documents\\Payment Project\\v0-payment-gateway-dashboard\\app\\dashboard\\page.tsx"
2026-04-08T21:04:32.590245Z  INFO tailwindcss_oxide::scanner: Reading "C:\\Users\\admin\\Documents\\Payment Project\\v0-payment-gateway-dashboard\\scripts\\003-add-webhook-id.sql"
2026-04-08T21:04:32.590404Z  INFO tailwindcss_oxide::scanner: Reading "C:\\Users\\admin\\Documents\\Payment Project\\v0-payment-gateway-dashboard\\app\\api\\auth\\change-password\\route.ts"
2026-04-08T21:04:32.590522Z  INFO tailwindcss_oxide::scanner: Reading "C:\\Users\\admin\\Documents\\Payment Project\\v0-payment-gateway-dashboard\\components\\theme-provider.tsx"
2026-04-08T21:04:32.590357Z  INFO tailwindcss_oxide::scanner: Reading "C:\\Users\\admin\\Documents\\Payment Project\\v0-payment-gateway-dashboard\\scripts\\010-system-logs-columns.sql"
2026-04-08T21:04:32.590480Z  INFO tailwindcss_oxide::scanner: Reading "C:\\Users\\admin\\Documents\\Payment Project\\v0-payment-gateway-dashboard\\app\\api\\webhook\\paypal\\route.ts"
2026-04-08T21:04:32.590346Z  INFO tailwindcss_oxide::scanner: Reading "C:\\Users\\admin\\Documents\\Payment Project\\v0-payment-gateway-dashboard\\app\\analytics\\page.tsx"
2026-04-08T21:04:32.590185Z  INFO tailwindcss_oxide::scanner: Reading "C:\\Users\\admin\\Documents\\Payment Project\\v0-payment-gateway-dashboard\\app\\api\\gateway\\transactions\\[transactionId]\\replay\\route.ts"
2026-04-08T21:04:32.590210Z  INFO tailwindcss_oxide::scanner: Reading "C:\\Users\\admin\\Documents\\Payment Project\\v0-payment-gateway-dashboard\\scripts\\019-store-webhook-secret.sql"
2026-04-08T21:04:32.590162Z  INFO tailwindcss_oxide::scanner: Reading "C:\\Users\\admin\\Documents\\Payment Project\\v0-payment-gateway-dashboard\\scripts\\seed-users.sql"
2026-04-08T21:04:32.590214Z  INFO tailwindcss_oxide::scanner: Reading "C:\\Users\\admin\\Documents\\Payment Project\\v0-payment-gateway-dashboard\\lib\\store-webhooks.ts"
2026-04-08T21:04:32.590307Z  INFO tailwindcss_oxide::scanner: Reading "C:\\Users\\admin\\Documents\\Payment Project\\v0-payment-gateway-dashboard\\scripts\\seed-users.mjs"
2026-04-08T21:04:32.590456Z  INFO tailwindcss_oxide::scanner: Reading "C:\\Users\\admin\\Documents\\Payment Project\\v0-payment-gateway-dashboard\\app\\api\\merchant\\accounts\\[id]\\route.ts"
2026-04-08T21:04:32.590498Z  INFO tailwindcss_oxide::scanner: Reading "C:\\Users\\admin\\Documents\\Payment Project\\v0-payment-gateway-dashboard\\scripts\\016-rotation-strategy.sql"
2026-04-08T21:04:32.590499Z  INFO tailwindcss_oxide::scanner: Reading "C:\\Users\\admin\\Documents\\Payment Project\\v0-payment-gateway-dashboard\\app\\api\\merchant\\test-connection\\route.ts"
2026-04-08T21:04:32.590526Z  INFO tailwindcss_oxide::scanner: Reading "C:\\Users\\admin\\Documents\\Payment Project\\v0-payment-gateway-dashboard\\app\\api\\gateway\\browser-status\\[transactionId]\\route.ts"
2026-04-08T21:04:32.590988Z  INFO discover_sources: tailwindcss_oxide::scanner: exit
2026-04-08T21:04:32.590999Z  INFO extract_candidates: tailwindcss_oxide::scanner: enter
2026-04-08T21:04:32.591004Z  INFO extract_candidates:parse_all_blobs: tailwindcss_oxide::scanner: enter
2026-04-08T21:04:32.591007Z  INFO extract_candidates:parse_all_blobs:extract: tailwindcss_oxide::scanner: enter
2026-04-08T21:04:32.594510Z  INFO extract_candidates:parse_all_blobs:extract: tailwindcss_oxide::scanner: exit
2026-04-08T21:04:32.594647Z  INFO extract_candidates:parse_all_blobs: tailwindcss_oxide::scanner: exit
2026-04-08T21:04:32.594654Z  INFO extract_candidates:read_all_files: tailwindcss_oxide::scanner: enter
2026-04-08T21:04:32.594657Z  INFO extract_candidates:read_all_files: tailwindcss_oxide::scanner: Reading 2 file(s)
2026-04-08T21:04:32.594791Z  INFO tailwindcss_oxide::scanner: Reading "C:\\Users\\admin\\Documents\\Payment Project\\v0-payment-gateway-dashboard\\styles\\globals.css"
2026-04-08T21:04:32.594795Z  INFO tailwindcss_oxide::scanner: Reading "C:\\Users\\admin\\Documents\\Payment Project\\v0-payment-gateway-dashboard\\app\\globals.css"
2026-04-08T21:04:32.594849Z  INFO extract_candidates:read_all_files: tailwindcss_oxide::scanner: exit
2026-04-08T21:04:32.594862Z  INFO extract_candidates:extract_css_variables: tailwindcss_oxide::scanner: enter
2026-04-08T21:04:32.594866Z  INFO extract_candidates:extract_css_variables:extract: tailwindcss_oxide::scanner: enter
2026-04-08T21:04:32.595245Z  INFO extract_candidates:extract_css_variables:extract: tailwindcss_oxide::scanner: exit
2026-04-08T21:04:32.595260Z  INFO extract_candidates:extract_css_variables: tailwindcss_oxide::scanner: exit
2026-04-08T21:04:32.595768Z  INFO extract_candidates: tailwindcss_oxide::scanner: exit
2026-04-08T21:04:32.597429Z  INFO get_files: tailwindcss_oxide::scanner: enter
2026-04-08T21:04:32.597442Z  INFO get_files:discover_sources: tailwindcss_oxide::scanner: enter
2026-04-08T21:04:32.597446Z  INFO get_files:discover_sources: tailwindcss_oxide::scanner: exit
2026-04-08T21:04:32.597576Z  INFO get_files: tailwindcss_oxide::scanner: exit
2026-04-08T21:04:32.598495Z  INFO get_globs: tailwindcss_oxide::scanner: enter
2026-04-08T21:04:32.598509Z  INFO get_globs: tailwindcss_oxide::scanner: exit
2026-04-08T21:11:33.573057Z  INFO discover_sources: tailwindcss_oxide::scanner: enter
2026-04-08T21:11:33.573124Z  INFO discover_sources:walk_parallel: tailwindcss_oxide::scanner: enter
2026-04-08T21:11:33.586277Z  INFO discover_sources:walk_parallel: tailwindcss_oxide::scanner: exit
2026-04-08T21:11:33.592814Z  INFO discover_sources: tailwindcss_oxide::scanner: Reading "C:\\Users\\admin\\Documents\\Payment Project\\v0-payment-gateway-dashboard\\.env"
2026-04-08T21:11:33.592887Z  INFO discover_sources: tailwindcss_oxide::scanner: exit
2026-04-08T21:11:33.592899Z  INFO extract_candidates: tailwindcss_oxide::scanner: enter
2026-04-08T21:11:33.592904Z  INFO extract_candidates:parse_all_blobs: tailwindcss_oxide::scanner: enter
2026-04-08T21:11:33.592910Z  INFO extract_candidates:parse_all_blobs:extract: tailwindcss_oxide::scanner: enter
2026-04-08T21:11:33.593107Z  INFO extract_candidates:parse_all_blobs:extract: tailwindcss_oxide::scanner: exit
2026-04-08T21:11:33.593124Z  INFO extract_candidates:parse_all_blobs: tailwindcss_oxide::scanner: exit
2026-04-08T21:11:33.593258Z  INFO extract_candidates: tailwindcss_oxide::scanner: exit
2026-04-08T21:11:33.596009Z  INFO get_files: tailwindcss_oxide::scanner: enter
2026-04-08T21:11:33.596036Z  INFO get_files:discover_sources: tailwindcss_oxide::scanner: enter
2026-04-08T21:11:33.596042Z  INFO get_files:discover_sources: tailwindcss_oxide::scanner: exit
2026-04-08T21:11:33.596214Z  INFO get_files: tailwindcss_oxide::scanner: exit
2026-04-08T21:11:33.596759Z  INFO get_globs: tailwindcss_oxide::scanner: enter
2026-04-08T21:11:33.596772Z  INFO get_globs: tailwindcss_oxide::scanner: exit
2026-04-08T21:37:38.164385Z  INFO discover_sources: tailwindcss_oxide::scanner: enter
2026-04-08T21:37:38.164463Z  INFO discover_sources:walk_parallel: tailwindcss_oxide::scanner: enter
2026-04-08T21:37:38.175446Z  INFO discover_sources:walk_parallel: tailwindcss_oxide::scanner: exit
2026-04-08T21:37:38.179833Z  INFO tailwindcss_oxide::scanner: Reading "C:\\Users\\admin\\Documents\\Payment Project\\v0-payment-gateway-dashboard\\app\\api\\merchant\\stores\\regenerate-webhook-secret\\route.ts"
2026-04-08T21:37:38.179859Z  INFO tailwindcss_oxide::scanner: Reading "C:\\Users\\admin\\Documents\\Payment Project\\v0-payment-gateway-dashboard\\app\\api\\merchant\\stores\\regenerate-key\\route.ts"
2026-04-08T21:37:38.179929Z  INFO discover_sources: tailwindcss_oxide::scanner: exit
2026-04-08T21:37:38.179942Z  INFO extract_candidates: tailwindcss_oxide::scanner: enter
2026-04-08T21:37:38.179946Z  INFO extract_candidates:parse_all_blobs: tailwindcss_oxide::scanner: enter
2026-04-08T21:37:38.179950Z  INFO extract_candidates:parse_all_blobs:extract: tailwindcss_oxide::scanner: enter
2026-04-08T21:37:38.180075Z  INFO extract_candidates:parse_all_blobs:extract: tailwindcss_oxide::scanner: exit
2026-04-08T21:37:38.180090Z  INFO extract_candidates:parse_all_blobs: tailwindcss_oxide::scanner: exit
2026-04-08T21:37:38.180221Z  INFO extract_candidates: tailwindcss_oxide::scanner: exit
2026-04-08T21:37:38.182023Z  INFO get_files: tailwindcss_oxide::scanner: enter
2026-04-08T21:37:38.182034Z  INFO get_files:discover_sources: tailwindcss_oxide::scanner: enter
2026-04-08T21:37:38.182038Z  INFO get_files:discover_sources: tailwindcss_oxide::scanner: exit
2026-04-08T21:37:38.182137Z  INFO get_files: tailwindcss_oxide::scanner: exit
2026-04-08T21:37:38.183015Z  INFO get_globs: tailwindcss_oxide::scanner: enter
2026-04-08T21:37:38.183033Z  INFO get_globs: tailwindcss_oxide::scanner: exit
2026-04-08T21:38:49.183544Z  INFO discover_sources: tailwindcss_oxide::scanner: enter
2026-04-08T21:38:49.183572Z  INFO discover_sources:walk_parallel: tailwindcss_oxide::scanner: enter
2026-04-08T21:38:49.192441Z  INFO discover_sources:walk_parallel: tailwindcss_oxide::scanner: exit
2026-04-08T21:38:49.197763Z  INFO discover_sources: tailwindcss_oxide::scanner: Reading "C:\\Users\\admin\\Documents\\Payment Project\\v0-payment-gateway-dashboard\\app\\stores\\page.tsx"
2026-04-08T21:38:49.197829Z  INFO discover_sources: tailwindcss_oxide::scanner: exit
2026-04-08T21:38:49.197842Z  INFO extract_candidates: tailwindcss_oxide::scanner: enter
2026-04-08T21:38:49.197846Z  INFO extract_candidates:parse_all_blobs: tailwindcss_oxide::scanner: enter
2026-04-08T21:38:49.197850Z  INFO extract_candidates:parse_all_blobs:extract: tailwindcss_oxide::scanner: enter
2026-04-08T21:38:49.198313Z  INFO extract_candidates:parse_all_blobs:extract: tailwindcss_oxide::scanner: exit
2026-04-08T21:38:49.198463Z  INFO extract_candidates:parse_all_blobs: tailwindcss_oxide::scanner: exit
2026-04-08T21:38:49.198613Z  INFO extract_candidates: tailwindcss_oxide::scanner: exit
2026-04-08T21:38:49.200589Z  INFO get_files: tailwindcss_oxide::scanner: enter
2026-04-08T21:38:49.200609Z  INFO get_files:discover_sources: tailwindcss_oxide::scanner: enter
2026-04-08T21:38:49.200614Z  INFO get_files:discover_sources: tailwindcss_oxide::scanner: exit
2026-04-08T21:38:49.200771Z  INFO get_files: tailwindcss_oxide::scanner: exit
2026-04-08T21:38:49.201265Z  INFO get_globs: tailwindcss_oxide::scanner: enter
2026-04-08T21:38:49.201278Z  INFO get_globs: tailwindcss_oxide::scanner: exit
2026-04-08T21:38:59.562540Z  INFO discover_sources: tailwindcss_oxide::scanner: enter
2026-04-08T21:38:59.562571Z  INFO discover_sources:walk_parallel: tailwindcss_oxide::scanner: enter
2026-04-08T21:38:59.573993Z  INFO discover_sources:walk_parallel: tailwindcss_oxide::scanner: exit
2026-04-08T21:38:59.578758Z  INFO discover_sources: tailwindcss_oxide::scanner: Reading "C:\\Users\\admin\\Documents\\Payment Project\\v0-payment-gateway-dashboard\\app\\stores\\page.tsx"
2026-04-08T21:38:59.578790Z  INFO discover_sources: tailwindcss_oxide::scanner: exit
2026-04-08T21:38:59.578798Z  INFO extract_candidates: tailwindcss_oxide::scanner: enter
2026-04-08T21:38:59.578802Z  INFO extract_candidates:parse_all_blobs: tailwindcss_oxide::scanner: enter
2026-04-08T21:38:59.578805Z  INFO extract_candidates:parse_all_blobs:extract: tailwindcss_oxide::scanner: enter
2026-04-08T21:38:59.579158Z  INFO extract_candidates:parse_all_blobs:extract: tailwindcss_oxide::scanner: exit
2026-04-08T21:38:59.579173Z  INFO extract_candidates:parse_all_blobs: tailwindcss_oxide::scanner: exit
2026-04-08T21:38:59.579277Z  INFO extract_candidates: tailwindcss_oxide::scanner: exit
2026-04-08T21:38:59.580835Z  INFO get_files: tailwindcss_oxide::scanner: enter
2026-04-08T21:38:59.580851Z  INFO get_files:discover_sources: tailwindcss_oxide::scanner: enter
2026-04-08T21:38:59.580855Z  INFO get_files:discover_sources: tailwindcss_oxide::scanner: exit
2026-04-08T21:38:59.580961Z  INFO get_files: tailwindcss_oxide::scanner: exit
2026-04-08T21:38:59.581443Z  INFO get_globs: tailwindcss_oxide::scanner: enter
2026-04-08T21:38:59.581453Z  INFO get_globs: tailwindcss_oxide::scanner: exit
2026-04-08T21:39:12.459109Z  INFO discover_sources: tailwindcss_oxide::scanner: enter
2026-04-08T21:39:12.459131Z  INFO discover_sources:walk_parallel: tailwindcss_oxide::scanner: enter
2026-04-08T21:39:12.472455Z  INFO discover_sources:walk_parallel: tailwindcss_oxide::scanner: exit
2026-04-08T21:39:12.477579Z  INFO discover_sources: tailwindcss_oxide::scanner: Reading "C:\\Users\\admin\\Documents\\Payment Project\\v0-payment-gateway-dashboard\\app\\stores\\page.tsx"
2026-04-08T21:39:12.477643Z  INFO discover_sources: tailwindcss_oxide::scanner: exit
2026-04-08T21:39:12.477656Z  INFO extract_candidates: tailwindcss_oxide::scanner: enter
2026-04-08T21:39:12.477663Z  INFO extract_candidates:parse_all_blobs: tailwindcss_oxide::scanner: enter
2026-04-08T21:39:12.477668Z  INFO extract_candidates:parse_all_blobs:extract: tailwindcss_oxide::scanner: enter
2026-04-08T21:39:12.478109Z  INFO extract_candidates:parse_all_blobs:extract: tailwindcss_oxide::scanner: exit
2026-04-08T21:39:12.478125Z  INFO extract_candidates:parse_all_blobs: tailwindcss_oxide::scanner: exit
2026-04-08T21:39:12.478253Z  INFO extract_candidates: tailwindcss_oxide::scanner: exit
2026-04-08T21:39:12.479925Z  INFO get_files: tailwindcss_oxide::scanner: enter
2026-04-08T21:39:12.479945Z  INFO get_files:discover_sources: tailwindcss_oxide::scanner: enter
2026-04-08T21:39:12.479949Z  INFO get_files:discover_sources: tailwindcss_oxide::scanner: exit
2026-04-08T21:39:12.480075Z  INFO get_files: tailwindcss_oxide::scanner: exit
2026-04-08T21:39:12.480615Z  INFO get_globs: tailwindcss_oxide::scanner: enter
2026-04-08T21:39:12.480628Z  INFO get_globs: tailwindcss_oxide::scanner: exit
2026-04-08T21:39:52.656097Z  INFO discover_sources: tailwindcss_oxide::scanner: enter
2026-04-08T21:39:52.656135Z  INFO discover_sources:walk_parallel: tailwindcss_oxide::scanner: enter
2026-04-08T21:39:52.665786Z  INFO discover_sources:walk_parallel: tailwindcss_oxide::scanner: exit
2026-04-08T21:39:52.673543Z  INFO discover_sources: tailwindcss_oxide::scanner: Reading "C:\\Users\\admin\\Documents\\Payment Project\\v0-payment-gateway-dashboard\\app\\stores\\page.tsx"
2026-04-08T21:39:52.673596Z  INFO discover_sources: tailwindcss_oxide::scanner: exit
2026-04-08T21:39:52.673609Z  INFO extract_candidates: tailwindcss_oxide::scanner: enter
2026-04-08T21:39:52.673614Z  INFO extract_candidates:parse_all_blobs: tailwindcss_oxide::scanner: enter
2026-04-08T21:39:52.673617Z  INFO extract_candidates:parse_all_blobs:extract: tailwindcss_oxide::scanner: enter
2026-04-08T21:39:52.674421Z  INFO extract_candidates:parse_all_blobs:extract: tailwindcss_oxide::scanner: exit
2026-04-08T21:39:52.674440Z  INFO extract_candidates:parse_all_blobs: tailwindcss_oxide::scanner: exit
2026-04-08T21:39:52.674558Z  INFO extract_candidates: tailwindcss_oxide::scanner: exit
2026-04-08T21:39:52.677298Z  INFO get_files: tailwindcss_oxide::scanner: enter
2026-04-08T21:39:52.677357Z  INFO get_files:discover_sources: tailwindcss_oxide::scanner: enter
2026-04-08T21:39:52.677367Z  INFO get_files:discover_sources: tailwindcss_oxide::scanner: exit
2026-04-08T21:39:52.677888Z  INFO get_files: tailwindcss_oxide::scanner: exit
2026-04-08T21:39:52.678816Z  INFO get_globs: tailwindcss_oxide::scanner: enter
2026-04-08T21:39:52.678855Z  INFO get_globs: tailwindcss_oxide::scanner: exit
2026-04-08T21:40:11.334358Z  INFO discover_sources: tailwindcss_oxide::scanner: enter
2026-04-08T21:40:11.334388Z  INFO discover_sources:walk_parallel: tailwindcss_oxide::scanner: enter
2026-04-08T21:40:11.342439Z  INFO discover_sources:walk_parallel: tailwindcss_oxide::scanner: exit
2026-04-08T21:40:11.347646Z  INFO discover_sources: tailwindcss_oxide::scanner: Reading "C:\\Users\\admin\\Documents\\Payment Project\\v0-payment-gateway-dashboard\\app\\stores\\page.tsx"
2026-04-08T21:40:11.347700Z  INFO discover_sources: tailwindcss_oxide::scanner: exit
2026-04-08T21:40:11.347711Z  INFO extract_candidates: tailwindcss_oxide::scanner: enter
2026-04-08T21:40:11.347717Z  INFO extract_candidates:parse_all_blobs: tailwindcss_oxide::scanner: enter
2026-04-08T21:40:11.347722Z  INFO extract_candidates:parse_all_blobs:extract: tailwindcss_oxide::scanner: enter
2026-04-08T21:40:11.348160Z  INFO extract_candidates:parse_all_blobs:extract: tailwindcss_oxide::scanner: exit
2026-04-08T21:40:11.348177Z  INFO extract_candidates:parse_all_blobs: tailwindcss_oxide::scanner: exit
2026-04-08T21:40:11.348333Z  INFO extract_candidates: tailwindcss_oxide::scanner: exit
2026-04-08T21:40:11.350429Z  INFO get_files: tailwindcss_oxide::scanner: enter
2026-04-08T21:40:11.350454Z  INFO get_files:discover_sources: tailwindcss_oxide::scanner: enter
2026-04-08T21:40:11.350459Z  INFO get_files:discover_sources: tailwindcss_oxide::scanner: exit
2026-04-08T21:40:11.350595Z  INFO get_files: tailwindcss_oxide::scanner: exit
2026-04-08T21:40:11.351495Z  INFO get_globs: tailwindcss_oxide::scanner: enter
2026-04-08T21:40:11.351519Z  INFO get_globs: tailwindcss_oxide::scanner: exit
2026-04-08T21:40:16.919636Z  INFO discover_sources: tailwindcss_oxide::scanner: enter
2026-04-08T21:40:16.919676Z  INFO discover_sources:walk_parallel: tailwindcss_oxide::scanner: enter
2026-04-08T21:40:16.928924Z  INFO discover_sources:walk_parallel: tailwindcss_oxide::scanner: exit
2026-04-08T21:40:16.935775Z  INFO discover_sources: tailwindcss_oxide::scanner: Reading "C:\\Users\\admin\\Documents\\Payment Project\\v0-payment-gateway-dashboard\\app\\stores\\page.tsx"
2026-04-08T21:40:16.935823Z  INFO discover_sources: tailwindcss_oxide::scanner: exit
2026-04-08T21:40:16.935830Z  INFO extract_candidates: tailwindcss_oxide::scanner: enter
2026-04-08T21:40:16.935834Z  INFO extract_candidates:parse_all_blobs: tailwindcss_oxide::scanner: enter
2026-04-08T21:40:16.935838Z  INFO extract_candidates:parse_all_blobs:extract: tailwindcss_oxide::scanner: enter
2026-04-08T21:40:16.936495Z  INFO extract_candidates:parse_all_blobs:extract: tailwindcss_oxide::scanner: exit
2026-04-08T21:40:16.936513Z  INFO extract_candidates:parse_all_blobs: tailwindcss_oxide::scanner: exit
2026-04-08T21:40:16.936726Z  INFO extract_candidates: tailwindcss_oxide::scanner: exit
2026-04-08T21:40:16.938997Z  INFO get_files: tailwindcss_oxide::scanner: enter
2026-04-08T21:40:16.939027Z  INFO get_files:discover_sources: tailwindcss_oxide::scanner: enter
2026-04-08T21:40:16.939035Z  INFO get_files:discover_sources: tailwindcss_oxide::scanner: exit
2026-04-08T21:40:16.939341Z  INFO get_files: tailwindcss_oxide::scanner: exit
2026-04-08T21:40:16.939973Z  INFO get_globs: tailwindcss_oxide::scanner: enter
2026-04-08T21:40:16.939992Z  INFO get_globs: tailwindcss_oxide::scanner: exit
2026-04-08T21:41:13.676639Z  INFO discover_sources: tailwindcss_oxide::scanner: enter
2026-04-08T21:41:13.676677Z  INFO discover_sources:walk_parallel: tailwindcss_oxide::scanner: enter
2026-04-08T21:41:13.686667Z  INFO discover_sources:walk_parallel: tailwindcss_oxide::scanner: exit
2026-04-08T21:41:13.691453Z  INFO discover_sources: tailwindcss_oxide::scanner: Reading "C:\\Users\\admin\\Documents\\Payment Project\\v0-payment-gateway-dashboard\\app\\stores\\page.tsx"
2026-04-08T21:41:13.691497Z  INFO discover_sources: tailwindcss_oxide::scanner: exit
2026-04-08T21:41:13.691505Z  INFO extract_candidates: tailwindcss_oxide::scanner: enter
2026-04-08T21:41:13.691509Z  INFO extract_candidates:parse_all_blobs: tailwindcss_oxide::scanner: enter
2026-04-08T21:41:13.691512Z  INFO extract_candidates:parse_all_blobs:extract: tailwindcss_oxide::scanner: enter
2026-04-08T21:41:13.691885Z  INFO extract_candidates:parse_all_blobs:extract: tailwindcss_oxide::scanner: exit
2026-04-08T21:41:13.691900Z  INFO extract_candidates:parse_all_blobs: tailwindcss_oxide::scanner: exit
2026-04-08T21:41:13.692019Z  INFO extract_candidates: tailwindcss_oxide::scanner: exit
2026-04-08T21:41:13.693762Z  INFO get_files: tailwindcss_oxide::scanner: enter
2026-04-08T21:41:13.693780Z  INFO get_files:discover_sources: tailwindcss_oxide::scanner: enter
2026-04-08T21:41:13.693785Z  INFO get_files:discover_sources: tailwindcss_oxide::scanner: exit
2026-04-08T21:41:13.693898Z  INFO get_files: tailwindcss_oxide::scanner: exit
2026-04-08T21:41:13.694375Z  INFO get_globs: tailwindcss_oxide::scanner: enter
2026-04-08T21:41:13.694386Z  INFO get_globs: tailwindcss_oxide::scanner: exit
2026-04-08T21:41:56.133326Z  INFO discover_sources: tailwindcss_oxide::scanner: enter
2026-04-08T21:41:56.133355Z  INFO discover_sources:walk_parallel: tailwindcss_oxide::scanner: enter
2026-04-08T21:41:56.140935Z  INFO discover_sources:walk_parallel: tailwindcss_oxide::scanner: exit
2026-04-08T21:41:56.149704Z  INFO discover_sources: tailwindcss_oxide::scanner: Reading "C:\\Users\\admin\\Documents\\Payment Project\\v0-payment-gateway-dashboard\\app\\stores\\page.tsx"
2026-04-08T21:41:56.149737Z  INFO discover_sources: tailwindcss_oxide::scanner: exit
2026-04-08T21:41:56.149744Z  INFO extract_candidates: tailwindcss_oxide::scanner: enter
2026-04-08T21:41:56.149747Z  INFO extract_candidates:parse_all_blobs: tailwindcss_oxide::scanner: enter
2026-04-08T21:41:56.149750Z  INFO extract_candidates:parse_all_blobs:extract: tailwindcss_oxide::scanner: enter
2026-04-08T21:41:56.150176Z  INFO extract_candidates:parse_all_blobs:extract: tailwindcss_oxide::scanner: exit
2026-04-08T21:41:56.150191Z  INFO extract_candidates:parse_all_blobs: tailwindcss_oxide::scanner: exit
2026-04-08T21:41:56.150330Z  INFO extract_candidates: tailwindcss_oxide::scanner: exit
2026-04-08T21:41:56.152182Z  INFO get_files: tailwindcss_oxide::scanner: enter
2026-04-08T21:41:56.152198Z  INFO get_files:discover_sources: tailwindcss_oxide::scanner: enter
2026-04-08T21:41:56.152203Z  INFO get_files:discover_sources: tailwindcss_oxide::scanner: exit
2026-04-08T21:41:56.152305Z  INFO get_files: tailwindcss_oxide::scanner: exit
2026-04-08T21:41:56.152791Z  INFO get_globs: tailwindcss_oxide::scanner: enter
2026-04-08T21:41:56.152801Z  INFO get_globs: tailwindcss_oxide::scanner: exit
2026-04-08T21:47:03.268645Z  INFO discover_sources: tailwindcss_oxide::scanner: enter
2026-04-08T21:47:03.268692Z  INFO discover_sources:walk_parallel: tailwindcss_oxide::scanner: enter
2026-04-08T21:47:03.276467Z  INFO discover_sources:walk_parallel: tailwindcss_oxide::scanner: exit
2026-04-08T21:47:03.281568Z  INFO discover_sources: tailwindcss_oxide::scanner: Reading "C:\\Users\\admin\\Documents\\Payment Project\\v0-payment-gateway-dashboard\\.env"
2026-04-08T21:47:03.281610Z  INFO discover_sources: tailwindcss_oxide::scanner: exit
2026-04-08T21:47:03.281618Z  INFO extract_candidates: tailwindcss_oxide::scanner: enter
2026-04-08T21:47:03.281621Z  INFO extract_candidates:parse_all_blobs: tailwindcss_oxide::scanner: enter
2026-04-08T21:47:03.281625Z  INFO extract_candidates:parse_all_blobs:extract: tailwindcss_oxide::scanner: enter
2026-04-08T21:47:03.281763Z  INFO extract_candidates:parse_all_blobs:extract: tailwindcss_oxide::scanner: exit
2026-04-08T21:47:03.281780Z  INFO extract_candidates:parse_all_blobs: tailwindcss_oxide::scanner: exit
2026-04-08T21:47:03.281903Z  INFO extract_candidates: tailwindcss_oxide::scanner: exit
2026-04-08T21:47:03.283949Z  INFO get_files: tailwindcss_oxide::scanner: enter
2026-04-08T21:47:03.283970Z  INFO get_files:discover_sources: tailwindcss_oxide::scanner: enter
2026-04-08T21:47:03.283974Z  INFO get_files:discover_sources: tailwindcss_oxide::scanner: exit
2026-04-08T21:47:03.284101Z  INFO get_files: tailwindcss_oxide::scanner: exit
2026-04-08T21:47:03.284967Z  INFO get_globs: tailwindcss_oxide::scanner: enter
2026-04-08T21:47:03.284985Z  INFO get_globs: tailwindcss_oxide::scanner: exit
